============================= test session starts =============================
platform win32 -- Python 3.13.9, pytest-9.1.1, pluggy-1.6.0 -- C:\Users\Vishesh\AppData\Local\Temp\sdlc_sandbox\venv\Scripts\python.exe
cachedir: .pytest_cache
rootdir: C:\Users\Vishesh\AppData\Local\Temp\backend_workspaces\SCRUM-587\repo
plugins: anyio-4.14.2, cov-7.1.0
collecting ... collected 27 items

server/tests/test_auth.py::test_dummy_login_success_with_testuser FAILED [  3%]
server/tests/test_auth.py::test_dummy_login_success_with_seeded_user FAILED [  7%]
server/tests/test_auth.py::test_dummy_login_failure_invalid_credentials FAILED [ 11%]
server/tests/test_mortgage.py::test_get_mortgage_details FAILED          [ 14%]
server/tests/test_mortgage.py::test_get_funding_accounts FAILED          [ 18%]
server/tests/test_mortgage.py::test_validate_account_balance_success FAILED [ 22%]
server/tests/test_mortgage.py::test_validate_account_balance_insufficient FAILED [ 25%]
server/tests/test_mortgage.py::test_submit_payment_success FAILED        [ 29%]
server/tests/test_mortgage.py::test_submit_payment_updates_balance FAILED [ 33%]
server/tests/test_mortgage.py::test_get_payment_receipt FAILED           [ 37%]
server/tests/test_mortgage.py::test_get_scheduled_payments FAILED        [ 40%]
server/tests/test_mortgage.py::test_submit_payment_insufficient_funds FAILED [ 44%]
server/tests/test_mortgage.py::test_submit_payment_fiserv_timeout FAILED [ 48%]
server/tests/test_mortgage.py::test_submit_payment_cenlar_rejection FAILED [ 51%]
server/tests/test_mortgage.py::test_submit_payment_duplicate_warning FAILED [ 55%]
test_acceptance_qa.py::test_get_mortgage_details PASSED                  [ 59%]
test_acceptance_qa.py::test_get_funding_accounts PASSED                  [ 62%]
test_acceptance_qa.py::test_validate_account_balance_success PASSED      [ 66%]
test_acceptance_qa.py::test_validate_account_balance_insufficient PASSED [ 70%]
test_acceptance_qa.py::test_validate_account_balance_fiserv_timeout PASSED [ 74%]
test_acceptance_qa.py::test_submit_payment_success PASSED                [ 77%]
test_acceptance_qa.py::test_submit_payment_updates_balance PASSED        [ 81%]
test_acceptance_qa.py::test_get_payment_receipt PASSED                   [ 85%]
test_acceptance_qa.py::test_get_scheduled_payments PASSED                [ 88%]
test_acceptance_qa.py::test_submit_payment_insufficient_funds PASSED     [ 92%]
test_acceptance_qa.py::test_submit_payment_cenlar_rejection PASSED       [ 96%]
test_acceptance_qa.py::test_submit_payment_duplicate_warning PASSED      [100%]

================================== FAILURES ===================================
___________________ test_dummy_login_success_with_testuser ____________________

self = <sqlalchemy.engine.base.Connection object at 0x000002221D4E3650>
dialect = <sqlalchemy.dialects.sqlite.pysqlite.SQLiteDialect_pysqlite object at 0x000002221D3F4550>
context = <sqlalchemy.dialects.sqlite.base.SQLiteExecutionContext object at 0x000002221D468830>
statement = <sqlalchemy.dialects.sqlite.base.SQLiteCompiler object at 0x000002221D4D2FD0>
parameters = [('test@example.com', 1, 0)]

    def _exec_single_context(
        self,
        dialect: Dialect,
        context: ExecutionContext,
        statement: Union[str, Compiled],
        parameters: Optional[_AnyMultiExecuteParams],
    ) -> CursorResult[Any]:
        """continue the _execute_context() method for a single DBAPI
        cursor.execute() or cursor.executemany() call.
    
        """
        if dialect.bind_typing is BindTyping.SETINPUTSIZES:
            generic_setinputsizes = context._prepare_set_input_sizes()
    
            if generic_setinputsizes:
                try:
                    dialect.do_set_input_sizes(
                        context.cursor, generic_setinputsizes, context
                    )
                except BaseException as e:
                    self._handle_dbapi_exception(
                        e, str(statement), parameters, None, context
                    )
    
        cursor, str_statement, parameters = (
            context.cursor,
            context.statement,
            context.parameters,
        )
    
        effective_parameters: Optional[_AnyExecuteParams]
    
        if not context.executemany:
            effective_parameters = parameters[0]
        else:
            effective_parameters = parameters
    
        if self._has_events or self.engine._has_events:
            for fn in self.dispatch.before_cursor_execute:
                str_statement, effective_parameters = fn(
                    self,
                    cursor,
                    str_statement,
                    effective_parameters,
                    context,
                    context.executemany,
                )
    
        if self._echo:
            self._log_info(str_statement)
    
            stats = context._get_cache_stats()
    
            if not self.engine.hide_parameters:
                self._log_info(
                    "[%s] %r",
                    stats,
                    sql_util._repr_params(
                        effective_parameters,
                        batches=10,
                        ismulti=context.executemany,
                    ),
                )
            else:
                self._log_info(
                    "[%s] [SQL parameters hidden due to hide_parameters=True]",
                    stats,
                )
    
        evt_handled: bool = False
        try:
            if context.execute_style is ExecuteStyle.EXECUTEMANY:
                effective_parameters = cast(
                    "_CoreMultiExecuteParams", effective_parameters
                )
                if self.dialect._has_events:
                    for fn in self.dialect.dispatch.do_executemany:
                        if fn(
                            cursor,
                            str_statement,
                            effective_parameters,
                            context,
                        ):
                            evt_handled = True
                            break
                if not evt_handled:
                    self.dialect.do_executemany(
                        cursor,
                        str_statement,
                        effective_parameters,
                        context,
                    )
            elif not effective_parameters and context.no_parameters:
                if self.dialect._has_events:
                    for fn in self.dialect.dispatch.do_execute_no_params:
                        if fn(cursor, str_statement, context):
                            evt_handled = True
                            break
                if not evt_handled:
                    self.dialect.do_execute_no_params(
                        cursor, str_statement, context
                    )
            else:
                effective_parameters = cast(
                    "_CoreSingleExecuteParams", effective_parameters
                )
                if self.dialect._has_events:
                    for fn in self.dialect.dispatch.do_execute:
                        if fn(
                            cursor,
                            str_statement,
                            effective_parameters,
                            context,
                        ):
                            evt_handled = True
                            break
                if not evt_handled:
>                   self.dialect.do_execute(
                        cursor, str_statement, effective_parameters, context
                    )

..\..\..\sdlc_sandbox\venv\Lib\site-packages\sqlalchemy\engine\base.py:1969: 
_ _ _ _ _ _ _ _ _ _ _ _ _ _ _ _ _ _ _ _ _ _ _ _ _ _ _ _ _ _ _ _ _ _ _ _ _ _ _ _

self = <sqlalchemy.dialects.sqlite.pysqlite.SQLiteDialect_pysqlite object at 0x000002221D3F4550>
cursor = <sqlite3.Cursor object at 0x000002221D512EC0>
statement = 'SELECT users.id AS users_id, users.email AS users_email, users.hashed_password AS users_hashed_password, users.role A...fied AS users_email_verified, users.disabled AS users_disabled \nFROM users \nWHERE users.email = ?\n LIMIT ? OFFSET ?'
parameters = ('test@example.com', 1, 0)
context = <sqlalchemy.dialects.sqlite.base.SQLiteExecutionContext object at 0x000002221D468830>

    def do_execute(self, cursor, statement, parameters, context=None):
>       cursor.execute(statement, parameters)
E       sqlite3.OperationalError: no such table: users

..\..\..\sdlc_sandbox\venv\Lib\site-packages\sqlalchemy\engine\default.py:952: OperationalError

The above exception was the direct cause of the following exception:

client = <starlette.testclient.TestClient object at 0x000002221D3F1160>

    def test_dummy_login_success_with_testuser(client: TestClient):
        # AC: Customer can authenticate with dummy credentials
>       response = client.post(
            "/auth/dummy-login", json={"username": "testuser", "password": "password"}
        )

server\tests\test_auth.py:6: 
_ _ _ _ _ _ _ _ _ _ _ _ _ _ _ _ _ _ _ _ _ _ _ _ _ _ _ _ _ _ _ _ _ _ _ _ _ _ _ _
..\..\..\sdlc_sandbox\venv\Lib\site-packages\starlette\testclient.py:555: in post
    return super().post(
..\..\..\sdlc_sandbox\venv\Lib\site-packages\httpx\_client.py:1144: in post
    return self.request(
..\..\..\sdlc_sandbox\venv\Lib\site-packages\starlette\testclient.py:454: in request
    return super().request(
..\..\..\sdlc_sandbox\venv\Lib\site-packages\httpx\_client.py:825: in request
    return self.send(request, auth=auth, follow_redirects=follow_redirects)
           ^^^^^^^^^^^^^^^^^^^^^^^^^^^^^^^^^^^^^^^^^^^^^^^^^^^^^^^^^^^^^^^^
..\..\..\sdlc_sandbox\venv\Lib\site-packages\httpx\_client.py:914: in send
    response = self._send_handling_auth(
..\..\..\sdlc_sandbox\venv\Lib\site-packages\httpx\_client.py:942: in _send_handling_auth
    response = self._send_handling_redirects(
..\..\..\sdlc_sandbox\venv\Lib\site-packages\httpx\_client.py:979: in _send_handling_redirects
    response = self._send_single_request(request)
               ^^^^^^^^^^^^^^^^^^^^^^^^^^^^^^^^^^
..\..\..\sdlc_sandbox\venv\Lib\site-packages\httpx\_client.py:1014: in _send_single_request
    response = transport.handle_request(request)
               ^^^^^^^^^^^^^^^^^^^^^^^^^^^^^^^^^
..\..\..\sdlc_sandbox\venv\Lib\site-packages\starlette\testclient.py:356: in handle_request
    raise exc
..\..\..\sdlc_sandbox\venv\Lib\site-packages\starlette\testclient.py:353: in handle_request
    portal.call(self.app, scope, receive, send)
..\..\..\sdlc_sandbox\venv\Lib\site-packages\anyio\from_thread.py:338: in call
    return cast(T_Retval, self.start_task_soon(func, *args).result())
                          ^^^^^^^^^^^^^^^^^^^^^^^^^^^^^^^^^^^^^^^^^^
..\..\..\..\..\Roaming\uv\python\cpython-3.13.9-windows-x86_64-none\Lib\concurrent\futures\_base.py:456: in result
    return self.__get_result()
           ^^^^^^^^^^^^^^^^^^^
..\..\..\..\..\Roaming\uv\python\cpython-3.13.9-windows-x86_64-none\Lib\concurrent\futures\_base.py:401: in __get_result
    raise self._exception
..\..\..\sdlc_sandbox\venv\Lib\site-packages\anyio\from_thread.py:263: in _call_func
    retval = await retval_or_awaitable
             ^^^^^^^^^^^^^^^^^^^^^^^^^
..\..\..\sdlc_sandbox\venv\Lib\site-packages\fastapi\applications.py:1163: in __call__
    await super().__call__(scope, receive, send)
..\..\..\sdlc_sandbox\venv\Lib\site-packages\starlette\applications.py:90: in __call__
    await self.middleware_stack(scope, receive, send)
..\..\..\sdlc_sandbox\venv\Lib\site-packages\starlette\middleware\errors.py:186: in __call__
    raise exc
..\..\..\sdlc_sandbox\venv\Lib\site-packages\starlette\middleware\errors.py:164: in __call__
    await self.app(scope, receive, _send)
..\..\..\sdlc_sandbox\venv\Lib\site-packages\starlette\middleware\cors.py:88: in __call__
    await self.app(scope, receive, send)
..\..\..\sdlc_sandbox\venv\Lib\site-packages\starlette\middleware\exceptions.py:63: in __call__
    await wrap_app_handling_exceptions(self.app, conn)(scope, receive, send)
..\..\..\sdlc_sandbox\venv\Lib\site-packages\starlette\_exception_handler.py:53: in wrapped_app
    raise exc
..\..\..\sdlc_sandbox\venv\Lib\site-packages\starlette\_exception_handler.py:42: in wrapped_app
    await app(scope, receive, sender)
..\..\..\sdlc_sandbox\venv\Lib\site-packages\fastapi\middleware\asyncexitstack.py:18: in __call__
    await self.app(scope, receive, send)
..\..\..\sdlc_sandbox\venv\Lib\site-packages\starlette\routing.py:660: in __call__
    await self.middleware_stack(scope, receive, send)
..\..\..\sdlc_sandbox\venv\Lib\site-packages\fastapi\routing.py:2689: in app
    await route.handle(scope, receive, send)
..\..\..\sdlc_sandbox\venv\Lib\site-packages\fastapi\routing.py:1770: in handle
    await self.original_router.handle(scope, receive, send)
..\..\..\sdlc_sandbox\venv\Lib\site-packages\fastapi\routing.py:2744: in handle
    await included_router._handle_selected(scope, receive, send)
..\..\..\sdlc_sandbox\venv\Lib\site-packages\fastapi\routing.py:1790: in _handle_selected
    await original_route.handle(scope, receive, send)
..\..\..\sdlc_sandbox\venv\Lib\site-packages\fastapi\routing.py:1270: in handle
    await app(scope, receive, send)
..\..\..\sdlc_sandbox\venv\Lib\site-packages\fastapi\routing.py:156: in app
    await wrap_app_handling_exceptions(app, request)(scope, receive, send)
..\..\..\sdlc_sandbox\venv\Lib\site-packages\starlette\_exception_handler.py:53: in wrapped_app
    raise exc
..\..\..\sdlc_sandbox\venv\Lib\site-packages\starlette\_exception_handler.py:42: in wrapped_app
    await app(scope, receive, sender)
..\..\..\sdlc_sandbox\venv\Lib\site-packages\fastapi\routing.py:142: in app
    response = await f(request)
               ^^^^^^^^^^^^^^^^
..\..\..\sdlc_sandbox\venv\Lib\site-packages\fastapi\routing.py:698: in app
    raw_response = await run_endpoint_function(
..\..\..\sdlc_sandbox\venv\Lib\site-packages\fastapi\routing.py:352: in run_endpoint_function
    return await run_in_threadpool(dependant.call, **values)
           ^^^^^^^^^^^^^^^^^^^^^^^^^^^^^^^^^^^^^^^^^^^^^^^^^
..\..\..\sdlc_sandbox\venv\Lib\site-packages\starlette\concurrency.py:34: in run_in_threadpool
    return await anyio.to_thread.run_sync(func)
           ^^^^^^^^^^^^^^^^^^^^^^^^^^^^^^^^^^^^
..\..\..\sdlc_sandbox\venv\Lib\site-packages\anyio\to_thread.py:65: in run_sync
    return await get_async_backend().run_sync_in_worker_thread(
..\..\..\sdlc_sandbox\venv\Lib\site-packages\anyio\_backends\_asyncio.py:2641: in run_sync_in_worker_thread
    return await future
           ^^^^^^^^^^^^
..\..\..\sdlc_sandbox\venv\Lib\site-packages\anyio\_backends\_asyncio.py:1033: in run
    result = context.run(func, *args)
             ^^^^^^^^^^^^^^^^^^^^^^^^
server\routers\auth.py:65: in dummy_login
    user = db.query(User).filter(User.email == "test@example.com").first()
           ^^^^^^^^^^^^^^^^^^^^^^^^^^^^^^^^^^^^^^^^^^^^^^^^^^^^^^^^^^^^^^^
..\..\..\sdlc_sandbox\venv\Lib\site-packages\sqlalchemy\orm\query.py:2766: in first
    return self.limit(1)._iter().first()  # type: ignore
           ^^^^^^^^^^^^^^^^^^^^^
..\..\..\sdlc_sandbox\venv\Lib\site-packages\sqlalchemy\orm\query.py:2864: in _iter
    result: Union[ScalarResult[_T], Result[_T]] = self.session.execute(
..\..\..\sdlc_sandbox\venv\Lib\site-packages\sqlalchemy\orm\session.py:2373: in execute
    return self._execute_internal(
..\..\..\sdlc_sandbox\venv\Lib\site-packages\sqlalchemy\orm\session.py:2271: in _execute_internal
    result: Result[Any] = compile_state_cls.orm_execute_statement(
..\..\..\sdlc_sandbox\venv\Lib\site-packages\sqlalchemy\orm\context.py:306: in orm_execute_statement
    result = conn.execute(
..\..\..\sdlc_sandbox\venv\Lib\site-packages\sqlalchemy\engine\base.py:1421: in execute
    return meth(
..\..\..\sdlc_sandbox\venv\Lib\site-packages\sqlalchemy\sql\elements.py:526: in _execute_on_connection
    return connection._execute_clauseelement(
..\..\..\sdlc_sandbox\venv\Lib\site-packages\sqlalchemy\engine\base.py:1643: in _execute_clauseelement
    ret = self._execute_context(
..\..\..\sdlc_sandbox\venv\Lib\site-packages\sqlalchemy\engine\base.py:1848: in _execute_context
    return self._exec_single_context(
..\..\..\sdlc_sandbox\venv\Lib\site-packages\sqlalchemy\engine\base.py:1988: in _exec_single_context
    self._handle_dbapi_exception(
..\..\..\sdlc_sandbox\venv\Lib\site-packages\sqlalchemy\engine\base.py:2365: in _handle_dbapi_exception
    raise sqlalchemy_exception.with_traceback(exc_info[2]) from e
..\..\..\sdlc_sandbox\venv\Lib\site-packages\sqlalchemy\engine\base.py:1969: in _exec_single_context
    self.dialect.do_execute(
_ _ _ _ _ _ _ _ _ _ _ _ _ _ _ _ _ _ _ _ _ _ _ _ _ _ _ _ _ _ _ _ _ _ _ _ _ _ _ _

self = <sqlalchemy.dialects.sqlite.pysqlite.SQLiteDialect_pysqlite object at 0x000002221D3F4550>
cursor = <sqlite3.Cursor object at 0x000002221D512EC0>
statement = 'SELECT users.id AS users_id, users.email AS users_email, users.hashed_password AS users_hashed_password, users.role A...fied AS users_email_verified, users.disabled AS users_disabled \nFROM users \nWHERE users.email = ?\n LIMIT ? OFFSET ?'
parameters = ('test@example.com', 1, 0)
context = <sqlalchemy.dialects.sqlite.base.SQLiteExecutionContext object at 0x000002221D468830>

    def do_execute(self, cursor, statement, parameters, context=None):
>       cursor.execute(statement, parameters)
E       sqlalchemy.exc.OperationalError: (sqlite3.OperationalError) no such table: users
E       [SQL: SELECT users.id AS users_id, users.email AS users_email, users.hashed_password AS users_hashed_password, users.role AS users_role, users.is_active AS users_is_active, users.is_verified AS users_is_verified, users.email_verified AS users_email_verified, users.disabled AS users_disabled 
E       FROM users 
E       WHERE users.email = ?
E        LIMIT ? OFFSET ?]
E       [parameters: ('test@example.com', 1, 0)]
E       (Background on this error at: https://sqlalche.me/e/20/e3q8)

..\..\..\sdlc_sandbox\venv\Lib\site-packages\sqlalchemy\engine\default.py:952: OperationalError
__________________ test_dummy_login_success_with_seeded_user __________________

self = <sqlalchemy.engine.base.Connection object at 0x000002221D72EBD0>
dialect = <sqlalchemy.dialects.sqlite.pysqlite.SQLiteDialect_pysqlite object at 0x000002221D3F4550>
context = <sqlalchemy.dialects.sqlite.base.SQLiteExecutionContext object at 0x000002221DF5C830>
statement = <sqlalchemy.dialects.sqlite.base.SQLiteCompiler object at 0x000002221D4D2FD0>
parameters = [('test@example.com', 1, 0)]

    def _exec_single_context(
        self,
        dialect: Dialect,
        context: ExecutionContext,
        statement: Union[str, Compiled],
        parameters: Optional[_AnyMultiExecuteParams],
    ) -> CursorResult[Any]:
        """continue the _execute_context() method for a single DBAPI
        cursor.execute() or cursor.executemany() call.
    
        """
        if dialect.bind_typing is BindTyping.SETINPUTSIZES:
            generic_setinputsizes = context._prepare_set_input_sizes()
    
            if generic_setinputsizes:
                try:
                    dialect.do_set_input_sizes(
                        context.cursor, generic_setinputsizes, context
                    )
                except BaseException as e:
                    self._handle_dbapi_exception(
                        e, str(statement), parameters, None, context
                    )
    
        cursor, str_statement, parameters = (
            context.cursor,
            context.statement,
            context.parameters,
        )
    
        effective_parameters: Optional[_AnyExecuteParams]
    
        if not context.executemany:
            effective_parameters = parameters[0]
        else:
            effective_parameters = parameters
    
        if self._has_events or self.engine._has_events:
            for fn in self.dispatch.before_cursor_execute:
                str_statement, effective_parameters = fn(
                    self,
                    cursor,
                    str_statement,
                    effective_parameters,
                    context,
                    context.executemany,
                )
    
        if self._echo:
            self._log_info(str_statement)
    
            stats = context._get_cache_stats()
    
            if not self.engine.hide_parameters:
                self._log_info(
                    "[%s] %r",
                    stats,
                    sql_util._repr_params(
                        effective_parameters,
                        batches=10,
                        ismulti=context.executemany,
                    ),
                )
            else:
                self._log_info(
                    "[%s] [SQL parameters hidden due to hide_parameters=True]",
                    stats,
                )
    
        evt_handled: bool = False
        try:
            if context.execute_style is ExecuteStyle.EXECUTEMANY:
                effective_parameters = cast(
                    "_CoreMultiExecuteParams", effective_parameters
                )
                if self.dialect._has_events:
                    for fn in self.dialect.dispatch.do_executemany:
                        if fn(
                            cursor,
                            str_statement,
                            effective_parameters,
                            context,
                        ):
                            evt_handled = True
                            break
                if not evt_handled:
                    self.dialect.do_executemany(
                        cursor,
                        str_statement,
                        effective_parameters,
                        context,
                    )
            elif not effective_parameters and context.no_parameters:
                if self.dialect._has_events:
                    for fn in self.dialect.dispatch.do_execute_no_params:
                        if fn(cursor, str_statement, context):
                            evt_handled = True
                            break
                if not evt_handled:
                    self.dialect.do_execute_no_params(
                        cursor, str_statement, context
                    )
            else:
                effective_parameters = cast(
                    "_CoreSingleExecuteParams", effective_parameters
                )
                if self.dialect._has_events:
                    for fn in self.dialect.dispatch.do_execute:
                        if fn(
                            cursor,
                            str_statement,
                            effective_parameters,
                            context,
                        ):
                            evt_handled = True
                            break
                if not evt_handled:
>                   self.dialect.do_execute(
                        cursor, str_statement, effective_parameters, context
                    )

..\..\..\sdlc_sandbox\venv\Lib\site-packages\sqlalchemy\engine\base.py:1969: 
_ _ _ _ _ _ _ _ _ _ _ _ _ _ _ _ _ _ _ _ _ _ _ _ _ _ _ _ _ _ _ _ _ _ _ _ _ _ _ _

self = <sqlalchemy.dialects.sqlite.pysqlite.SQLiteDialect_pysqlite object at 0x000002221D3F4550>
cursor = <sqlite3.Cursor object at 0x000002221F518CC0>
statement = 'SELECT users.id AS users_id, users.email AS users_email, users.hashed_password AS users_hashed_password, users.role A...fied AS users_email_verified, users.disabled AS users_disabled \nFROM users \nWHERE users.email = ?\n LIMIT ? OFFSET ?'
parameters = ('test@example.com', 1, 0)
context = <sqlalchemy.dialects.sqlite.base.SQLiteExecutionContext object at 0x000002221DF5C830>

    def do_execute(self, cursor, statement, parameters, context=None):
>       cursor.execute(statement, parameters)
E       sqlite3.OperationalError: no such table: users

..\..\..\sdlc_sandbox\venv\Lib\site-packages\sqlalchemy\engine\default.py:952: OperationalError

The above exception was the direct cause of the following exception:

client = <starlette.testclient.TestClient object at 0x000002221D4D07D0>

    def test_dummy_login_success_with_seeded_user(client: TestClient):
        # AC: Customer can authenticate with seeded credentials
>       response = client.post(
            "/auth/dummy-login",
            json={"username": "test@example.com", "password": "testpassword"},
        )

server\tests\test_auth.py:17: 
_ _ _ _ _ _ _ _ _ _ _ _ _ _ _ _ _ _ _ _ _ _ _ _ _ _ _ _ _ _ _ _ _ _ _ _ _ _ _ _
..\..\..\sdlc_sandbox\venv\Lib\site-packages\starlette\testclient.py:555: in post
    return super().post(
..\..\..\sdlc_sandbox\venv\Lib\site-packages\httpx\_client.py:1144: in post
    return self.request(
..\..\..\sdlc_sandbox\venv\Lib\site-packages\starlette\testclient.py:454: in request
    return super().request(
..\..\..\sdlc_sandbox\venv\Lib\site-packages\httpx\_client.py:825: in request
    return self.send(request, auth=auth, follow_redirects=follow_redirects)
           ^^^^^^^^^^^^^^^^^^^^^^^^^^^^^^^^^^^^^^^^^^^^^^^^^^^^^^^^^^^^^^^^
..\..\..\sdlc_sandbox\venv\Lib\site-packages\httpx\_client.py:914: in send
    response = self._send_handling_auth(
..\..\..\sdlc_sandbox\venv\Lib\site-packages\httpx\_client.py:942: in _send_handling_auth
    response = self._send_handling_redirects(
..\..\..\sdlc_sandbox\venv\Lib\site-packages\httpx\_client.py:979: in _send_handling_redirects
    response = self._send_single_request(request)
               ^^^^^^^^^^^^^^^^^^^^^^^^^^^^^^^^^^
..\..\..\sdlc_sandbox\venv\Lib\site-packages\httpx\_client.py:1014: in _send_single_request
    response = transport.handle_request(request)
               ^^^^^^^^^^^^^^^^^^^^^^^^^^^^^^^^^
..\..\..\sdlc_sandbox\venv\Lib\site-packages\starlette\testclient.py:356: in handle_request
    raise exc
..\..\..\sdlc_sandbox\venv\Lib\site-packages\starlette\testclient.py:353: in handle_request
    portal.call(self.app, scope, receive, send)
..\..\..\sdlc_sandbox\venv\Lib\site-packages\anyio\from_thread.py:338: in call
    return cast(T_Retval, self.start_task_soon(func, *args).result())
                          ^^^^^^^^^^^^^^^^^^^^^^^^^^^^^^^^^^^^^^^^^^
..\..\..\..\..\Roaming\uv\python\cpython-3.13.9-windows-x86_64-none\Lib\concurrent\futures\_base.py:456: in result
    return self.__get_result()
           ^^^^^^^^^^^^^^^^^^^
..\..\..\..\..\Roaming\uv\python\cpython-3.13.9-windows-x86_64-none\Lib\concurrent\futures\_base.py:401: in __get_result
    raise self._exception
..\..\..\sdlc_sandbox\venv\Lib\site-packages\anyio\from_thread.py:263: in _call_func
    retval = await retval_or_awaitable
             ^^^^^^^^^^^^^^^^^^^^^^^^^
..\..\..\sdlc_sandbox\venv\Lib\site-packages\fastapi\applications.py:1163: in __call__
    await super().__call__(scope, receive, send)
..\..\..\sdlc_sandbox\venv\Lib\site-packages\starlette\applications.py:90: in __call__
    await self.middleware_stack(scope, receive, send)
..\..\..\sdlc_sandbox\venv\Lib\site-packages\starlette\middleware\errors.py:186: in __call__
    raise exc
..\..\..\sdlc_sandbox\venv\Lib\site-packages\starlette\middleware\errors.py:164: in __call__
    await self.app(scope, receive, _send)
..\..\..\sdlc_sandbox\venv\Lib\site-packages\starlette\middleware\cors.py:88: in __call__
    await self.app(scope, receive, send)
..\..\..\sdlc_sandbox\venv\Lib\site-packages\starlette\middleware\exceptions.py:63: in __call__
    await wrap_app_handling_exceptions(self.app, conn)(scope, receive, send)
..\..\..\sdlc_sandbox\venv\Lib\site-packages\starlette\_exception_handler.py:53: in wrapped_app
    raise exc
..\..\..\sdlc_sandbox\venv\Lib\site-packages\starlette\_exception_handler.py:42: in wrapped_app
    await app(scope, receive, sender)
..\..\..\sdlc_sandbox\venv\Lib\site-packages\fastapi\middleware\asyncexitstack.py:18: in __call__
    await self.app(scope, receive, send)
..\..\..\sdlc_sandbox\venv\Lib\site-packages\starlette\routing.py:660: in __call__
    await self.middleware_stack(scope, receive, send)
..\..\..\sdlc_sandbox\venv\Lib\site-packages\fastapi\routing.py:2689: in app
    await route.handle(scope, receive, send)
..\..\..\sdlc_sandbox\venv\Lib\site-packages\fastapi\routing.py:1770: in handle
    await self.original_router.handle(scope, receive, send)
..\..\..\sdlc_sandbox\venv\Lib\site-packages\fastapi\routing.py:2744: in handle
    await included_router._handle_selected(scope, receive, send)
..\..\..\sdlc_sandbox\venv\Lib\site-packages\fastapi\routing.py:1790: in _handle_selected
    await original_route.handle(scope, receive, send)
..\..\..\sdlc_sandbox\venv\Lib\site-packages\fastapi\routing.py:1270: in handle
    await app(scope, receive, send)
..\..\..\sdlc_sandbox\venv\Lib\site-packages\fastapi\routing.py:156: in app
    await wrap_app_handling_exceptions(app, request)(scope, receive, send)
..\..\..\sdlc_sandbox\venv\Lib\site-packages\starlette\_exception_handler.py:53: in wrapped_app
    raise exc
..\..\..\sdlc_sandbox\venv\Lib\site-packages\starlette\_exception_handler.py:42: in wrapped_app
    await app(scope, receive, sender)
..\..\..\sdlc_sandbox\venv\Lib\site-packages\fastapi\routing.py:142: in app
    response = await f(request)
               ^^^^^^^^^^^^^^^^
..\..\..\sdlc_sandbox\venv\Lib\site-packages\fastapi\routing.py:698: in app
    raw_response = await run_endpoint_function(
..\..\..\sdlc_sandbox\venv\Lib\site-packages\fastapi\routing.py:352: in run_endpoint_function
    return await run_in_threadpool(dependant.call, **values)
           ^^^^^^^^^^^^^^^^^^^^^^^^^^^^^^^^^^^^^^^^^^^^^^^^^
..\..\..\sdlc_sandbox\venv\Lib\site-packages\starlette\concurrency.py:34: in run_in_threadpool
    return await anyio.to_thread.run_sync(func)
           ^^^^^^^^^^^^^^^^^^^^^^^^^^^^^^^^^^^^
..\..\..\sdlc_sandbox\venv\Lib\site-packages\anyio\to_thread.py:65: in run_sync
    return await get_async_backend().run_sync_in_worker_thread(
..\..\..\sdlc_sandbox\venv\Lib\site-packages\anyio\_backends\_asyncio.py:2641: in run_sync_in_worker_thread
    return await future
           ^^^^^^^^^^^^
..\..\..\sdlc_sandbox\venv\Lib\site-packages\anyio\_backends\_asyncio.py:1033: in run
    result = context.run(func, *args)
             ^^^^^^^^^^^^^^^^^^^^^^^^
server\routers\auth.py:68: in dummy_login
    db_user = db.query(User).filter(User.email == username).first()
              ^^^^^^^^^^^^^^^^^^^^^^^^^^^^^^^^^^^^^^^^^^^^^^^^^^^^^
..\..\..\sdlc_sandbox\venv\Lib\site-packages\sqlalchemy\orm\query.py:2766: in first
    return self.limit(1)._iter().first()  # type: ignore
           ^^^^^^^^^^^^^^^^^^^^^
..\..\..\sdlc_sandbox\venv\Lib\site-packages\sqlalchemy\orm\query.py:2864: in _iter
    result: Union[ScalarResult[_T], Result[_T]] = self.session.execute(
..\..\..\sdlc_sandbox\venv\Lib\site-packages\sqlalchemy\orm\session.py:2373: in execute
    return self._execute_internal(
..\..\..\sdlc_sandbox\venv\Lib\site-packages\sqlalchemy\orm\session.py:2271: in _execute_internal
    result: Result[Any] = compile_state_cls.orm_execute_statement(
..\..\..\sdlc_sandbox\venv\Lib\site-packages\sqlalchemy\orm\context.py:306: in orm_execute_statement
    result = conn.execute(
..\..\..\sdlc_sandbox\venv\Lib\site-packages\sqlalchemy\engine\base.py:1421: in execute
    return meth(
..\..\..\sdlc_sandbox\venv\Lib\site-packages\sqlalchemy\sql\elements.py:526: in _execute_on_connection
    return connection._execute_clauseelement(
..\..\..\sdlc_sandbox\venv\Lib\site-packages\sqlalchemy\engine\base.py:1643: in _execute_clauseelement
    ret = self._execute_context(
..\..\..\sdlc_sandbox\venv\Lib\site-packages\sqlalchemy\engine\base.py:1848: in _execute_context
    return self._exec_single_context(
..\..\..\sdlc_sandbox\venv\Lib\site-packages\sqlalchemy\engine\base.py:1988: in _exec_single_context
    self._handle_dbapi_exception(
..\..\..\sdlc_sandbox\venv\Lib\site-packages\sqlalchemy\engine\base.py:2365: in _handle_dbapi_exception
    raise sqlalchemy_exception.with_traceback(exc_info[2]) from e
..\..\..\sdlc_sandbox\venv\Lib\site-packages\sqlalchemy\engine\base.py:1969: in _exec_single_context
    self.dialect.do_execute(
_ _ _ _ _ _ _ _ _ _ _ _ _ _ _ _ _ _ _ _ _ _ _ _ _ _ _ _ _ _ _ _ _ _ _ _ _ _ _ _

self = <sqlalchemy.dialects.sqlite.pysqlite.SQLiteDialect_pysqlite object at 0x000002221D3F4550>
cursor = <sqlite3.Cursor object at 0x000002221F518CC0>
statement = 'SELECT users.id AS users_id, users.email AS users_email, users.hashed_password AS users_hashed_password, users.role A...fied AS users_email_verified, users.disabled AS users_disabled \nFROM users \nWHERE users.email = ?\n LIMIT ? OFFSET ?'
parameters = ('test@example.com', 1, 0)
context = <sqlalchemy.dialects.sqlite.base.SQLiteExecutionContext object at 0x000002221DF5C830>

    def do_execute(self, cursor, statement, parameters, context=None):
>       cursor.execute(statement, parameters)
E       sqlalchemy.exc.OperationalError: (sqlite3.OperationalError) no such table: users
E       [SQL: SELECT users.id AS users_id, users.email AS users_email, users.hashed_password AS users_hashed_password, users.role AS users_role, users.is_active AS users_is_active, users.is_verified AS users_is_verified, users.email_verified AS users_email_verified, users.disabled AS users_disabled 
E       FROM users 
E       WHERE users.email = ?
E        LIMIT ? OFFSET ?]
E       [parameters: ('test@example.com', 1, 0)]
E       (Background on this error at: https://sqlalche.me/e/20/e3q8)

..\..\..\sdlc_sandbox\venv\Lib\site-packages\sqlalchemy\engine\default.py:952: OperationalError
________________ test_dummy_login_failure_invalid_credentials _________________

self = <sqlalchemy.engine.base.Connection object at 0x000002221D72F7D0>
dialect = <sqlalchemy.dialects.sqlite.pysqlite.SQLiteDialect_pysqlite object at 0x000002221D3F4550>
context = <sqlalchemy.dialects.sqlite.base.SQLiteExecutionContext object at 0x000002221DF5EEB0>
statement = <sqlalchemy.dialects.sqlite.base.SQLiteCompiler object at 0x000002221D4D2FD0>
parameters = [('test@example.com', 1, 0)]

    def _exec_single_context(
        self,
        dialect: Dialect,
        context: ExecutionContext,
        statement: Union[str, Compiled],
        parameters: Optional[_AnyMultiExecuteParams],
    ) -> CursorResult[Any]:
        """continue the _execute_context() method for a single DBAPI
        cursor.execute() or cursor.executemany() call.
    
        """
        if dialect.bind_typing is BindTyping.SETINPUTSIZES:
            generic_setinputsizes = context._prepare_set_input_sizes()
    
            if generic_setinputsizes:
                try:
                    dialect.do_set_input_sizes(
                        context.cursor, generic_setinputsizes, context
                    )
                except BaseException as e:
                    self._handle_dbapi_exception(
                        e, str(statement), parameters, None, context
                    )
    
        cursor, str_statement, parameters = (
            context.cursor,
            context.statement,
            context.parameters,
        )
    
        effective_parameters: Optional[_AnyExecuteParams]
    
        if not context.executemany:
            effective_parameters = parameters[0]
        else:
            effective_parameters = parameters
    
        if self._has_events or self.engine._has_events:
            for fn in self.dispatch.before_cursor_execute:
                str_statement, effective_parameters = fn(
                    self,
                    cursor,
                    str_statement,
                    effective_parameters,
                    context,
                    context.executemany,
                )
    
        if self._echo:
            self._log_info(str_statement)
    
            stats = context._get_cache_stats()
    
            if not self.engine.hide_parameters:
                self._log_info(
                    "[%s] %r",
                    stats,
                    sql_util._repr_params(
                        effective_parameters,
                        batches=10,
                        ismulti=context.executemany,
                    ),
                )
            else:
                self._log_info(
                    "[%s] [SQL parameters hidden due to hide_parameters=True]",
                    stats,
                )
    
        evt_handled: bool = False
        try:
            if context.execute_style is ExecuteStyle.EXECUTEMANY:
                effective_parameters = cast(
                    "_CoreMultiExecuteParams", effective_parameters
                )
                if self.dialect._has_events:
                    for fn in self.dialect.dispatch.do_executemany:
                        if fn(
                            cursor,
                            str_statement,
                            effective_parameters,
                            context,
                        ):
                            evt_handled = True
                            break
                if not evt_handled:
                    self.dialect.do_executemany(
                        cursor,
                        str_statement,
                        effective_parameters,
                        context,
                    )
            elif not effective_parameters and context.no_parameters:
                if self.dialect._has_events:
                    for fn in self.dialect.dispatch.do_execute_no_params:
                        if fn(cursor, str_statement, context):
                            evt_handled = True
                            break
                if not evt_handled:
                    self.dialect.do_execute_no_params(
                        cursor, str_statement, context
                    )
            else:
                effective_parameters = cast(
                    "_CoreSingleExecuteParams", effective_parameters
                )
                if self.dialect._has_events:
                    for fn in self.dialect.dispatch.do_execute:
                        if fn(
                            cursor,
                            str_statement,
                            effective_parameters,
                            context,
                        ):
                            evt_handled = True
                            break
                if not evt_handled:
>                   self.dialect.do_execute(
                        cursor, str_statement, effective_parameters, context
                    )

..\..\..\sdlc_sandbox\venv\Lib\site-packages\sqlalchemy\engine\base.py:1969: 
_ _ _ _ _ _ _ _ _ _ _ _ _ _ _ _ _ _ _ _ _ _ _ _ _ _ _ _ _ _ _ _ _ _ _ _ _ _ _ _

self = <sqlalchemy.dialects.sqlite.pysqlite.SQLiteDialect_pysqlite object at 0x000002221D3F4550>
cursor = <sqlite3.Cursor object at 0x0000022220CB2540>
statement = 'SELECT users.id AS users_id, users.email AS users_email, users.hashed_password AS users_hashed_password, users.role A...fied AS users_email_verified, users.disabled AS users_disabled \nFROM users \nWHERE users.email = ?\n LIMIT ? OFFSET ?'
parameters = ('test@example.com', 1, 0)
context = <sqlalchemy.dialects.sqlite.base.SQLiteExecutionContext object at 0x000002221DF5EEB0>

    def do_execute(self, cursor, statement, parameters, context=None):
>       cursor.execute(statement, parameters)
E       sqlite3.OperationalError: no such table: users

..\..\..\sdlc_sandbox\venv\Lib\site-packages\sqlalchemy\engine\default.py:952: OperationalError

The above exception was the direct cause of the following exception:

client = <starlette.testclient.TestClient object at 0x000002221DAF5090>

    def test_dummy_login_failure_invalid_credentials(client: TestClient):
        # AC: Invalid credentials return 401
>       response = client.post(
            "/auth/dummy-login",
            json={"username": "test@example.com", "password": "wrongpassword"},
        )

server\tests\test_auth.py:29: 
_ _ _ _ _ _ _ _ _ _ _ _ _ _ _ _ _ _ _ _ _ _ _ _ _ _ _ _ _ _ _ _ _ _ _ _ _ _ _ _
..\..\..\sdlc_sandbox\venv\Lib\site-packages\starlette\testclient.py:555: in post
    return super().post(
..\..\..\sdlc_sandbox\venv\Lib\site-packages\httpx\_client.py:1144: in post
    return self.request(
..\..\..\sdlc_sandbox\venv\Lib\site-packages\starlette\testclient.py:454: in request
    return super().request(
..\..\..\sdlc_sandbox\venv\Lib\site-packages\httpx\_client.py:825: in request
    return self.send(request, auth=auth, follow_redirects=follow_redirects)
           ^^^^^^^^^^^^^^^^^^^^^^^^^^^^^^^^^^^^^^^^^^^^^^^^^^^^^^^^^^^^^^^^
..\..\..\sdlc_sandbox\venv\Lib\site-packages\httpx\_client.py:914: in send
    response = self._send_handling_auth(
..\..\..\sdlc_sandbox\venv\Lib\site-packages\httpx\_client.py:942: in _send_handling_auth
    response = self._send_handling_redirects(
..\..\..\sdlc_sandbox\venv\Lib\site-packages\httpx\_client.py:979: in _send_handling_redirects
    response = self._send_single_request(request)
               ^^^^^^^^^^^^^^^^^^^^^^^^^^^^^^^^^^
..\..\..\sdlc_sandbox\venv\Lib\site-packages\httpx\_client.py:1014: in _send_single_request
    response = transport.handle_request(request)
               ^^^^^^^^^^^^^^^^^^^^^^^^^^^^^^^^^
..\..\..\sdlc_sandbox\venv\Lib\site-packages\starlette\testclient.py:356: in handle_request
    raise exc
..\..\..\sdlc_sandbox\venv\Lib\site-packages\starlette\testclient.py:353: in handle_request
    portal.call(self.app, scope, receive, send)
..\..\..\sdlc_sandbox\venv\Lib\site-packages\anyio\from_thread.py:338: in call
    return cast(T_Retval, self.start_task_soon(func, *args).result())
                          ^^^^^^^^^^^^^^^^^^^^^^^^^^^^^^^^^^^^^^^^^^
..\..\..\..\..\Roaming\uv\python\cpython-3.13.9-windows-x86_64-none\Lib\concurrent\futures\_base.py:456: in result
    return self.__get_result()
           ^^^^^^^^^^^^^^^^^^^
..\..\..\..\..\Roaming\uv\python\cpython-3.13.9-windows-x86_64-none\Lib\concurrent\futures\_base.py:401: in __get_result
    raise self._exception
..\..\..\sdlc_sandbox\venv\Lib\site-packages\anyio\from_thread.py:263: in _call_func
    retval = await retval_or_awaitable
             ^^^^^^^^^^^^^^^^^^^^^^^^^
..\..\..\sdlc_sandbox\venv\Lib\site-packages\fastapi\applications.py:1163: in __call__
    await super().__call__(scope, receive, send)
..\..\..\sdlc_sandbox\venv\Lib\site-packages\starlette\applications.py:90: in __call__
    await self.middleware_stack(scope, receive, send)
..\..\..\sdlc_sandbox\venv\Lib\site-packages\starlette\middleware\errors.py:186: in __call__
    raise exc
..\..\..\sdlc_sandbox\venv\Lib\site-packages\starlette\middleware\errors.py:164: in __call__
    await self.app(scope, receive, _send)
..\..\..\sdlc_sandbox\venv\Lib\site-packages\starlette\middleware\cors.py:88: in __call__
    await self.app(scope, receive, send)
..\..\..\sdlc_sandbox\venv\Lib\site-packages\starlette\middleware\exceptions.py:63: in __call__
    await wrap_app_handling_exceptions(self.app, conn)(scope, receive, send)
..\..\..\sdlc_sandbox\venv\Lib\site-packages\starlette\_exception_handler.py:53: in wrapped_app
    raise exc
..\..\..\sdlc_sandbox\venv\Lib\site-packages\starlette\_exception_handler.py:42: in wrapped_app
    await app(scope, receive, sender)
..\..\..\sdlc_sandbox\venv\Lib\site-packages\fastapi\middleware\asyncexitstack.py:18: in __call__
    await self.app(scope, receive, send)
..\..\..\sdlc_sandbox\venv\Lib\site-packages\starlette\routing.py:660: in __call__
    await self.middleware_stack(scope, receive, send)
..\..\..\sdlc_sandbox\venv\Lib\site-packages\fastapi\routing.py:2689: in app
    await route.handle(scope, receive, send)
..\..\..\sdlc_sandbox\venv\Lib\site-packages\fastapi\routing.py:1770: in handle
    await self.original_router.handle(scope, receive, send)
..\..\..\sdlc_sandbox\venv\Lib\site-packages\fastapi\routing.py:2744: in handle
    await included_router._handle_selected(scope, receive, send)
..\..\..\sdlc_sandbox\venv\Lib\site-packages\fastapi\routing.py:1790: in _handle_selected
    await original_route.handle(scope, receive, send)
..\..\..\sdlc_sandbox\venv\Lib\site-packages\fastapi\routing.py:1270: in handle
    await app(scope, receive, send)
..\..\..\sdlc_sandbox\venv\Lib\site-packages\fastapi\routing.py:156: in app
    await wrap_app_handling_exceptions(app, request)(scope, receive, send)
..\..\..\sdlc_sandbox\venv\Lib\site-packages\starlette\_exception_handler.py:53: in wrapped_app
    raise exc
..\..\..\sdlc_sandbox\venv\Lib\site-packages\starlette\_exception_handler.py:42: in wrapped_app
    await app(scope, receive, sender)
..\..\..\sdlc_sandbox\venv\Lib\site-packages\fastapi\routing.py:142: in app
    response = await f(request)
               ^^^^^^^^^^^^^^^^
..\..\..\sdlc_sandbox\venv\Lib\site-packages\fastapi\routing.py:698: in app
    raw_response = await run_endpoint_function(
..\..\..\sdlc_sandbox\venv\Lib\site-packages\fastapi\routing.py:352: in run_endpoint_function
    return await run_in_threadpool(dependant.call, **values)
           ^^^^^^^^^^^^^^^^^^^^^^^^^^^^^^^^^^^^^^^^^^^^^^^^^
..\..\..\sdlc_sandbox\venv\Lib\site-packages\starlette\concurrency.py:34: in run_in_threadpool
    return await anyio.to_thread.run_sync(func)
           ^^^^^^^^^^^^^^^^^^^^^^^^^^^^^^^^^^^^
..\..\..\sdlc_sandbox\venv\Lib\site-packages\anyio\to_thread.py:65: in run_sync
    return await get_async_backend().run_sync_in_worker_thread(
..\..\..\sdlc_sandbox\venv\Lib\site-packages\anyio\_backends\_asyncio.py:2641: in run_sync_in_worker_thread
    return await future
           ^^^^^^^^^^^^
..\..\..\sdlc_sandbox\venv\Lib\site-packages\anyio\_backends\_asyncio.py:1033: in run
    result = context.run(func, *args)
             ^^^^^^^^^^^^^^^^^^^^^^^^
server\routers\auth.py:68: in dummy_login
    db_user = db.query(User).filter(User.email == username).first()
              ^^^^^^^^^^^^^^^^^^^^^^^^^^^^^^^^^^^^^^^^^^^^^^^^^^^^^
..\..\..\sdlc_sandbox\venv\Lib\site-packages\sqlalchemy\orm\query.py:2766: in first
    return self.limit(1)._iter().first()  # type: ignore
           ^^^^^^^^^^^^^^^^^^^^^
..\..\..\sdlc_sandbox\venv\Lib\site-packages\sqlalchemy\orm\query.py:2864: in _iter
    result: Union[ScalarResult[_T], Result[_T]] = self.session.execute(
..\..\..\sdlc_sandbox\venv\Lib\site-packages\sqlalchemy\orm\session.py:2373: in execute
    return self._execute_internal(
..\..\..\sdlc_sandbox\venv\Lib\site-packages\sqlalchemy\orm\session.py:2271: in _execute_internal
    result: Result[Any] = compile_state_cls.orm_execute_statement(
..\..\..\sdlc_sandbox\venv\Lib\site-packages\sqlalchemy\orm\context.py:306: in orm_execute_statement
    result = conn.execute(
..\..\..\sdlc_sandbox\venv\Lib\site-packages\sqlalchemy\engine\base.py:1421: in execute
    return meth(
..\..\..\sdlc_sandbox\venv\Lib\site-packages\sqlalchemy\sql\elements.py:526: in _execute_on_connection
    return connection._execute_clauseelement(
..\..\..\sdlc_sandbox\venv\Lib\site-packages\sqlalchemy\engine\base.py:1643: in _execute_clauseelement
    ret = self._execute_context(
..\..\..\sdlc_sandbox\venv\Lib\site-packages\sqlalchemy\engine\base.py:1848: in _execute_context
    return self._exec_single_context(
..\..\..\sdlc_sandbox\venv\Lib\site-packages\sqlalchemy\engine\base.py:1988: in _exec_single_context
    self._handle_dbapi_exception(
..\..\..\sdlc_sandbox\venv\Lib\site-packages\sqlalchemy\engine\base.py:2365: in _handle_dbapi_exception
    raise sqlalchemy_exception.with_traceback(exc_info[2]) from e
..\..\..\sdlc_sandbox\venv\Lib\site-packages\sqlalchemy\engine\base.py:1969: in _exec_single_context
    self.dialect.do_execute(
_ _ _ _ _ _ _ _ _ _ _ _ _ _ _ _ _ _ _ _ _ _ _ _ _ _ _ _ _ _ _ _ _ _ _ _ _ _ _ _

self = <sqlalchemy.dialects.sqlite.pysqlite.SQLiteDialect_pysqlite object at 0x000002221D3F4550>
cursor = <sqlite3.Cursor object at 0x0000022220CB2540>
statement = 'SELECT users.id AS users_id, users.email AS users_email, users.hashed_password AS users_hashed_password, users.role A...fied AS users_email_verified, users.disabled AS users_disabled \nFROM users \nWHERE users.email = ?\n LIMIT ? OFFSET ?'
parameters = ('test@example.com', 1, 0)
context = <sqlalchemy.dialects.sqlite.base.SQLiteExecutionContext object at 0x000002221DF5EEB0>

    def do_execute(self, cursor, statement, parameters, context=None):
>       cursor.execute(statement, parameters)
E       sqlalchemy.exc.OperationalError: (sqlite3.OperationalError) no such table: users
E       [SQL: SELECT users.id AS users_id, users.email AS users_email, users.hashed_password AS users_hashed_password, users.role AS users_role, users.is_active AS users_is_active, users.is_verified AS users_is_verified, users.email_verified AS users_email_verified, users.disabled AS users_disabled 
E       FROM users 
E       WHERE users.email = ?
E        LIMIT ? OFFSET ?]
E       [parameters: ('test@example.com', 1, 0)]
E       (Background on this error at: https://sqlalche.me/e/20/e3q8)

..\..\..\sdlc_sandbox\venv\Lib\site-packages\sqlalchemy\engine\default.py:952: OperationalError
__________________________ test_get_mortgage_details __________________________

self = <sqlalchemy.engine.base.Connection object at 0x000002221D4E3B90>
dialect = <sqlalchemy.dialects.sqlite.pysqlite.SQLiteDialect_pysqlite object at 0x000002221D3F4550>
context = <sqlalchemy.dialects.sqlite.base.SQLiteExecutionContext object at 0x000002221D493850>
statement = <sqlalchemy.dialects.sqlite.base.SQLiteCompiler object at 0x000002221D4D2FD0>
parameters = [('test@example.com', 1, 0)]

    def _exec_single_context(
        self,
        dialect: Dialect,
        context: ExecutionContext,
        statement: Union[str, Compiled],
        parameters: Optional[_AnyMultiExecuteParams],
    ) -> CursorResult[Any]:
        """continue the _execute_context() method for a single DBAPI
        cursor.execute() or cursor.executemany() call.
    
        """
        if dialect.bind_typing is BindTyping.SETINPUTSIZES:
            generic_setinputsizes = context._prepare_set_input_sizes()
    
            if generic_setinputsizes:
                try:
                    dialect.do_set_input_sizes(
                        context.cursor, generic_setinputsizes, context
                    )
                except BaseException as e:
                    self._handle_dbapi_exception(
                        e, str(statement), parameters, None, context
                    )
    
        cursor, str_statement, parameters = (
            context.cursor,
            context.statement,
            context.parameters,
        )
    
        effective_parameters: Optional[_AnyExecuteParams]
    
        if not context.executemany:
            effective_parameters = parameters[0]
        else:
            effective_parameters = parameters
    
        if self._has_events or self.engine._has_events:
            for fn in self.dispatch.before_cursor_execute:
                str_statement, effective_parameters = fn(
                    self,
                    cursor,
                    str_statement,
                    effective_parameters,
                    context,
                    context.executemany,
                )
    
        if self._echo:
            self._log_info(str_statement)
    
            stats = context._get_cache_stats()
    
            if not self.engine.hide_parameters:
                self._log_info(
                    "[%s] %r",
                    stats,
                    sql_util._repr_params(
                        effective_parameters,
                        batches=10,
                        ismulti=context.executemany,
                    ),
                )
            else:
                self._log_info(
                    "[%s] [SQL parameters hidden due to hide_parameters=True]",
                    stats,
                )
    
        evt_handled: bool = False
        try:
            if context.execute_style is ExecuteStyle.EXECUTEMANY:
                effective_parameters = cast(
                    "_CoreMultiExecuteParams", effective_parameters
                )
                if self.dialect._has_events:
                    for fn in self.dialect.dispatch.do_executemany:
                        if fn(
                            cursor,
                            str_statement,
                            effective_parameters,
                            context,
                        ):
                            evt_handled = True
                            break
                if not evt_handled:
                    self.dialect.do_executemany(
                        cursor,
                        str_statement,
                        effective_parameters,
                        context,
                    )
            elif not effective_parameters and context.no_parameters:
                if self.dialect._has_events:
                    for fn in self.dialect.dispatch.do_execute_no_params:
                        if fn(cursor, str_statement, context):
                            evt_handled = True
                            break
                if not evt_handled:
                    self.dialect.do_execute_no_params(
                        cursor, str_statement, context
                    )
            else:
                effective_parameters = cast(
                    "_CoreSingleExecuteParams", effective_parameters
                )
                if self.dialect._has_events:
                    for fn in self.dialect.dispatch.do_execute:
                        if fn(
                            cursor,
                            str_statement,
                            effective_parameters,
                            context,
                        ):
                            evt_handled = True
                            break
                if not evt_handled:
>                   self.dialect.do_execute(
                        cursor, str_statement, effective_parameters, context
                    )

..\..\..\sdlc_sandbox\venv\Lib\site-packages\sqlalchemy\engine\base.py:1969: 
_ _ _ _ _ _ _ _ _ _ _ _ _ _ _ _ _ _ _ _ _ _ _ _ _ _ _ _ _ _ _ _ _ _ _ _ _ _ _ _

self = <sqlalchemy.dialects.sqlite.pysqlite.SQLiteDialect_pysqlite object at 0x000002221D3F4550>
cursor = <sqlite3.Cursor object at 0x000002221EB31840>
statement = 'SELECT users.id AS users_id, users.email AS users_email, users.hashed_password AS users_hashed_password, users.role A...fied AS users_email_verified, users.disabled AS users_disabled \nFROM users \nWHERE users.email = ?\n LIMIT ? OFFSET ?'
parameters = ('test@example.com', 1, 0)
context = <sqlalchemy.dialects.sqlite.base.SQLiteExecutionContext object at 0x000002221D493850>

    def do_execute(self, cursor, statement, parameters, context=None):
>       cursor.execute(statement, parameters)
E       sqlite3.OperationalError: no such table: users

..\..\..\sdlc_sandbox\venv\Lib\site-packages\sqlalchemy\engine\default.py:952: OperationalError

The above exception was the direct cause of the following exception:

client = <starlette.testclient.TestClient object at 0x000002221D415A70>

    def test_get_mortgage_details(client: TestClient):
        # AC 1: Customer can view their mortgage account details including current balance and minimum payment due.
>       headers = get_auth_headers(client)
                  ^^^^^^^^^^^^^^^^^^^^^^^^

server\tests\test_mortgage.py:17: 
_ _ _ _ _ _ _ _ _ _ _ _ _ _ _ _ _ _ _ _ _ _ _ _ _ _ _ _ _ _ _ _ _ _ _ _ _ _ _ _
server\tests\test_mortgage.py:8: in get_auth_headers
    response = client.post(
..\..\..\sdlc_sandbox\venv\Lib\site-packages\starlette\testclient.py:555: in post
    return super().post(
..\..\..\sdlc_sandbox\venv\Lib\site-packages\httpx\_client.py:1144: in post
    return self.request(
..\..\..\sdlc_sandbox\venv\Lib\site-packages\starlette\testclient.py:454: in request
    return super().request(
..\..\..\sdlc_sandbox\venv\Lib\site-packages\httpx\_client.py:825: in request
    return self.send(request, auth=auth, follow_redirects=follow_redirects)
           ^^^^^^^^^^^^^^^^^^^^^^^^^^^^^^^^^^^^^^^^^^^^^^^^^^^^^^^^^^^^^^^^
..\..\..\sdlc_sandbox\venv\Lib\site-packages\httpx\_client.py:914: in send
    response = self._send_handling_auth(
..\..\..\sdlc_sandbox\venv\Lib\site-packages\httpx\_client.py:942: in _send_handling_auth
    response = self._send_handling_redirects(
..\..\..\sdlc_sandbox\venv\Lib\site-packages\httpx\_client.py:979: in _send_handling_redirects
    response = self._send_single_request(request)
               ^^^^^^^^^^^^^^^^^^^^^^^^^^^^^^^^^^
..\..\..\sdlc_sandbox\venv\Lib\site-packages\httpx\_client.py:1014: in _send_single_request
    response = transport.handle_request(request)
               ^^^^^^^^^^^^^^^^^^^^^^^^^^^^^^^^^
..\..\..\sdlc_sandbox\venv\Lib\site-packages\starlette\testclient.py:356: in handle_request
    raise exc
..\..\..\sdlc_sandbox\venv\Lib\site-packages\starlette\testclient.py:353: in handle_request
    portal.call(self.app, scope, receive, send)
..\..\..\sdlc_sandbox\venv\Lib\site-packages\anyio\from_thread.py:338: in call
    return cast(T_Retval, self.start_task_soon(func, *args).result())
                          ^^^^^^^^^^^^^^^^^^^^^^^^^^^^^^^^^^^^^^^^^^
..\..\..\..\..\Roaming\uv\python\cpython-3.13.9-windows-x86_64-none\Lib\concurrent\futures\_base.py:456: in result
    return self.__get_result()
           ^^^^^^^^^^^^^^^^^^^
..\..\..\..\..\Roaming\uv\python\cpython-3.13.9-windows-x86_64-none\Lib\concurrent\futures\_base.py:401: in __get_result
    raise self._exception
..\..\..\sdlc_sandbox\venv\Lib\site-packages\anyio\from_thread.py:263: in _call_func
    retval = await retval_or_awaitable
             ^^^^^^^^^^^^^^^^^^^^^^^^^
..\..\..\sdlc_sandbox\venv\Lib\site-packages\fastapi\applications.py:1163: in __call__
    await super().__call__(scope, receive, send)
..\..\..\sdlc_sandbox\venv\Lib\site-packages\starlette\applications.py:90: in __call__
    await self.middleware_stack(scope, receive, send)
..\..\..\sdlc_sandbox\venv\Lib\site-packages\starlette\middleware\errors.py:186: in __call__
    raise exc
..\..\..\sdlc_sandbox\venv\Lib\site-packages\starlette\middleware\errors.py:164: in __call__
    await self.app(scope, receive, _send)
..\..\..\sdlc_sandbox\venv\Lib\site-packages\starlette\middleware\cors.py:88: in __call__
    await self.app(scope, receive, send)
..\..\..\sdlc_sandbox\venv\Lib\site-packages\starlette\middleware\exceptions.py:63: in __call__
    await wrap_app_handling_exceptions(self.app, conn)(scope, receive, send)
..\..\..\sdlc_sandbox\venv\Lib\site-packages\starlette\_exception_handler.py:53: in wrapped_app
    raise exc
..\..\..\sdlc_sandbox\venv\Lib\site-packages\starlette\_exception_handler.py:42: in wrapped_app
    await app(scope, receive, sender)
..\..\..\sdlc_sandbox\venv\Lib\site-packages\fastapi\middleware\asyncexitstack.py:18: in __call__
    await self.app(scope, receive, send)
..\..\..\sdlc_sandbox\venv\Lib\site-packages\starlette\routing.py:660: in __call__
    await self.middleware_stack(scope, receive, send)
..\..\..\sdlc_sandbox\venv\Lib\site-packages\fastapi\routing.py:2689: in app
    await route.handle(scope, receive, send)
..\..\..\sdlc_sandbox\venv\Lib\site-packages\fastapi\routing.py:1770: in handle
    await self.original_router.handle(scope, receive, send)
..\..\..\sdlc_sandbox\venv\Lib\site-packages\fastapi\routing.py:2744: in handle
    await included_router._handle_selected(scope, receive, send)
..\..\..\sdlc_sandbox\venv\Lib\site-packages\fastapi\routing.py:1790: in _handle_selected
    await original_route.handle(scope, receive, send)
..\..\..\sdlc_sandbox\venv\Lib\site-packages\fastapi\routing.py:1270: in handle
    await app(scope, receive, send)
..\..\..\sdlc_sandbox\venv\Lib\site-packages\fastapi\routing.py:156: in app
    await wrap_app_handling_exceptions(app, request)(scope, receive, send)
..\..\..\sdlc_sandbox\venv\Lib\site-packages\starlette\_exception_handler.py:53: in wrapped_app
    raise exc
..\..\..\sdlc_sandbox\venv\Lib\site-packages\starlette\_exception_handler.py:42: in wrapped_app
    await app(scope, receive, sender)
..\..\..\sdlc_sandbox\venv\Lib\site-packages\fastapi\routing.py:142: in app
    response = await f(request)
               ^^^^^^^^^^^^^^^^
..\..\..\sdlc_sandbox\venv\Lib\site-packages\fastapi\routing.py:698: in app
    raw_response = await run_endpoint_function(
..\..\..\sdlc_sandbox\venv\Lib\site-packages\fastapi\routing.py:352: in run_endpoint_function
    return await run_in_threadpool(dependant.call, **values)
           ^^^^^^^^^^^^^^^^^^^^^^^^^^^^^^^^^^^^^^^^^^^^^^^^^
..\..\..\sdlc_sandbox\venv\Lib\site-packages\starlette\concurrency.py:34: in run_in_threadpool
    return await anyio.to_thread.run_sync(func)
           ^^^^^^^^^^^^^^^^^^^^^^^^^^^^^^^^^^^^
..\..\..\sdlc_sandbox\venv\Lib\site-packages\anyio\to_thread.py:65: in run_sync
    return await get_async_backend().run_sync_in_worker_thread(
..\..\..\sdlc_sandbox\venv\Lib\site-packages\anyio\_backends\_asyncio.py:2641: in run_sync_in_worker_thread
    return await future
           ^^^^^^^^^^^^
..\..\..\sdlc_sandbox\venv\Lib\site-packages\anyio\_backends\_asyncio.py:1033: in run
    result = context.run(func, *args)
             ^^^^^^^^^^^^^^^^^^^^^^^^
server\routers\auth.py:68: in dummy_login
    db_user = db.query(User).filter(User.email == username).first()
              ^^^^^^^^^^^^^^^^^^^^^^^^^^^^^^^^^^^^^^^^^^^^^^^^^^^^^
..\..\..\sdlc_sandbox\venv\Lib\site-packages\sqlalchemy\orm\query.py:2766: in first
    return self.limit(1)._iter().first()  # type: ignore
           ^^^^^^^^^^^^^^^^^^^^^
..\..\..\sdlc_sandbox\venv\Lib\site-packages\sqlalchemy\orm\query.py:2864: in _iter
    result: Union[ScalarResult[_T], Result[_T]] = self.session.execute(
..\..\..\sdlc_sandbox\venv\Lib\site-packages\sqlalchemy\orm\session.py:2373: in execute
    return self._execute_internal(
..\..\..\sdlc_sandbox\venv\Lib\site-packages\sqlalchemy\orm\session.py:2271: in _execute_internal
    result: Result[Any] = compile_state_cls.orm_execute_statement(
..\..\..\sdlc_sandbox\venv\Lib\site-packages\sqlalchemy\orm\context.py:306: in orm_execute_statement
    result = conn.execute(
..\..\..\sdlc_sandbox\venv\Lib\site-packages\sqlalchemy\engine\base.py:1421: in execute
    return meth(
..\..\..\sdlc_sandbox\venv\Lib\site-packages\sqlalchemy\sql\elements.py:526: in _execute_on_connection
    return connection._execute_clauseelement(
..\..\..\sdlc_sandbox\venv\Lib\site-packages\sqlalchemy\engine\base.py:1643: in _execute_clauseelement
    ret = self._execute_context(
..\..\..\sdlc_sandbox\venv\Lib\site-packages\sqlalchemy\engine\base.py:1848: in _execute_context
    return self._exec_single_context(
..\..\..\sdlc_sandbox\venv\Lib\site-packages\sqlalchemy\engine\base.py:1988: in _exec_single_context
    self._handle_dbapi_exception(
..\..\..\sdlc_sandbox\venv\Lib\site-packages\sqlalchemy\engine\base.py:2365: in _handle_dbapi_exception
    raise sqlalchemy_exception.with_traceback(exc_info[2]) from e
..\..\..\sdlc_sandbox\venv\Lib\site-packages\sqlalchemy\engine\base.py:1969: in _exec_single_context
    self.dialect.do_execute(
_ _ _ _ _ _ _ _ _ _ _ _ _ _ _ _ _ _ _ _ _ _ _ _ _ _ _ _ _ _ _ _ _ _ _ _ _ _ _ _

self = <sqlalchemy.dialects.sqlite.pysqlite.SQLiteDialect_pysqlite object at 0x000002221D3F4550>
cursor = <sqlite3.Cursor object at 0x000002221EB31840>
statement = 'SELECT users.id AS users_id, users.email AS users_email, users.hashed_password AS users_hashed_password, users.role A...fied AS users_email_verified, users.disabled AS users_disabled \nFROM users \nWHERE users.email = ?\n LIMIT ? OFFSET ?'
parameters = ('test@example.com', 1, 0)
context = <sqlalchemy.dialects.sqlite.base.SQLiteExecutionContext object at 0x000002221D493850>

    def do_execute(self, cursor, statement, parameters, context=None):
>       cursor.execute(statement, parameters)
E       sqlalchemy.exc.OperationalError: (sqlite3.OperationalError) no such table: users
E       [SQL: SELECT users.id AS users_id, users.email AS users_email, users.hashed_password AS users_hashed_password, users.role AS users_role, users.is_active AS users_is_active, users.is_verified AS users_is_verified, users.email_verified AS users_email_verified, users.disabled AS users_disabled 
E       FROM users 
E       WHERE users.email = ?
E        LIMIT ? OFFSET ?]
E       [parameters: ('test@example.com', 1, 0)]
E       (Background on this error at: https://sqlalche.me/e/20/e3q8)

..\..\..\sdlc_sandbox\venv\Lib\site-packages\sqlalchemy\engine\default.py:952: OperationalError
__________________________ test_get_funding_accounts __________________________

self = <sqlalchemy.engine.base.Connection object at 0x000002221D72FA10>
dialect = <sqlalchemy.dialects.sqlite.pysqlite.SQLiteDialect_pysqlite object at 0x000002221D3F4550>
context = <sqlalchemy.dialects.sqlite.base.SQLiteExecutionContext object at 0x000002221DF5CBB0>
statement = <sqlalchemy.dialects.sqlite.base.SQLiteCompiler object at 0x000002221D4D2FD0>
parameters = [('test@example.com', 1, 0)]

    def _exec_single_context(
        self,
        dialect: Dialect,
        context: ExecutionContext,
        statement: Union[str, Compiled],
        parameters: Optional[_AnyMultiExecuteParams],
    ) -> CursorResult[Any]:
        """continue the _execute_context() method for a single DBAPI
        cursor.execute() or cursor.executemany() call.
    
        """
        if dialect.bind_typing is BindTyping.SETINPUTSIZES:
            generic_setinputsizes = context._prepare_set_input_sizes()
    
            if generic_setinputsizes:
                try:
                    dialect.do_set_input_sizes(
                        context.cursor, generic_setinputsizes, context
                    )
                except BaseException as e:
                    self._handle_dbapi_exception(
                        e, str(statement), parameters, None, context
                    )
    
        cursor, str_statement, parameters = (
            context.cursor,
            context.statement,
            context.parameters,
        )
    
        effective_parameters: Optional[_AnyExecuteParams]
    
        if not context.executemany:
            effective_parameters = parameters[0]
        else:
            effective_parameters = parameters
    
        if self._has_events or self.engine._has_events:
            for fn in self.dispatch.before_cursor_execute:
                str_statement, effective_parameters = fn(
                    self,
                    cursor,
                    str_statement,
                    effective_parameters,
                    context,
                    context.executemany,
                )
    
        if self._echo:
            self._log_info(str_statement)
    
            stats = context._get_cache_stats()
    
            if not self.engine.hide_parameters:
                self._log_info(
                    "[%s] %r",
                    stats,
                    sql_util._repr_params(
                        effective_parameters,
                        batches=10,
                        ismulti=context.executemany,
                    ),
                )
            else:
                self._log_info(
                    "[%s] [SQL parameters hidden due to hide_parameters=True]",
                    stats,
                )
    
        evt_handled: bool = False
        try:
            if context.execute_style is ExecuteStyle.EXECUTEMANY:
                effective_parameters = cast(
                    "_CoreMultiExecuteParams", effective_parameters
                )
                if self.dialect._has_events:
                    for fn in self.dialect.dispatch.do_executemany:
                        if fn(
                            cursor,
                            str_statement,
                            effective_parameters,
                            context,
                        ):
                            evt_handled = True
                            break
                if not evt_handled:
                    self.dialect.do_executemany(
                        cursor,
                        str_statement,
                        effective_parameters,
                        context,
                    )
            elif not effective_parameters and context.no_parameters:
                if self.dialect._has_events:
                    for fn in self.dialect.dispatch.do_execute_no_params:
                        if fn(cursor, str_statement, context):
                            evt_handled = True
                            break
                if not evt_handled:
                    self.dialect.do_execute_no_params(
                        cursor, str_statement, context
                    )
            else:
                effective_parameters = cast(
                    "_CoreSingleExecuteParams", effective_parameters
                )
                if self.dialect._has_events:
                    for fn in self.dialect.dispatch.do_execute:
                        if fn(
                            cursor,
                            str_statement,
                            effective_parameters,
                            context,
                        ):
                            evt_handled = True
                            break
                if not evt_handled:
>                   self.dialect.do_execute(
                        cursor, str_statement, effective_parameters, context
                    )

..\..\..\sdlc_sandbox\venv\Lib\site-packages\sqlalchemy\engine\base.py:1969: 
_ _ _ _ _ _ _ _ _ _ _ _ _ _ _ _ _ _ _ _ _ _ _ _ _ _ _ _ _ _ _ _ _ _ _ _ _ _ _ _

self = <sqlalchemy.dialects.sqlite.pysqlite.SQLiteDialect_pysqlite object at 0x000002221D3F4550>
cursor = <sqlite3.Cursor object at 0x000002221D8E9340>
statement = 'SELECT users.id AS users_id, users.email AS users_email, users.hashed_password AS users_hashed_password, users.role A...fied AS users_email_verified, users.disabled AS users_disabled \nFROM users \nWHERE users.email = ?\n LIMIT ? OFFSET ?'
parameters = ('test@example.com', 1, 0)
context = <sqlalchemy.dialects.sqlite.base.SQLiteExecutionContext object at 0x000002221DF5CBB0>

    def do_execute(self, cursor, statement, parameters, context=None):
>       cursor.execute(statement, parameters)
E       sqlite3.OperationalError: no such table: users

..\..\..\sdlc_sandbox\venv\Lib\site-packages\sqlalchemy\engine\default.py:952: OperationalError

The above exception was the direct cause of the following exception:

client = <starlette.testclient.TestClient object at 0x000002221D4156E0>

    def test_get_funding_accounts(client: TestClient):
        # AC 2: Both DDA and Savings accounts are displayed as selectable payment sources on the Make Payment screen.
>       headers = get_auth_headers(client)
                  ^^^^^^^^^^^^^^^^^^^^^^^^

server\tests\test_mortgage.py:31: 
_ _ _ _ _ _ _ _ _ _ _ _ _ _ _ _ _ _ _ _ _ _ _ _ _ _ _ _ _ _ _ _ _ _ _ _ _ _ _ _
server\tests\test_mortgage.py:8: in get_auth_headers
    response = client.post(
..\..\..\sdlc_sandbox\venv\Lib\site-packages\starlette\testclient.py:555: in post
    return super().post(
..\..\..\sdlc_sandbox\venv\Lib\site-packages\httpx\_client.py:1144: in post
    return self.request(
..\..\..\sdlc_sandbox\venv\Lib\site-packages\starlette\testclient.py:454: in request
    return super().request(
..\..\..\sdlc_sandbox\venv\Lib\site-packages\httpx\_client.py:825: in request
    return self.send(request, auth=auth, follow_redirects=follow_redirects)
           ^^^^^^^^^^^^^^^^^^^^^^^^^^^^^^^^^^^^^^^^^^^^^^^^^^^^^^^^^^^^^^^^
..\..\..\sdlc_sandbox\venv\Lib\site-packages\httpx\_client.py:914: in send
    response = self._send_handling_auth(
..\..\..\sdlc_sandbox\venv\Lib\site-packages\httpx\_client.py:942: in _send_handling_auth
    response = self._send_handling_redirects(
..\..\..\sdlc_sandbox\venv\Lib\site-packages\httpx\_client.py:979: in _send_handling_redirects
    response = self._send_single_request(request)
               ^^^^^^^^^^^^^^^^^^^^^^^^^^^^^^^^^^
..\..\..\sdlc_sandbox\venv\Lib\site-packages\httpx\_client.py:1014: in _send_single_request
    response = transport.handle_request(request)
               ^^^^^^^^^^^^^^^^^^^^^^^^^^^^^^^^^
..\..\..\sdlc_sandbox\venv\Lib\site-packages\starlette\testclient.py:356: in handle_request
    raise exc
..\..\..\sdlc_sandbox\venv\Lib\site-packages\starlette\testclient.py:353: in handle_request
    portal.call(self.app, scope, receive, send)
..\..\..\sdlc_sandbox\venv\Lib\site-packages\anyio\from_thread.py:338: in call
    return cast(T_Retval, self.start_task_soon(func, *args).result())
                          ^^^^^^^^^^^^^^^^^^^^^^^^^^^^^^^^^^^^^^^^^^
..\..\..\..\..\Roaming\uv\python\cpython-3.13.9-windows-x86_64-none\Lib\concurrent\futures\_base.py:456: in result
    return self.__get_result()
           ^^^^^^^^^^^^^^^^^^^
..\..\..\..\..\Roaming\uv\python\cpython-3.13.9-windows-x86_64-none\Lib\concurrent\futures\_base.py:401: in __get_result
    raise self._exception
..\..\..\sdlc_sandbox\venv\Lib\site-packages\anyio\from_thread.py:263: in _call_func
    retval = await retval_or_awaitable
             ^^^^^^^^^^^^^^^^^^^^^^^^^
..\..\..\sdlc_sandbox\venv\Lib\site-packages\fastapi\applications.py:1163: in __call__
    await super().__call__(scope, receive, send)
..\..\..\sdlc_sandbox\venv\Lib\site-packages\starlette\applications.py:90: in __call__
    await self.middleware_stack(scope, receive, send)
..\..\..\sdlc_sandbox\venv\Lib\site-packages\starlette\middleware\errors.py:186: in __call__
    raise exc
..\..\..\sdlc_sandbox\venv\Lib\site-packages\starlette\middleware\errors.py:164: in __call__
    await self.app(scope, receive, _send)
..\..\..\sdlc_sandbox\venv\Lib\site-packages\starlette\middleware\cors.py:88: in __call__
    await self.app(scope, receive, send)
..\..\..\sdlc_sandbox\venv\Lib\site-packages\starlette\middleware\exceptions.py:63: in __call__
    await wrap_app_handling_exceptions(self.app, conn)(scope, receive, send)
..\..\..\sdlc_sandbox\venv\Lib\site-packages\starlette\_exception_handler.py:53: in wrapped_app
    raise exc
..\..\..\sdlc_sandbox\venv\Lib\site-packages\starlette\_exception_handler.py:42: in wrapped_app
    await app(scope, receive, sender)
..\..\..\sdlc_sandbox\venv\Lib\site-packages\fastapi\middleware\asyncexitstack.py:18: in __call__
    await self.app(scope, receive, send)
..\..\..\sdlc_sandbox\venv\Lib\site-packages\starlette\routing.py:660: in __call__
    await self.middleware_stack(scope, receive, send)
..\..\..\sdlc_sandbox\venv\Lib\site-packages\fastapi\routing.py:2689: in app
    await route.handle(scope, receive, send)
..\..\..\sdlc_sandbox\venv\Lib\site-packages\fastapi\routing.py:1770: in handle
    await self.original_router.handle(scope, receive, send)
..\..\..\sdlc_sandbox\venv\Lib\site-packages\fastapi\routing.py:2744: in handle
    await included_router._handle_selected(scope, receive, send)
..\..\..\sdlc_sandbox\venv\Lib\site-packages\fastapi\routing.py:1790: in _handle_selected
    await original_route.handle(scope, receive, send)
..\..\..\sdlc_sandbox\venv\Lib\site-packages\fastapi\routing.py:1270: in handle
    await app(scope, receive, send)
..\..\..\sdlc_sandbox\venv\Lib\site-packages\fastapi\routing.py:156: in app
    await wrap_app_handling_exceptions(app, request)(scope, receive, send)
..\..\..\sdlc_sandbox\venv\Lib\site-packages\starlette\_exception_handler.py:53: in wrapped_app
    raise exc
..\..\..\sdlc_sandbox\venv\Lib\site-packages\starlette\_exception_handler.py:42: in wrapped_app
    await app(scope, receive, sender)
..\..\..\sdlc_sandbox\venv\Lib\site-packages\fastapi\routing.py:142: in app
    response = await f(request)
               ^^^^^^^^^^^^^^^^
..\..\..\sdlc_sandbox\venv\Lib\site-packages\fastapi\routing.py:698: in app
    raw_response = await run_endpoint_function(
..\..\..\sdlc_sandbox\venv\Lib\site-packages\fastapi\routing.py:352: in run_endpoint_function
    return await run_in_threadpool(dependant.call, **values)
           ^^^^^^^^^^^^^^^^^^^^^^^^^^^^^^^^^^^^^^^^^^^^^^^^^
..\..\..\sdlc_sandbox\venv\Lib\site-packages\starlette\concurrency.py:34: in run_in_threadpool
    return await anyio.to_thread.run_sync(func)
           ^^^^^^^^^^^^^^^^^^^^^^^^^^^^^^^^^^^^
..\..\..\sdlc_sandbox\venv\Lib\site-packages\anyio\to_thread.py:65: in run_sync
    return await get_async_backend().run_sync_in_worker_thread(
..\..\..\sdlc_sandbox\venv\Lib\site-packages\anyio\_backends\_asyncio.py:2641: in run_sync_in_worker_thread
    return await future
           ^^^^^^^^^^^^
..\..\..\sdlc_sandbox\venv\Lib\site-packages\anyio\_backends\_asyncio.py:1033: in run
    result = context.run(func, *args)
             ^^^^^^^^^^^^^^^^^^^^^^^^
server\routers\auth.py:68: in dummy_login
    db_user = db.query(User).filter(User.email == username).first()
              ^^^^^^^^^^^^^^^^^^^^^^^^^^^^^^^^^^^^^^^^^^^^^^^^^^^^^
..\..\..\sdlc_sandbox\venv\Lib\site-packages\sqlalchemy\orm\query.py:2766: in first
    return self.limit(1)._iter().first()  # type: ignore
           ^^^^^^^^^^^^^^^^^^^^^
..\..\..\sdlc_sandbox\venv\Lib\site-packages\sqlalchemy\orm\query.py:2864: in _iter
    result: Union[ScalarResult[_T], Result[_T]] = self.session.execute(
..\..\..\sdlc_sandbox\venv\Lib\site-packages\sqlalchemy\orm\session.py:2373: in execute
    return self._execute_internal(
..\..\..\sdlc_sandbox\venv\Lib\site-packages\sqlalchemy\orm\session.py:2271: in _execute_internal
    result: Result[Any] = compile_state_cls.orm_execute_statement(
..\..\..\sdlc_sandbox\venv\Lib\site-packages\sqlalchemy\orm\context.py:306: in orm_execute_statement
    result = conn.execute(
..\..\..\sdlc_sandbox\venv\Lib\site-packages\sqlalchemy\engine\base.py:1421: in execute
    return meth(
..\..\..\sdlc_sandbox\venv\Lib\site-packages\sqlalchemy\sql\elements.py:526: in _execute_on_connection
    return connection._execute_clauseelement(
..\..\..\sdlc_sandbox\venv\Lib\site-packages\sqlalchemy\engine\base.py:1643: in _execute_clauseelement
    ret = self._execute_context(
..\..\..\sdlc_sandbox\venv\Lib\site-packages\sqlalchemy\engine\base.py:1848: in _execute_context
    return self._exec_single_context(
..\..\..\sdlc_sandbox\venv\Lib\site-packages\sqlalchemy\engine\base.py:1988: in _exec_single_context
    self._handle_dbapi_exception(
..\..\..\sdlc_sandbox\venv\Lib\site-packages\sqlalchemy\engine\base.py:2365: in _handle_dbapi_exception
    raise sqlalchemy_exception.with_traceback(exc_info[2]) from e
..\..\..\sdlc_sandbox\venv\Lib\site-packages\sqlalchemy\engine\base.py:1969: in _exec_single_context
    self.dialect.do_execute(
_ _ _ _ _ _ _ _ _ _ _ _ _ _ _ _ _ _ _ _ _ _ _ _ _ _ _ _ _ _ _ _ _ _ _ _ _ _ _ _

self = <sqlalchemy.dialects.sqlite.pysqlite.SQLiteDialect_pysqlite object at 0x000002221D3F4550>
cursor = <sqlite3.Cursor object at 0x000002221D8E9340>
statement = 'SELECT users.id AS users_id, users.email AS users_email, users.hashed_password AS users_hashed_password, users.role A...fied AS users_email_verified, users.disabled AS users_disabled \nFROM users \nWHERE users.email = ?\n LIMIT ? OFFSET ?'
parameters = ('test@example.com', 1, 0)
context = <sqlalchemy.dialects.sqlite.base.SQLiteExecutionContext object at 0x000002221DF5CBB0>

    def do_execute(self, cursor, statement, parameters, context=None):
>       cursor.execute(statement, parameters)
E       sqlalchemy.exc.OperationalError: (sqlite3.OperationalError) no such table: users
E       [SQL: SELECT users.id AS users_id, users.email AS users_email, users.hashed_password AS users_hashed_password, users.role AS users_role, users.is_active AS users_is_active, users.is_verified AS users_is_verified, users.email_verified AS users_email_verified, users.disabled AS users_disabled 
E       FROM users 
E       WHERE users.email = ?
E        LIMIT ? OFFSET ?]
E       [parameters: ('test@example.com', 1, 0)]
E       (Background on this error at: https://sqlalche.me/e/20/e3q8)

..\..\..\sdlc_sandbox\venv\Lib\site-packages\sqlalchemy\engine\default.py:952: OperationalError
____________________ test_validate_account_balance_success ____________________

self = <sqlalchemy.engine.base.Connection object at 0x000002221D72EB10>
dialect = <sqlalchemy.dialects.sqlite.pysqlite.SQLiteDialect_pysqlite object at 0x000002221D3F4550>
context = <sqlalchemy.dialects.sqlite.base.SQLiteExecutionContext object at 0x000002221DE61710>
statement = <sqlalchemy.dialects.sqlite.base.SQLiteCompiler object at 0x000002221D4D2FD0>
parameters = [('test@example.com', 1, 0)]

    def _exec_single_context(
        self,
        dialect: Dialect,
        context: ExecutionContext,
        statement: Union[str, Compiled],
        parameters: Optional[_AnyMultiExecuteParams],
    ) -> CursorResult[Any]:
        """continue the _execute_context() method for a single DBAPI
        cursor.execute() or cursor.executemany() call.
    
        """
        if dialect.bind_typing is BindTyping.SETINPUTSIZES:
            generic_setinputsizes = context._prepare_set_input_sizes()
    
            if generic_setinputsizes:
                try:
                    dialect.do_set_input_sizes(
                        context.cursor, generic_setinputsizes, context
                    )
                except BaseException as e:
                    self._handle_dbapi_exception(
                        e, str(statement), parameters, None, context
                    )
    
        cursor, str_statement, parameters = (
            context.cursor,
            context.statement,
            context.parameters,
        )
    
        effective_parameters: Optional[_AnyExecuteParams]
    
        if not context.executemany:
            effective_parameters = parameters[0]
        else:
            effective_parameters = parameters
    
        if self._has_events or self.engine._has_events:
            for fn in self.dispatch.before_cursor_execute:
                str_statement, effective_parameters = fn(
                    self,
                    cursor,
                    str_statement,
                    effective_parameters,
                    context,
                    context.executemany,
                )
    
        if self._echo:
            self._log_info(str_statement)
    
            stats = context._get_cache_stats()
    
            if not self.engine.hide_parameters:
                self._log_info(
                    "[%s] %r",
                    stats,
                    sql_util._repr_params(
                        effective_parameters,
                        batches=10,
                        ismulti=context.executemany,
                    ),
                )
            else:
                self._log_info(
                    "[%s] [SQL parameters hidden due to hide_parameters=True]",
                    stats,
                )
    
        evt_handled: bool = False
        try:
            if context.execute_style is ExecuteStyle.EXECUTEMANY:
                effective_parameters = cast(
                    "_CoreMultiExecuteParams", effective_parameters
                )
                if self.dialect._has_events:
                    for fn in self.dialect.dispatch.do_executemany:
                        if fn(
                            cursor,
                            str_statement,
                            effective_parameters,
                            context,
                        ):
                            evt_handled = True
                            break
                if not evt_handled:
                    self.dialect.do_executemany(
                        cursor,
                        str_statement,
                        effective_parameters,
                        context,
                    )
            elif not effective_parameters and context.no_parameters:
                if self.dialect._has_events:
                    for fn in self.dialect.dispatch.do_execute_no_params:
                        if fn(cursor, str_statement, context):
                            evt_handled = True
                            break
                if not evt_handled:
                    self.dialect.do_execute_no_params(
                        cursor, str_statement, context
                    )
            else:
                effective_parameters = cast(
                    "_CoreSingleExecuteParams", effective_parameters
                )
                if self.dialect._has_events:
                    for fn in self.dialect.dispatch.do_execute:
                        if fn(
                            cursor,
                            str_statement,
                            effective_parameters,
                            context,
                        ):
                            evt_handled = True
                            break
                if not evt_handled:
>                   self.dialect.do_execute(
                        cursor, str_statement, effective_parameters, context
                    )

..\..\..\sdlc_sandbox\venv\Lib\site-packages\sqlalchemy\engine\base.py:1969: 
_ _ _ _ _ _ _ _ _ _ _ _ _ _ _ _ _ _ _ _ _ _ _ _ _ _ _ _ _ _ _ _ _ _ _ _ _ _ _ _

self = <sqlalchemy.dialects.sqlite.pysqlite.SQLiteDialect_pysqlite object at 0x000002221D3F4550>
cursor = <sqlite3.Cursor object at 0x000002221F5195C0>
statement = 'SELECT users.id AS users_id, users.email AS users_email, users.hashed_password AS users_hashed_password, users.role A...fied AS users_email_verified, users.disabled AS users_disabled \nFROM users \nWHERE users.email = ?\n LIMIT ? OFFSET ?'
parameters = ('test@example.com', 1, 0)
context = <sqlalchemy.dialects.sqlite.base.SQLiteExecutionContext object at 0x000002221DE61710>

    def do_execute(self, cursor, statement, parameters, context=None):
>       cursor.execute(statement, parameters)
E       sqlite3.OperationalError: no such table: users

..\..\..\sdlc_sandbox\venv\Lib\site-packages\sqlalchemy\engine\default.py:952: OperationalError

The above exception was the direct cause of the following exception:

client = <starlette.testclient.TestClient object at 0x000002221D395EB0>

    def test_validate_account_balance_success(client: TestClient):
        # AC 3: Selecting an account triggers a real-time Fiserv balance inquiry; sufficient balance returns true.
>       headers = get_auth_headers(client)
                  ^^^^^^^^^^^^^^^^^^^^^^^^

server\tests\test_mortgage.py:45: 
_ _ _ _ _ _ _ _ _ _ _ _ _ _ _ _ _ _ _ _ _ _ _ _ _ _ _ _ _ _ _ _ _ _ _ _ _ _ _ _
server\tests\test_mortgage.py:8: in get_auth_headers
    response = client.post(
..\..\..\sdlc_sandbox\venv\Lib\site-packages\starlette\testclient.py:555: in post
    return super().post(
..\..\..\sdlc_sandbox\venv\Lib\site-packages\httpx\_client.py:1144: in post
    return self.request(
..\..\..\sdlc_sandbox\venv\Lib\site-packages\starlette\testclient.py:454: in request
    return super().request(
..\..\..\sdlc_sandbox\venv\Lib\site-packages\httpx\_client.py:825: in request
    return self.send(request, auth=auth, follow_redirects=follow_redirects)
           ^^^^^^^^^^^^^^^^^^^^^^^^^^^^^^^^^^^^^^^^^^^^^^^^^^^^^^^^^^^^^^^^
..\..\..\sdlc_sandbox\venv\Lib\site-packages\httpx\_client.py:914: in send
    response = self._send_handling_auth(
..\..\..\sdlc_sandbox\venv\Lib\site-packages\httpx\_client.py:942: in _send_handling_auth
    response = self._send_handling_redirects(
..\..\..\sdlc_sandbox\venv\Lib\site-packages\httpx\_client.py:979: in _send_handling_redirects
    response = self._send_single_request(request)
               ^^^^^^^^^^^^^^^^^^^^^^^^^^^^^^^^^^
..\..\..\sdlc_sandbox\venv\Lib\site-packages\httpx\_client.py:1014: in _send_single_request
    response = transport.handle_request(request)
               ^^^^^^^^^^^^^^^^^^^^^^^^^^^^^^^^^
..\..\..\sdlc_sandbox\venv\Lib\site-packages\starlette\testclient.py:356: in handle_request
    raise exc
..\..\..\sdlc_sandbox\venv\Lib\site-packages\starlette\testclient.py:353: in handle_request
    portal.call(self.app, scope, receive, send)
..\..\..\sdlc_sandbox\venv\Lib\site-packages\anyio\from_thread.py:338: in call
    return cast(T_Retval, self.start_task_soon(func, *args).result())
                          ^^^^^^^^^^^^^^^^^^^^^^^^^^^^^^^^^^^^^^^^^^
..\..\..\..\..\Roaming\uv\python\cpython-3.13.9-windows-x86_64-none\Lib\concurrent\futures\_base.py:456: in result
    return self.__get_result()
           ^^^^^^^^^^^^^^^^^^^
..\..\..\..\..\Roaming\uv\python\cpython-3.13.9-windows-x86_64-none\Lib\concurrent\futures\_base.py:401: in __get_result
    raise self._exception
..\..\..\sdlc_sandbox\venv\Lib\site-packages\anyio\from_thread.py:263: in _call_func
    retval = await retval_or_awaitable
             ^^^^^^^^^^^^^^^^^^^^^^^^^
..\..\..\sdlc_sandbox\venv\Lib\site-packages\fastapi\applications.py:1163: in __call__
    await super().__call__(scope, receive, send)
..\..\..\sdlc_sandbox\venv\Lib\site-packages\starlette\applications.py:90: in __call__
    await self.middleware_stack(scope, receive, send)
..\..\..\sdlc_sandbox\venv\Lib\site-packages\starlette\middleware\errors.py:186: in __call__
    raise exc
..\..\..\sdlc_sandbox\venv\Lib\site-packages\starlette\middleware\errors.py:164: in __call__
    await self.app(scope, receive, _send)
..\..\..\sdlc_sandbox\venv\Lib\site-packages\starlette\middleware\cors.py:88: in __call__
    await self.app(scope, receive, send)
..\..\..\sdlc_sandbox\venv\Lib\site-packages\starlette\middleware\exceptions.py:63: in __call__
    await wrap_app_handling_exceptions(self.app, conn)(scope, receive, send)
..\..\..\sdlc_sandbox\venv\Lib\site-packages\starlette\_exception_handler.py:53: in wrapped_app
    raise exc
..\..\..\sdlc_sandbox\venv\Lib\site-packages\starlette\_exception_handler.py:42: in wrapped_app
    await app(scope, receive, sender)
..\..\..\sdlc_sandbox\venv\Lib\site-packages\fastapi\middleware\asyncexitstack.py:18: in __call__
    await self.app(scope, receive, send)
..\..\..\sdlc_sandbox\venv\Lib\site-packages\starlette\routing.py:660: in __call__
    await self.middleware_stack(scope, receive, send)
..\..\..\sdlc_sandbox\venv\Lib\site-packages\fastapi\routing.py:2689: in app
    await route.handle(scope, receive, send)
..\..\..\sdlc_sandbox\venv\Lib\site-packages\fastapi\routing.py:1770: in handle
    await self.original_router.handle(scope, receive, send)
..\..\..\sdlc_sandbox\venv\Lib\site-packages\fastapi\routing.py:2744: in handle
    await included_router._handle_selected(scope, receive, send)
..\..\..\sdlc_sandbox\venv\Lib\site-packages\fastapi\routing.py:1790: in _handle_selected
    await original_route.handle(scope, receive, send)
..\..\..\sdlc_sandbox\venv\Lib\site-packages\fastapi\routing.py:1270: in handle
    await app(scope, receive, send)
..\..\..\sdlc_sandbox\venv\Lib\site-packages\fastapi\routing.py:156: in app
    await wrap_app_handling_exceptions(app, request)(scope, receive, send)
..\..\..\sdlc_sandbox\venv\Lib\site-packages\starlette\_exception_handler.py:53: in wrapped_app
    raise exc
..\..\..\sdlc_sandbox\venv\Lib\site-packages\starlette\_exception_handler.py:42: in wrapped_app
    await app(scope, receive, sender)
..\..\..\sdlc_sandbox\venv\Lib\site-packages\fastapi\routing.py:142: in app
    response = await f(request)
               ^^^^^^^^^^^^^^^^
..\..\..\sdlc_sandbox\venv\Lib\site-packages\fastapi\routing.py:698: in app
    raw_response = await run_endpoint_function(
..\..\..\sdlc_sandbox\venv\Lib\site-packages\fastapi\routing.py:352: in run_endpoint_function
    return await run_in_threadpool(dependant.call, **values)
           ^^^^^^^^^^^^^^^^^^^^^^^^^^^^^^^^^^^^^^^^^^^^^^^^^
..\..\..\sdlc_sandbox\venv\Lib\site-packages\starlette\concurrency.py:34: in run_in_threadpool
    return await anyio.to_thread.run_sync(func)
           ^^^^^^^^^^^^^^^^^^^^^^^^^^^^^^^^^^^^
..\..\..\sdlc_sandbox\venv\Lib\site-packages\anyio\to_thread.py:65: in run_sync
    return await get_async_backend().run_sync_in_worker_thread(
..\..\..\sdlc_sandbox\venv\Lib\site-packages\anyio\_backends\_asyncio.py:2641: in run_sync_in_worker_thread
    return await future
           ^^^^^^^^^^^^
..\..\..\sdlc_sandbox\venv\Lib\site-packages\anyio\_backends\_asyncio.py:1033: in run
    result = context.run(func, *args)
             ^^^^^^^^^^^^^^^^^^^^^^^^
server\routers\auth.py:68: in dummy_login
    db_user = db.query(User).filter(User.email == username).first()
              ^^^^^^^^^^^^^^^^^^^^^^^^^^^^^^^^^^^^^^^^^^^^^^^^^^^^^
..\..\..\sdlc_sandbox\venv\Lib\site-packages\sqlalchemy\orm\query.py:2766: in first
    return self.limit(1)._iter().first()  # type: ignore
           ^^^^^^^^^^^^^^^^^^^^^
..\..\..\sdlc_sandbox\venv\Lib\site-packages\sqlalchemy\orm\query.py:2864: in _iter
    result: Union[ScalarResult[_T], Result[_T]] = self.session.execute(
..\..\..\sdlc_sandbox\venv\Lib\site-packages\sqlalchemy\orm\session.py:2373: in execute
    return self._execute_internal(
..\..\..\sdlc_sandbox\venv\Lib\site-packages\sqlalchemy\orm\session.py:2271: in _execute_internal
    result: Result[Any] = compile_state_cls.orm_execute_statement(
..\..\..\sdlc_sandbox\venv\Lib\site-packages\sqlalchemy\orm\context.py:306: in orm_execute_statement
    result = conn.execute(
..\..\..\sdlc_sandbox\venv\Lib\site-packages\sqlalchemy\engine\base.py:1421: in execute
    return meth(
..\..\..\sdlc_sandbox\venv\Lib\site-packages\sqlalchemy\sql\elements.py:526: in _execute_on_connection
    return connection._execute_clauseelement(
..\..\..\sdlc_sandbox\venv\Lib\site-packages\sqlalchemy\engine\base.py:1643: in _execute_clauseelement
    ret = self._execute_context(
..\..\..\sdlc_sandbox\venv\Lib\site-packages\sqlalchemy\engine\base.py:1848: in _execute_context
    return self._exec_single_context(
..\..\..\sdlc_sandbox\venv\Lib\site-packages\sqlalchemy\engine\base.py:1988: in _exec_single_context
    self._handle_dbapi_exception(
..\..\..\sdlc_sandbox\venv\Lib\site-packages\sqlalchemy\engine\base.py:2365: in _handle_dbapi_exception
    raise sqlalchemy_exception.with_traceback(exc_info[2]) from e
..\..\..\sdlc_sandbox\venv\Lib\site-packages\sqlalchemy\engine\base.py:1969: in _exec_single_context
    self.dialect.do_execute(
_ _ _ _ _ _ _ _ _ _ _ _ _ _ _ _ _ _ _ _ _ _ _ _ _ _ _ _ _ _ _ _ _ _ _ _ _ _ _ _

self = <sqlalchemy.dialects.sqlite.pysqlite.SQLiteDialect_pysqlite object at 0x000002221D3F4550>
cursor = <sqlite3.Cursor object at 0x000002221F5195C0>
statement = 'SELECT users.id AS users_id, users.email AS users_email, users.hashed_password AS users_hashed_password, users.role A...fied AS users_email_verified, users.disabled AS users_disabled \nFROM users \nWHERE users.email = ?\n LIMIT ? OFFSET ?'
parameters = ('test@example.com', 1, 0)
context = <sqlalchemy.dialects.sqlite.base.SQLiteExecutionContext object at 0x000002221DE61710>

    def do_execute(self, cursor, statement, parameters, context=None):
>       cursor.execute(statement, parameters)
E       sqlalchemy.exc.OperationalError: (sqlite3.OperationalError) no such table: users
E       [SQL: SELECT users.id AS users_id, users.email AS users_email, users.hashed_password AS users_hashed_password, users.role AS users_role, users.is_active AS users_is_active, users.is_verified AS users_is_verified, users.email_verified AS users_email_verified, users.disabled AS users_disabled 
E       FROM users 
E       WHERE users.email = ?
E        LIMIT ? OFFSET ?]
E       [parameters: ('test@example.com', 1, 0)]
E       (Background on this error at: https://sqlalche.me/e/20/e3q8)

..\..\..\sdlc_sandbox\venv\Lib\site-packages\sqlalchemy\engine\default.py:952: OperationalError
_________________ test_validate_account_balance_insufficient __________________

self = <sqlalchemy.engine.base.Connection object at 0x000002221D72E990>
dialect = <sqlalchemy.dialects.sqlite.pysqlite.SQLiteDialect_pysqlite object at 0x000002221D3F4550>
context = <sqlalchemy.dialects.sqlite.base.SQLiteExecutionContext object at 0x000002221DE98670>
statement = <sqlalchemy.dialects.sqlite.base.SQLiteCompiler object at 0x000002221D4D2FD0>
parameters = [('test@example.com', 1, 0)]

    def _exec_single_context(
        self,
        dialect: Dialect,
        context: ExecutionContext,
        statement: Union[str, Compiled],
        parameters: Optional[_AnyMultiExecuteParams],
    ) -> CursorResult[Any]:
        """continue the _execute_context() method for a single DBAPI
        cursor.execute() or cursor.executemany() call.
    
        """
        if dialect.bind_typing is BindTyping.SETINPUTSIZES:
            generic_setinputsizes = context._prepare_set_input_sizes()
    
            if generic_setinputsizes:
                try:
                    dialect.do_set_input_sizes(
                        context.cursor, generic_setinputsizes, context
                    )
                except BaseException as e:
                    self._handle_dbapi_exception(
                        e, str(statement), parameters, None, context
                    )
    
        cursor, str_statement, parameters = (
            context.cursor,
            context.statement,
            context.parameters,
        )
    
        effective_parameters: Optional[_AnyExecuteParams]
    
        if not context.executemany:
            effective_parameters = parameters[0]
        else:
            effective_parameters = parameters
    
        if self._has_events or self.engine._has_events:
            for fn in self.dispatch.before_cursor_execute:
                str_statement, effective_parameters = fn(
                    self,
                    cursor,
                    str_statement,
                    effective_parameters,
                    context,
                    context.executemany,
                )
    
        if self._echo:
            self._log_info(str_statement)
    
            stats = context._get_cache_stats()
    
            if not self.engine.hide_parameters:
                self._log_info(
                    "[%s] %r",
                    stats,
                    sql_util._repr_params(
                        effective_parameters,
                        batches=10,
                        ismulti=context.executemany,
                    ),
                )
            else:
                self._log_info(
                    "[%s] [SQL parameters hidden due to hide_parameters=True]",
                    stats,
                )
    
        evt_handled: bool = False
        try:
            if context.execute_style is ExecuteStyle.EXECUTEMANY:
                effective_parameters = cast(
                    "_CoreMultiExecuteParams", effective_parameters
                )
                if self.dialect._has_events:
                    for fn in self.dialect.dispatch.do_executemany:
                        if fn(
                            cursor,
                            str_statement,
                            effective_parameters,
                            context,
                        ):
                            evt_handled = True
                            break
                if not evt_handled:
                    self.dialect.do_executemany(
                        cursor,
                        str_statement,
                        effective_parameters,
                        context,
                    )
            elif not effective_parameters and context.no_parameters:
                if self.dialect._has_events:
                    for fn in self.dialect.dispatch.do_execute_no_params:
                        if fn(cursor, str_statement, context):
                            evt_handled = True
                            break
                if not evt_handled:
                    self.dialect.do_execute_no_params(
                        cursor, str_statement, context
                    )
            else:
                effective_parameters = cast(
                    "_CoreSingleExecuteParams", effective_parameters
                )
                if self.dialect._has_events:
                    for fn in self.dialect.dispatch.do_execute:
                        if fn(
                            cursor,
                            str_statement,
                            effective_parameters,
                            context,
                        ):
                            evt_handled = True
                            break
                if not evt_handled:
>                   self.dialect.do_execute(
                        cursor, str_statement, effective_parameters, context
                    )

..\..\..\sdlc_sandbox\venv\Lib\site-packages\sqlalchemy\engine\base.py:1969: 
_ _ _ _ _ _ _ _ _ _ _ _ _ _ _ _ _ _ _ _ _ _ _ _ _ _ _ _ _ _ _ _ _ _ _ _ _ _ _ _

self = <sqlalchemy.dialects.sqlite.pysqlite.SQLiteDialect_pysqlite object at 0x000002221D3F4550>
cursor = <sqlite3.Cursor object at 0x000002221F195140>
statement = 'SELECT users.id AS users_id, users.email AS users_email, users.hashed_password AS users_hashed_password, users.role A...fied AS users_email_verified, users.disabled AS users_disabled \nFROM users \nWHERE users.email = ?\n LIMIT ? OFFSET ?'
parameters = ('test@example.com', 1, 0)
context = <sqlalchemy.dialects.sqlite.base.SQLiteExecutionContext object at 0x000002221DE98670>

    def do_execute(self, cursor, statement, parameters, context=None):
>       cursor.execute(statement, parameters)
E       sqlite3.OperationalError: no such table: users

..\..\..\sdlc_sandbox\venv\Lib\site-packages\sqlalchemy\engine\default.py:952: OperationalError

The above exception was the direct cause of the following exception:

client = <starlette.testclient.TestClient object at 0x000002221D4B6AD0>

    def test_validate_account_balance_insufficient(client: TestClient):
        # AC 3: Selecting an account triggers a real-time Fiserv balance inquiry; insufficient balance returns false.
>       headers = get_auth_headers(client)
                  ^^^^^^^^^^^^^^^^^^^^^^^^

server\tests\test_mortgage.py:59: 
_ _ _ _ _ _ _ _ _ _ _ _ _ _ _ _ _ _ _ _ _ _ _ _ _ _ _ _ _ _ _ _ _ _ _ _ _ _ _ _
server\tests\test_mortgage.py:8: in get_auth_headers
    response = client.post(
..\..\..\sdlc_sandbox\venv\Lib\site-packages\starlette\testclient.py:555: in post
    return super().post(
..\..\..\sdlc_sandbox\venv\Lib\site-packages\httpx\_client.py:1144: in post
    return self.request(
..\..\..\sdlc_sandbox\venv\Lib\site-packages\starlette\testclient.py:454: in request
    return super().request(
..\..\..\sdlc_sandbox\venv\Lib\site-packages\httpx\_client.py:825: in request
    return self.send(request, auth=auth, follow_redirects=follow_redirects)
           ^^^^^^^^^^^^^^^^^^^^^^^^^^^^^^^^^^^^^^^^^^^^^^^^^^^^^^^^^^^^^^^^
..\..\..\sdlc_sandbox\venv\Lib\site-packages\httpx\_client.py:914: in send
    response = self._send_handling_auth(
..\..\..\sdlc_sandbox\venv\Lib\site-packages\httpx\_client.py:942: in _send_handling_auth
    response = self._send_handling_redirects(
..\..\..\sdlc_sandbox\venv\Lib\site-packages\httpx\_client.py:979: in _send_handling_redirects
    response = self._send_single_request(request)
               ^^^^^^^^^^^^^^^^^^^^^^^^^^^^^^^^^^
..\..\..\sdlc_sandbox\venv\Lib\site-packages\httpx\_client.py:1014: in _send_single_request
    response = transport.handle_request(request)
               ^^^^^^^^^^^^^^^^^^^^^^^^^^^^^^^^^
..\..\..\sdlc_sandbox\venv\Lib\site-packages\starlette\testclient.py:356: in handle_request
    raise exc
..\..\..\sdlc_sandbox\venv\Lib\site-packages\starlette\testclient.py:353: in handle_request
    portal.call(self.app, scope, receive, send)
..\..\..\sdlc_sandbox\venv\Lib\site-packages\anyio\from_thread.py:338: in call
    return cast(T_Retval, self.start_task_soon(func, *args).result())
                          ^^^^^^^^^^^^^^^^^^^^^^^^^^^^^^^^^^^^^^^^^^
..\..\..\..\..\Roaming\uv\python\cpython-3.13.9-windows-x86_64-none\Lib\concurrent\futures\_base.py:456: in result
    return self.__get_result()
           ^^^^^^^^^^^^^^^^^^^
..\..\..\..\..\Roaming\uv\python\cpython-3.13.9-windows-x86_64-none\Lib\concurrent\futures\_base.py:401: in __get_result
    raise self._exception
..\..\..\sdlc_sandbox\venv\Lib\site-packages\anyio\from_thread.py:263: in _call_func
    retval = await retval_or_awaitable
             ^^^^^^^^^^^^^^^^^^^^^^^^^
..\..\..\sdlc_sandbox\venv\Lib\site-packages\fastapi\applications.py:1163: in __call__
    await super().__call__(scope, receive, send)
..\..\..\sdlc_sandbox\venv\Lib\site-packages\starlette\applications.py:90: in __call__
    await self.middleware_stack(scope, receive, send)
..\..\..\sdlc_sandbox\venv\Lib\site-packages\starlette\middleware\errors.py:186: in __call__
    raise exc
..\..\..\sdlc_sandbox\venv\Lib\site-packages\starlette\middleware\errors.py:164: in __call__
    await self.app(scope, receive, _send)
..\..\..\sdlc_sandbox\venv\Lib\site-packages\starlette\middleware\cors.py:88: in __call__
    await self.app(scope, receive, send)
..\..\..\sdlc_sandbox\venv\Lib\site-packages\starlette\middleware\exceptions.py:63: in __call__
    await wrap_app_handling_exceptions(self.app, conn)(scope, receive, send)
..\..\..\sdlc_sandbox\venv\Lib\site-packages\starlette\_exception_handler.py:53: in wrapped_app
    raise exc
..\..\..\sdlc_sandbox\venv\Lib\site-packages\starlette\_exception_handler.py:42: in wrapped_app
    await app(scope, receive, sender)
..\..\..\sdlc_sandbox\venv\Lib\site-packages\fastapi\middleware\asyncexitstack.py:18: in __call__
    await self.app(scope, receive, send)
..\..\..\sdlc_sandbox\venv\Lib\site-packages\starlette\routing.py:660: in __call__
    await self.middleware_stack(scope, receive, send)
..\..\..\sdlc_sandbox\venv\Lib\site-packages\fastapi\routing.py:2689: in app
    await route.handle(scope, receive, send)
..\..\..\sdlc_sandbox\venv\Lib\site-packages\fastapi\routing.py:1770: in handle
    await self.original_router.handle(scope, receive, send)
..\..\..\sdlc_sandbox\venv\Lib\site-packages\fastapi\routing.py:2744: in handle
    await included_router._handle_selected(scope, receive, send)
..\..\..\sdlc_sandbox\venv\Lib\site-packages\fastapi\routing.py:1790: in _handle_selected
    await original_route.handle(scope, receive, send)
..\..\..\sdlc_sandbox\venv\Lib\site-packages\fastapi\routing.py:1270: in handle
    await app(scope, receive, send)
..\..\..\sdlc_sandbox\venv\Lib\site-packages\fastapi\routing.py:156: in app
    await wrap_app_handling_exceptions(app, request)(scope, receive, send)
..\..\..\sdlc_sandbox\venv\Lib\site-packages\starlette\_exception_handler.py:53: in wrapped_app
    raise exc
..\..\..\sdlc_sandbox\venv\Lib\site-packages\starlette\_exception_handler.py:42: in wrapped_app
    await app(scope, receive, sender)
..\..\..\sdlc_sandbox\venv\Lib\site-packages\fastapi\routing.py:142: in app
    response = await f(request)
               ^^^^^^^^^^^^^^^^
..\..\..\sdlc_sandbox\venv\Lib\site-packages\fastapi\routing.py:698: in app
    raw_response = await run_endpoint_function(
..\..\..\sdlc_sandbox\venv\Lib\site-packages\fastapi\routing.py:352: in run_endpoint_function
    return await run_in_threadpool(dependant.call, **values)
           ^^^^^^^^^^^^^^^^^^^^^^^^^^^^^^^^^^^^^^^^^^^^^^^^^
..\..\..\sdlc_sandbox\venv\Lib\site-packages\starlette\concurrency.py:34: in run_in_threadpool
    return await anyio.to_thread.run_sync(func)
           ^^^^^^^^^^^^^^^^^^^^^^^^^^^^^^^^^^^^
..\..\..\sdlc_sandbox\venv\Lib\site-packages\anyio\to_thread.py:65: in run_sync
    return await get_async_backend().run_sync_in_worker_thread(
..\..\..\sdlc_sandbox\venv\Lib\site-packages\anyio\_backends\_asyncio.py:2641: in run_sync_in_worker_thread
    return await future
           ^^^^^^^^^^^^
..\..\..\sdlc_sandbox\venv\Lib\site-packages\anyio\_backends\_asyncio.py:1033: in run
    result = context.run(func, *args)
             ^^^^^^^^^^^^^^^^^^^^^^^^
server\routers\auth.py:68: in dummy_login
    db_user = db.query(User).filter(User.email == username).first()
              ^^^^^^^^^^^^^^^^^^^^^^^^^^^^^^^^^^^^^^^^^^^^^^^^^^^^^
..\..\..\sdlc_sandbox\venv\Lib\site-packages\sqlalchemy\orm\query.py:2766: in first
    return self.limit(1)._iter().first()  # type: ignore
           ^^^^^^^^^^^^^^^^^^^^^
..\..\..\sdlc_sandbox\venv\Lib\site-packages\sqlalchemy\orm\query.py:2864: in _iter
    result: Union[ScalarResult[_T], Result[_T]] = self.session.execute(
..\..\..\sdlc_sandbox\venv\Lib\site-packages\sqlalchemy\orm\session.py:2373: in execute
    return self._execute_internal(
..\..\..\sdlc_sandbox\venv\Lib\site-packages\sqlalchemy\orm\session.py:2271: in _execute_internal
    result: Result[Any] = compile_state_cls.orm_execute_statement(
..\..\..\sdlc_sandbox\venv\Lib\site-packages\sqlalchemy\orm\context.py:306: in orm_execute_statement
    result = conn.execute(
..\..\..\sdlc_sandbox\venv\Lib\site-packages\sqlalchemy\engine\base.py:1421: in execute
    return meth(
..\..\..\sdlc_sandbox\venv\Lib\site-packages\sqlalchemy\sql\elements.py:526: in _execute_on_connection
    return connection._execute_clauseelement(
..\..\..\sdlc_sandbox\venv\Lib\site-packages\sqlalchemy\engine\base.py:1643: in _execute_clauseelement
    ret = self._execute_context(
..\..\..\sdlc_sandbox\venv\Lib\site-packages\sqlalchemy\engine\base.py:1848: in _execute_context
    return self._exec_single_context(
..\..\..\sdlc_sandbox\venv\Lib\site-packages\sqlalchemy\engine\base.py:1988: in _exec_single_context
    self._handle_dbapi_exception(
..\..\..\sdlc_sandbox\venv\Lib\site-packages\sqlalchemy\engine\base.py:2365: in _handle_dbapi_exception
    raise sqlalchemy_exception.with_traceback(exc_info[2]) from e
..\..\..\sdlc_sandbox\venv\Lib\site-packages\sqlalchemy\engine\base.py:1969: in _exec_single_context
    self.dialect.do_execute(
_ _ _ _ _ _ _ _ _ _ _ _ _ _ _ _ _ _ _ _ _ _ _ _ _ _ _ _ _ _ _ _ _ _ _ _ _ _ _ _

self = <sqlalchemy.dialects.sqlite.pysqlite.SQLiteDialect_pysqlite object at 0x000002221D3F4550>
cursor = <sqlite3.Cursor object at 0x000002221F195140>
statement = 'SELECT users.id AS users_id, users.email AS users_email, users.hashed_password AS users_hashed_password, users.role A...fied AS users_email_verified, users.disabled AS users_disabled \nFROM users \nWHERE users.email = ?\n LIMIT ? OFFSET ?'
parameters = ('test@example.com', 1, 0)
context = <sqlalchemy.dialects.sqlite.base.SQLiteExecutionContext object at 0x000002221DE98670>

    def do_execute(self, cursor, statement, parameters, context=None):
>       cursor.execute(statement, parameters)
E       sqlalchemy.exc.OperationalError: (sqlite3.OperationalError) no such table: users
E       [SQL: SELECT users.id AS users_id, users.email AS users_email, users.hashed_password AS users_hashed_password, users.role AS users_role, users.is_active AS users_is_active, users.is_verified AS users_is_verified, users.email_verified AS users_email_verified, users.disabled AS users_disabled 
E       FROM users 
E       WHERE users.email = ?
E        LIMIT ? OFFSET ?]
E       [parameters: ('test@example.com', 1, 0)]
E       (Background on this error at: https://sqlalche.me/e/20/e3q8)

..\..\..\sdlc_sandbox\venv\Lib\site-packages\sqlalchemy\engine\default.py:952: OperationalError
_________________________ test_submit_payment_success _________________________

self = <sqlalchemy.engine.base.Connection object at 0x000002221D72FC50>
dialect = <sqlalchemy.dialects.sqlite.pysqlite.SQLiteDialect_pysqlite object at 0x000002221D3F4550>
context = <sqlalchemy.dialects.sqlite.base.SQLiteExecutionContext object at 0x000002221DE9ACF0>
statement = <sqlalchemy.dialects.sqlite.base.SQLiteCompiler object at 0x000002221D4D2FD0>
parameters = [('test@example.com', 1, 0)]

    def _exec_single_context(
        self,
        dialect: Dialect,
        context: ExecutionContext,
        statement: Union[str, Compiled],
        parameters: Optional[_AnyMultiExecuteParams],
    ) -> CursorResult[Any]:
        """continue the _execute_context() method for a single DBAPI
        cursor.execute() or cursor.executemany() call.
    
        """
        if dialect.bind_typing is BindTyping.SETINPUTSIZES:
            generic_setinputsizes = context._prepare_set_input_sizes()
    
            if generic_setinputsizes:
                try:
                    dialect.do_set_input_sizes(
                        context.cursor, generic_setinputsizes, context
                    )
                except BaseException as e:
                    self._handle_dbapi_exception(
                        e, str(statement), parameters, None, context
                    )
    
        cursor, str_statement, parameters = (
            context.cursor,
            context.statement,
            context.parameters,
        )
    
        effective_parameters: Optional[_AnyExecuteParams]
    
        if not context.executemany:
            effective_parameters = parameters[0]
        else:
            effective_parameters = parameters
    
        if self._has_events or self.engine._has_events:
            for fn in self.dispatch.before_cursor_execute:
                str_statement, effective_parameters = fn(
                    self,
                    cursor,
                    str_statement,
                    effective_parameters,
                    context,
                    context.executemany,
                )
    
        if self._echo:
            self._log_info(str_statement)
    
            stats = context._get_cache_stats()
    
            if not self.engine.hide_parameters:
                self._log_info(
                    "[%s] %r",
                    stats,
                    sql_util._repr_params(
                        effective_parameters,
                        batches=10,
                        ismulti=context.executemany,
                    ),
                )
            else:
                self._log_info(
                    "[%s] [SQL parameters hidden due to hide_parameters=True]",
                    stats,
                )
    
        evt_handled: bool = False
        try:
            if context.execute_style is ExecuteStyle.EXECUTEMANY:
                effective_parameters = cast(
                    "_CoreMultiExecuteParams", effective_parameters
                )
                if self.dialect._has_events:
                    for fn in self.dialect.dispatch.do_executemany:
                        if fn(
                            cursor,
                            str_statement,
                            effective_parameters,
                            context,
                        ):
                            evt_handled = True
                            break
                if not evt_handled:
                    self.dialect.do_executemany(
                        cursor,
                        str_statement,
                        effective_parameters,
                        context,
                    )
            elif not effective_parameters and context.no_parameters:
                if self.dialect._has_events:
                    for fn in self.dialect.dispatch.do_execute_no_params:
                        if fn(cursor, str_statement, context):
                            evt_handled = True
                            break
                if not evt_handled:
                    self.dialect.do_execute_no_params(
                        cursor, str_statement, context
                    )
            else:
                effective_parameters = cast(
                    "_CoreSingleExecuteParams", effective_parameters
                )
                if self.dialect._has_events:
                    for fn in self.dialect.dispatch.do_execute:
                        if fn(
                            cursor,
                            str_statement,
                            effective_parameters,
                            context,
                        ):
                            evt_handled = True
                            break
                if not evt_handled:
>                   self.dialect.do_execute(
                        cursor, str_statement, effective_parameters, context
                    )

..\..\..\sdlc_sandbox\venv\Lib\site-packages\sqlalchemy\engine\base.py:1969: 
_ _ _ _ _ _ _ _ _ _ _ _ _ _ _ _ _ _ _ _ _ _ _ _ _ _ _ _ _ _ _ _ _ _ _ _ _ _ _ _

self = <sqlalchemy.dialects.sqlite.pysqlite.SQLiteDialect_pysqlite object at 0x000002221D3F4550>
cursor = <sqlite3.Cursor object at 0x000002221E8FCCC0>
statement = 'SELECT users.id AS users_id, users.email AS users_email, users.hashed_password AS users_hashed_password, users.role A...fied AS users_email_verified, users.disabled AS users_disabled \nFROM users \nWHERE users.email = ?\n LIMIT ? OFFSET ?'
parameters = ('test@example.com', 1, 0)
context = <sqlalchemy.dialects.sqlite.base.SQLiteExecutionContext object at 0x000002221DE9ACF0>

    def do_execute(self, cursor, statement, parameters, context=None):
>       cursor.execute(statement, parameters)
E       sqlite3.OperationalError: no such table: users

..\..\..\sdlc_sandbox\venv\Lib\site-packages\sqlalchemy\engine\default.py:952: OperationalError

The above exception was the direct cause of the following exception:

client = <starlette.testclient.TestClient object at 0x000002221F7CD040>

    def test_submit_payment_success(client: TestClient):
        # AC 4: Successful submission debits the DDA/Savings account via Fiserv and sends a payment instruction to Cenlar.
>       headers = get_auth_headers(client)
                  ^^^^^^^^^^^^^^^^^^^^^^^^

server\tests\test_mortgage.py:73: 
_ _ _ _ _ _ _ _ _ _ _ _ _ _ _ _ _ _ _ _ _ _ _ _ _ _ _ _ _ _ _ _ _ _ _ _ _ _ _ _
server\tests\test_mortgage.py:8: in get_auth_headers
    response = client.post(
..\..\..\sdlc_sandbox\venv\Lib\site-packages\starlette\testclient.py:555: in post
    return super().post(
..\..\..\sdlc_sandbox\venv\Lib\site-packages\httpx\_client.py:1144: in post
    return self.request(
..\..\..\sdlc_sandbox\venv\Lib\site-packages\starlette\testclient.py:454: in request
    return super().request(
..\..\..\sdlc_sandbox\venv\Lib\site-packages\httpx\_client.py:825: in request
    return self.send(request, auth=auth, follow_redirects=follow_redirects)
           ^^^^^^^^^^^^^^^^^^^^^^^^^^^^^^^^^^^^^^^^^^^^^^^^^^^^^^^^^^^^^^^^
..\..\..\sdlc_sandbox\venv\Lib\site-packages\httpx\_client.py:914: in send
    response = self._send_handling_auth(
..\..\..\sdlc_sandbox\venv\Lib\site-packages\httpx\_client.py:942: in _send_handling_auth
    response = self._send_handling_redirects(
..\..\..\sdlc_sandbox\venv\Lib\site-packages\httpx\_client.py:979: in _send_handling_redirects
    response = self._send_single_request(request)
               ^^^^^^^^^^^^^^^^^^^^^^^^^^^^^^^^^^
..\..\..\sdlc_sandbox\venv\Lib\site-packages\httpx\_client.py:1014: in _send_single_request
    response = transport.handle_request(request)
               ^^^^^^^^^^^^^^^^^^^^^^^^^^^^^^^^^
..\..\..\sdlc_sandbox\venv\Lib\site-packages\starlette\testclient.py:356: in handle_request
    raise exc
..\..\..\sdlc_sandbox\venv\Lib\site-packages\starlette\testclient.py:353: in handle_request
    portal.call(self.app, scope, receive, send)
..\..\..\sdlc_sandbox\venv\Lib\site-packages\anyio\from_thread.py:338: in call
    return cast(T_Retval, self.start_task_soon(func, *args).result())
                          ^^^^^^^^^^^^^^^^^^^^^^^^^^^^^^^^^^^^^^^^^^
..\..\..\..\..\Roaming\uv\python\cpython-3.13.9-windows-x86_64-none\Lib\concurrent\futures\_base.py:456: in result
    return self.__get_result()
           ^^^^^^^^^^^^^^^^^^^
..\..\..\..\..\Roaming\uv\python\cpython-3.13.9-windows-x86_64-none\Lib\concurrent\futures\_base.py:401: in __get_result
    raise self._exception
..\..\..\sdlc_sandbox\venv\Lib\site-packages\anyio\from_thread.py:263: in _call_func
    retval = await retval_or_awaitable
             ^^^^^^^^^^^^^^^^^^^^^^^^^
..\..\..\sdlc_sandbox\venv\Lib\site-packages\fastapi\applications.py:1163: in __call__
    await super().__call__(scope, receive, send)
..\..\..\sdlc_sandbox\venv\Lib\site-packages\starlette\applications.py:90: in __call__
    await self.middleware_stack(scope, receive, send)
..\..\..\sdlc_sandbox\venv\Lib\site-packages\starlette\middleware\errors.py:186: in __call__
    raise exc
..\..\..\sdlc_sandbox\venv\Lib\site-packages\starlette\middleware\errors.py:164: in __call__
    await self.app(scope, receive, _send)
..\..\..\sdlc_sandbox\venv\Lib\site-packages\starlette\middleware\cors.py:88: in __call__
    await self.app(scope, receive, send)
..\..\..\sdlc_sandbox\venv\Lib\site-packages\starlette\middleware\exceptions.py:63: in __call__
    await wrap_app_handling_exceptions(self.app, conn)(scope, receive, send)
..\..\..\sdlc_sandbox\venv\Lib\site-packages\starlette\_exception_handler.py:53: in wrapped_app
    raise exc
..\..\..\sdlc_sandbox\venv\Lib\site-packages\starlette\_exception_handler.py:42: in wrapped_app
    await app(scope, receive, sender)
..\..\..\sdlc_sandbox\venv\Lib\site-packages\fastapi\middleware\asyncexitstack.py:18: in __call__
    await self.app(scope, receive, send)
..\..\..\sdlc_sandbox\venv\Lib\site-packages\starlette\routing.py:660: in __call__
    await self.middleware_stack(scope, receive, send)
..\..\..\sdlc_sandbox\venv\Lib\site-packages\fastapi\routing.py:2689: in app
    await route.handle(scope, receive, send)
..\..\..\sdlc_sandbox\venv\Lib\site-packages\fastapi\routing.py:1770: in handle
    await self.original_router.handle(scope, receive, send)
..\..\..\sdlc_sandbox\venv\Lib\site-packages\fastapi\routing.py:2744: in handle
    await included_router._handle_selected(scope, receive, send)
..\..\..\sdlc_sandbox\venv\Lib\site-packages\fastapi\routing.py:1790: in _handle_selected
    await original_route.handle(scope, receive, send)
..\..\..\sdlc_sandbox\venv\Lib\site-packages\fastapi\routing.py:1270: in handle
    await app(scope, receive, send)
..\..\..\sdlc_sandbox\venv\Lib\site-packages\fastapi\routing.py:156: in app
    await wrap_app_handling_exceptions(app, request)(scope, receive, send)
..\..\..\sdlc_sandbox\venv\Lib\site-packages\starlette\_exception_handler.py:53: in wrapped_app
    raise exc
..\..\..\sdlc_sandbox\venv\Lib\site-packages\starlette\_exception_handler.py:42: in wrapped_app
    await app(scope, receive, sender)
..\..\..\sdlc_sandbox\venv\Lib\site-packages\fastapi\routing.py:142: in app
    response = await f(request)
               ^^^^^^^^^^^^^^^^
..\..\..\sdlc_sandbox\venv\Lib\site-packages\fastapi\routing.py:698: in app
    raw_response = await run_endpoint_function(
..\..\..\sdlc_sandbox\venv\Lib\site-packages\fastapi\routing.py:352: in run_endpoint_function
    return await run_in_threadpool(dependant.call, **values)
           ^^^^^^^^^^^^^^^^^^^^^^^^^^^^^^^^^^^^^^^^^^^^^^^^^
..\..\..\sdlc_sandbox\venv\Lib\site-packages\starlette\concurrency.py:34: in run_in_threadpool
    return await anyio.to_thread.run_sync(func)
           ^^^^^^^^^^^^^^^^^^^^^^^^^^^^^^^^^^^^
..\..\..\sdlc_sandbox\venv\Lib\site-packages\anyio\to_thread.py:65: in run_sync
    return await get_async_backend().run_sync_in_worker_thread(
..\..\..\sdlc_sandbox\venv\Lib\site-packages\anyio\_backends\_asyncio.py:2641: in run_sync_in_worker_thread
    return await future
           ^^^^^^^^^^^^
..\..\..\sdlc_sandbox\venv\Lib\site-packages\anyio\_backends\_asyncio.py:1033: in run
    result = context.run(func, *args)
             ^^^^^^^^^^^^^^^^^^^^^^^^
server\routers\auth.py:68: in dummy_login
    db_user = db.query(User).filter(User.email == username).first()
              ^^^^^^^^^^^^^^^^^^^^^^^^^^^^^^^^^^^^^^^^^^^^^^^^^^^^^
..\..\..\sdlc_sandbox\venv\Lib\site-packages\sqlalchemy\orm\query.py:2766: in first
    return self.limit(1)._iter().first()  # type: ignore
           ^^^^^^^^^^^^^^^^^^^^^
..\..\..\sdlc_sandbox\venv\Lib\site-packages\sqlalchemy\orm\query.py:2864: in _iter
    result: Union[ScalarResult[_T], Result[_T]] = self.session.execute(
..\..\..\sdlc_sandbox\venv\Lib\site-packages\sqlalchemy\orm\session.py:2373: in execute
    return self._execute_internal(
..\..\..\sdlc_sandbox\venv\Lib\site-packages\sqlalchemy\orm\session.py:2271: in _execute_internal
    result: Result[Any] = compile_state_cls.orm_execute_statement(
..\..\..\sdlc_sandbox\venv\Lib\site-packages\sqlalchemy\orm\context.py:306: in orm_execute_statement
    result = conn.execute(
..\..\..\sdlc_sandbox\venv\Lib\site-packages\sqlalchemy\engine\base.py:1421: in execute
    return meth(
..\..\..\sdlc_sandbox\venv\Lib\site-packages\sqlalchemy\sql\elements.py:526: in _execute_on_connection
    return connection._execute_clauseelement(
..\..\..\sdlc_sandbox\venv\Lib\site-packages\sqlalchemy\engine\base.py:1643: in _execute_clauseelement
    ret = self._execute_context(
..\..\..\sdlc_sandbox\venv\Lib\site-packages\sqlalchemy\engine\base.py:1848: in _execute_context
    return self._exec_single_context(
..\..\..\sdlc_sandbox\venv\Lib\site-packages\sqlalchemy\engine\base.py:1988: in _exec_single_context
    self._handle_dbapi_exception(
..\..\..\sdlc_sandbox\venv\Lib\site-packages\sqlalchemy\engine\base.py:2365: in _handle_dbapi_exception
    raise sqlalchemy_exception.with_traceback(exc_info[2]) from e
..\..\..\sdlc_sandbox\venv\Lib\site-packages\sqlalchemy\engine\base.py:1969: in _exec_single_context
    self.dialect.do_execute(
_ _ _ _ _ _ _ _ _ _ _ _ _ _ _ _ _ _ _ _ _ _ _ _ _ _ _ _ _ _ _ _ _ _ _ _ _ _ _ _

self = <sqlalchemy.dialects.sqlite.pysqlite.SQLiteDialect_pysqlite object at 0x000002221D3F4550>
cursor = <sqlite3.Cursor object at 0x000002221E8FCCC0>
statement = 'SELECT users.id AS users_id, users.email AS users_email, users.hashed_password AS users_hashed_password, users.role A...fied AS users_email_verified, users.disabled AS users_disabled \nFROM users \nWHERE users.email = ?\n LIMIT ? OFFSET ?'
parameters = ('test@example.com', 1, 0)
context = <sqlalchemy.dialects.sqlite.base.SQLiteExecutionContext object at 0x000002221DE9ACF0>

    def do_execute(self, cursor, statement, parameters, context=None):
>       cursor.execute(statement, parameters)
E       sqlalchemy.exc.OperationalError: (sqlite3.OperationalError) no such table: users
E       [SQL: SELECT users.id AS users_id, users.email AS users_email, users.hashed_password AS users_hashed_password, users.role AS users_role, users.is_active AS users_is_active, users.is_verified AS users_is_verified, users.email_verified AS users_email_verified, users.disabled AS users_disabled 
E       FROM users 
E       WHERE users.email = ?
E        LIMIT ? OFFSET ?]
E       [parameters: ('test@example.com', 1, 0)]
E       (Background on this error at: https://sqlalche.me/e/20/e3q8)

..\..\..\sdlc_sandbox\venv\Lib\site-packages\sqlalchemy\engine\default.py:952: OperationalError
_____________________ test_submit_payment_updates_balance _____________________

self = <sqlalchemy.engine.base.Connection object at 0x000002221F344890>
dialect = <sqlalchemy.dialects.sqlite.pysqlite.SQLiteDialect_pysqlite object at 0x000002221D3F4550>
context = <sqlalchemy.dialects.sqlite.base.SQLiteExecutionContext object at 0x000002221DE812B0>
statement = <sqlalchemy.dialects.sqlite.base.SQLiteCompiler object at 0x000002221D4D2FD0>
parameters = [('test@example.com', 1, 0)]

    def _exec_single_context(
        self,
        dialect: Dialect,
        context: ExecutionContext,
        statement: Union[str, Compiled],
        parameters: Optional[_AnyMultiExecuteParams],
    ) -> CursorResult[Any]:
        """continue the _execute_context() method for a single DBAPI
        cursor.execute() or cursor.executemany() call.
    
        """
        if dialect.bind_typing is BindTyping.SETINPUTSIZES:
            generic_setinputsizes = context._prepare_set_input_sizes()
    
            if generic_setinputsizes:
                try:
                    dialect.do_set_input_sizes(
                        context.cursor, generic_setinputsizes, context
                    )
                except BaseException as e:
                    self._handle_dbapi_exception(
                        e, str(statement), parameters, None, context
                    )
    
        cursor, str_statement, parameters = (
            context.cursor,
            context.statement,
            context.parameters,
        )
    
        effective_parameters: Optional[_AnyExecuteParams]
    
        if not context.executemany:
            effective_parameters = parameters[0]
        else:
            effective_parameters = parameters
    
        if self._has_events or self.engine._has_events:
            for fn in self.dispatch.before_cursor_execute:
                str_statement, effective_parameters = fn(
                    self,
                    cursor,
                    str_statement,
                    effective_parameters,
                    context,
                    context.executemany,
                )
    
        if self._echo:
            self._log_info(str_statement)
    
            stats = context._get_cache_stats()
    
            if not self.engine.hide_parameters:
                self._log_info(
                    "[%s] %r",
                    stats,
                    sql_util._repr_params(
                        effective_parameters,
                        batches=10,
                        ismulti=context.executemany,
                    ),
                )
            else:
                self._log_info(
                    "[%s] [SQL parameters hidden due to hide_parameters=True]",
                    stats,
                )
    
        evt_handled: bool = False
        try:
            if context.execute_style is ExecuteStyle.EXECUTEMANY:
                effective_parameters = cast(
                    "_CoreMultiExecuteParams", effective_parameters
                )
                if self.dialect._has_events:
                    for fn in self.dialect.dispatch.do_executemany:
                        if fn(
                            cursor,
                            str_statement,
                            effective_parameters,
                            context,
                        ):
                            evt_handled = True
                            break
                if not evt_handled:
                    self.dialect.do_executemany(
                        cursor,
                        str_statement,
                        effective_parameters,
                        context,
                    )
            elif not effective_parameters and context.no_parameters:
                if self.dialect._has_events:
                    for fn in self.dialect.dispatch.do_execute_no_params:
                        if fn(cursor, str_statement, context):
                            evt_handled = True
                            break
                if not evt_handled:
                    self.dialect.do_execute_no_params(
                        cursor, str_statement, context
                    )
            else:
                effective_parameters = cast(
                    "_CoreSingleExecuteParams", effective_parameters
                )
                if self.dialect._has_events:
                    for fn in self.dialect.dispatch.do_execute:
                        if fn(
                            cursor,
                            str_statement,
                            effective_parameters,
                            context,
                        ):
                            evt_handled = True
                            break
                if not evt_handled:
>                   self.dialect.do_execute(
                        cursor, str_statement, effective_parameters, context
                    )

..\..\..\sdlc_sandbox\venv\Lib\site-packages\sqlalchemy\engine\base.py:1969: 
_ _ _ _ _ _ _ _ _ _ _ _ _ _ _ _ _ _ _ _ _ _ _ _ _ _ _ _ _ _ _ _ _ _ _ _ _ _ _ _

self = <sqlalchemy.dialects.sqlite.pysqlite.SQLiteDialect_pysqlite object at 0x000002221D3F4550>
cursor = <sqlite3.Cursor object at 0x000002221E15DB40>
statement = 'SELECT users.id AS users_id, users.email AS users_email, users.hashed_password AS users_hashed_password, users.role A...fied AS users_email_verified, users.disabled AS users_disabled \nFROM users \nWHERE users.email = ?\n LIMIT ? OFFSET ?'
parameters = ('test@example.com', 1, 0)
context = <sqlalchemy.dialects.sqlite.base.SQLiteExecutionContext object at 0x000002221DE812B0>

    def do_execute(self, cursor, statement, parameters, context=None):
>       cursor.execute(statement, parameters)
E       sqlite3.OperationalError: no such table: users

..\..\..\sdlc_sandbox\venv\Lib\site-packages\sqlalchemy\engine\default.py:952: OperationalError

The above exception was the direct cause of the following exception:

client = <starlette.testclient.TestClient object at 0x000002221F7CF460>

    def test_submit_payment_updates_balance(client: TestClient):
        # AC 5: Mortgage loan balance reflects the payment after Cenlar processes it.
>       headers = get_auth_headers(client)
                  ^^^^^^^^^^^^^^^^^^^^^^^^

server\tests\test_mortgage.py:96: 
_ _ _ _ _ _ _ _ _ _ _ _ _ _ _ _ _ _ _ _ _ _ _ _ _ _ _ _ _ _ _ _ _ _ _ _ _ _ _ _
server\tests\test_mortgage.py:8: in get_auth_headers
    response = client.post(
..\..\..\sdlc_sandbox\venv\Lib\site-packages\starlette\testclient.py:555: in post
    return super().post(
..\..\..\sdlc_sandbox\venv\Lib\site-packages\httpx\_client.py:1144: in post
    return self.request(
..\..\..\sdlc_sandbox\venv\Lib\site-packages\starlette\testclient.py:454: in request
    return super().request(
..\..\..\sdlc_sandbox\venv\Lib\site-packages\httpx\_client.py:825: in request
    return self.send(request, auth=auth, follow_redirects=follow_redirects)
           ^^^^^^^^^^^^^^^^^^^^^^^^^^^^^^^^^^^^^^^^^^^^^^^^^^^^^^^^^^^^^^^^
..\..\..\sdlc_sandbox\venv\Lib\site-packages\httpx\_client.py:914: in send
    response = self._send_handling_auth(
..\..\..\sdlc_sandbox\venv\Lib\site-packages\httpx\_client.py:942: in _send_handling_auth
    response = self._send_handling_redirects(
..\..\..\sdlc_sandbox\venv\Lib\site-packages\httpx\_client.py:979: in _send_handling_redirects
    response = self._send_single_request(request)
               ^^^^^^^^^^^^^^^^^^^^^^^^^^^^^^^^^^
..\..\..\sdlc_sandbox\venv\Lib\site-packages\httpx\_client.py:1014: in _send_single_request
    response = transport.handle_request(request)
               ^^^^^^^^^^^^^^^^^^^^^^^^^^^^^^^^^
..\..\..\sdlc_sandbox\venv\Lib\site-packages\starlette\testclient.py:356: in handle_request
    raise exc
..\..\..\sdlc_sandbox\venv\Lib\site-packages\starlette\testclient.py:353: in handle_request
    portal.call(self.app, scope, receive, send)
..\..\..\sdlc_sandbox\venv\Lib\site-packages\anyio\from_thread.py:338: in call
    return cast(T_Retval, self.start_task_soon(func, *args).result())
                          ^^^^^^^^^^^^^^^^^^^^^^^^^^^^^^^^^^^^^^^^^^
..\..\..\..\..\Roaming\uv\python\cpython-3.13.9-windows-x86_64-none\Lib\concurrent\futures\_base.py:456: in result
    return self.__get_result()
           ^^^^^^^^^^^^^^^^^^^
..\..\..\..\..\Roaming\uv\python\cpython-3.13.9-windows-x86_64-none\Lib\concurrent\futures\_base.py:401: in __get_result
    raise self._exception
..\..\..\sdlc_sandbox\venv\Lib\site-packages\anyio\from_thread.py:263: in _call_func
    retval = await retval_or_awaitable
             ^^^^^^^^^^^^^^^^^^^^^^^^^
..\..\..\sdlc_sandbox\venv\Lib\site-packages\fastapi\applications.py:1163: in __call__
    await super().__call__(scope, receive, send)
..\..\..\sdlc_sandbox\venv\Lib\site-packages\starlette\applications.py:90: in __call__
    await self.middleware_stack(scope, receive, send)
..\..\..\sdlc_sandbox\venv\Lib\site-packages\starlette\middleware\errors.py:186: in __call__
    raise exc
..\..\..\sdlc_sandbox\venv\Lib\site-packages\starlette\middleware\errors.py:164: in __call__
    await self.app(scope, receive, _send)
..\..\..\sdlc_sandbox\venv\Lib\site-packages\starlette\middleware\cors.py:88: in __call__
    await self.app(scope, receive, send)
..\..\..\sdlc_sandbox\venv\Lib\site-packages\starlette\middleware\exceptions.py:63: in __call__
    await wrap_app_handling_exceptions(self.app, conn)(scope, receive, send)
..\..\..\sdlc_sandbox\venv\Lib\site-packages\starlette\_exception_handler.py:53: in wrapped_app
    raise exc
..\..\..\sdlc_sandbox\venv\Lib\site-packages\starlette\_exception_handler.py:42: in wrapped_app
    await app(scope, receive, sender)
..\..\..\sdlc_sandbox\venv\Lib\site-packages\fastapi\middleware\asyncexitstack.py:18: in __call__
    await self.app(scope, receive, send)
..\..\..\sdlc_sandbox\venv\Lib\site-packages\starlette\routing.py:660: in __call__
    await self.middleware_stack(scope, receive, send)
..\..\..\sdlc_sandbox\venv\Lib\site-packages\fastapi\routing.py:2689: in app
    await route.handle(scope, receive, send)
..\..\..\sdlc_sandbox\venv\Lib\site-packages\fastapi\routing.py:1770: in handle
    await self.original_router.handle(scope, receive, send)
..\..\..\sdlc_sandbox\venv\Lib\site-packages\fastapi\routing.py:2744: in handle
    await included_router._handle_selected(scope, receive, send)
..\..\..\sdlc_sandbox\venv\Lib\site-packages\fastapi\routing.py:1790: in _handle_selected
    await original_route.handle(scope, receive, send)
..\..\..\sdlc_sandbox\venv\Lib\site-packages\fastapi\routing.py:1270: in handle
    await app(scope, receive, send)
..\..\..\sdlc_sandbox\venv\Lib\site-packages\fastapi\routing.py:156: in app
    await wrap_app_handling_exceptions(app, request)(scope, receive, send)
..\..\..\sdlc_sandbox\venv\Lib\site-packages\starlette\_exception_handler.py:53: in wrapped_app
    raise exc
..\..\..\sdlc_sandbox\venv\Lib\site-packages\starlette\_exception_handler.py:42: in wrapped_app
    await app(scope, receive, sender)
..\..\..\sdlc_sandbox\venv\Lib\site-packages\fastapi\routing.py:142: in app
    response = await f(request)
               ^^^^^^^^^^^^^^^^
..\..\..\sdlc_sandbox\venv\Lib\site-packages\fastapi\routing.py:698: in app
    raw_response = await run_endpoint_function(
..\..\..\sdlc_sandbox\venv\Lib\site-packages\fastapi\routing.py:352: in run_endpoint_function
    return await run_in_threadpool(dependant.call, **values)
           ^^^^^^^^^^^^^^^^^^^^^^^^^^^^^^^^^^^^^^^^^^^^^^^^^
..\..\..\sdlc_sandbox\venv\Lib\site-packages\starlette\concurrency.py:34: in run_in_threadpool
    return await anyio.to_thread.run_sync(func)
           ^^^^^^^^^^^^^^^^^^^^^^^^^^^^^^^^^^^^
..\..\..\sdlc_sandbox\venv\Lib\site-packages\anyio\to_thread.py:65: in run_sync
    return await get_async_backend().run_sync_in_worker_thread(
..\..\..\sdlc_sandbox\venv\Lib\site-packages\anyio\_backends\_asyncio.py:2641: in run_sync_in_worker_thread
    return await future
           ^^^^^^^^^^^^
..\..\..\sdlc_sandbox\venv\Lib\site-packages\anyio\_backends\_asyncio.py:1033: in run
    result = context.run(func, *args)
             ^^^^^^^^^^^^^^^^^^^^^^^^
server\routers\auth.py:68: in dummy_login
    db_user = db.query(User).filter(User.email == username).first()
              ^^^^^^^^^^^^^^^^^^^^^^^^^^^^^^^^^^^^^^^^^^^^^^^^^^^^^
..\..\..\sdlc_sandbox\venv\Lib\site-packages\sqlalchemy\orm\query.py:2766: in first
    return self.limit(1)._iter().first()  # type: ignore
           ^^^^^^^^^^^^^^^^^^^^^
..\..\..\sdlc_sandbox\venv\Lib\site-packages\sqlalchemy\orm\query.py:2864: in _iter
    result: Union[ScalarResult[_T], Result[_T]] = self.session.execute(
..\..\..\sdlc_sandbox\venv\Lib\site-packages\sqlalchemy\orm\session.py:2373: in execute
    return self._execute_internal(
..\..\..\sdlc_sandbox\venv\Lib\site-packages\sqlalchemy\orm\session.py:2271: in _execute_internal
    result: Result[Any] = compile_state_cls.orm_execute_statement(
..\..\..\sdlc_sandbox\venv\Lib\site-packages\sqlalchemy\orm\context.py:306: in orm_execute_statement
    result = conn.execute(
..\..\..\sdlc_sandbox\venv\Lib\site-packages\sqlalchemy\engine\base.py:1421: in execute
    return meth(
..\..\..\sdlc_sandbox\venv\Lib\site-packages\sqlalchemy\sql\elements.py:526: in _execute_on_connection
    return connection._execute_clauseelement(
..\..\..\sdlc_sandbox\venv\Lib\site-packages\sqlalchemy\engine\base.py:1643: in _execute_clauseelement
    ret = self._execute_context(
..\..\..\sdlc_sandbox\venv\Lib\site-packages\sqlalchemy\engine\base.py:1848: in _execute_context
    return self._exec_single_context(
..\..\..\sdlc_sandbox\venv\Lib\site-packages\sqlalchemy\engine\base.py:1988: in _exec_single_context
    self._handle_dbapi_exception(
..\..\..\sdlc_sandbox\venv\Lib\site-packages\sqlalchemy\engine\base.py:2365: in _handle_dbapi_exception
    raise sqlalchemy_exception.with_traceback(exc_info[2]) from e
..\..\..\sdlc_sandbox\venv\Lib\site-packages\sqlalchemy\engine\base.py:1969: in _exec_single_context
    self.dialect.do_execute(
_ _ _ _ _ _ _ _ _ _ _ _ _ _ _ _ _ _ _ _ _ _ _ _ _ _ _ _ _ _ _ _ _ _ _ _ _ _ _ _

self = <sqlalchemy.dialects.sqlite.pysqlite.SQLiteDialect_pysqlite object at 0x000002221D3F4550>
cursor = <sqlite3.Cursor object at 0x000002221E15DB40>
statement = 'SELECT users.id AS users_id, users.email AS users_email, users.hashed_password AS users_hashed_password, users.role A...fied AS users_email_verified, users.disabled AS users_disabled \nFROM users \nWHERE users.email = ?\n LIMIT ? OFFSET ?'
parameters = ('test@example.com', 1, 0)
context = <sqlalchemy.dialects.sqlite.base.SQLiteExecutionContext object at 0x000002221DE812B0>

    def do_execute(self, cursor, statement, parameters, context=None):
>       cursor.execute(statement, parameters)
E       sqlalchemy.exc.OperationalError: (sqlite3.OperationalError) no such table: users
E       [SQL: SELECT users.id AS users_id, users.email AS users_email, users.hashed_password AS users_hashed_password, users.role AS users_role, users.is_active AS users_is_active, users.is_verified AS users_is_verified, users.email_verified AS users_email_verified, users.disabled AS users_disabled 
E       FROM users 
E       WHERE users.email = ?
E        LIMIT ? OFFSET ?]
E       [parameters: ('test@example.com', 1, 0)]
E       (Background on this error at: https://sqlalche.me/e/20/e3q8)

..\..\..\sdlc_sandbox\venv\Lib\site-packages\sqlalchemy\engine\default.py:952: OperationalError
__________________________ test_get_payment_receipt ___________________________

self = <sqlalchemy.engine.base.Connection object at 0x000002221F344C50>
dialect = <sqlalchemy.dialects.sqlite.pysqlite.SQLiteDialect_pysqlite object at 0x000002221D3F4550>
context = <sqlalchemy.dialects.sqlite.base.SQLiteExecutionContext object at 0x000002221DE835B0>
statement = <sqlalchemy.dialects.sqlite.base.SQLiteCompiler object at 0x000002221D4D2FD0>
parameters = [('test@example.com', 1, 0)]

    def _exec_single_context(
        self,
        dialect: Dialect,
        context: ExecutionContext,
        statement: Union[str, Compiled],
        parameters: Optional[_AnyMultiExecuteParams],
    ) -> CursorResult[Any]:
        """continue the _execute_context() method for a single DBAPI
        cursor.execute() or cursor.executemany() call.
    
        """
        if dialect.bind_typing is BindTyping.SETINPUTSIZES:
            generic_setinputsizes = context._prepare_set_input_sizes()
    
            if generic_setinputsizes:
                try:
                    dialect.do_set_input_sizes(
                        context.cursor, generic_setinputsizes, context
                    )
                except BaseException as e:
                    self._handle_dbapi_exception(
                        e, str(statement), parameters, None, context
                    )
    
        cursor, str_statement, parameters = (
            context.cursor,
            context.statement,
            context.parameters,
        )
    
        effective_parameters: Optional[_AnyExecuteParams]
    
        if not context.executemany:
            effective_parameters = parameters[0]
        else:
            effective_parameters = parameters
    
        if self._has_events or self.engine._has_events:
            for fn in self.dispatch.before_cursor_execute:
                str_statement, effective_parameters = fn(
                    self,
                    cursor,
                    str_statement,
                    effective_parameters,
                    context,
                    context.executemany,
                )
    
        if self._echo:
            self._log_info(str_statement)
    
            stats = context._get_cache_stats()
    
            if not self.engine.hide_parameters:
                self._log_info(
                    "[%s] %r",
                    stats,
                    sql_util._repr_params(
                        effective_parameters,
                        batches=10,
                        ismulti=context.executemany,
                    ),
                )
            else:
                self._log_info(
                    "[%s] [SQL parameters hidden due to hide_parameters=True]",
                    stats,
                )
    
        evt_handled: bool = False
        try:
            if context.execute_style is ExecuteStyle.EXECUTEMANY:
                effective_parameters = cast(
                    "_CoreMultiExecuteParams", effective_parameters
                )
                if self.dialect._has_events:
                    for fn in self.dialect.dispatch.do_executemany:
                        if fn(
                            cursor,
                            str_statement,
                            effective_parameters,
                            context,
                        ):
                            evt_handled = True
                            break
                if not evt_handled:
                    self.dialect.do_executemany(
                        cursor,
                        str_statement,
                        effective_parameters,
                        context,
                    )
            elif not effective_parameters and context.no_parameters:
                if self.dialect._has_events:
                    for fn in self.dialect.dispatch.do_execute_no_params:
                        if fn(cursor, str_statement, context):
                            evt_handled = True
                            break
                if not evt_handled:
                    self.dialect.do_execute_no_params(
                        cursor, str_statement, context
                    )
            else:
                effective_parameters = cast(
                    "_CoreSingleExecuteParams", effective_parameters
                )
                if self.dialect._has_events:
                    for fn in self.dialect.dispatch.do_execute:
                        if fn(
                            cursor,
                            str_statement,
                            effective_parameters,
                            context,
                        ):
                            evt_handled = True
                            break
                if not evt_handled:
>                   self.dialect.do_execute(
                        cursor, str_statement, effective_parameters, context
                    )

..\..\..\sdlc_sandbox\venv\Lib\site-packages\sqlalchemy\engine\base.py:1969: 
_ _ _ _ _ _ _ _ _ _ _ _ _ _ _ _ _ _ _ _ _ _ _ _ _ _ _ _ _ _ _ _ _ _ _ _ _ _ _ _

self = <sqlalchemy.dialects.sqlite.pysqlite.SQLiteDialect_pysqlite object at 0x000002221D3F4550>
cursor = <sqlite3.Cursor object at 0x000002221EC3BC40>
statement = 'SELECT users.id AS users_id, users.email AS users_email, users.hashed_password AS users_hashed_password, users.role A...fied AS users_email_verified, users.disabled AS users_disabled \nFROM users \nWHERE users.email = ?\n LIMIT ? OFFSET ?'
parameters = ('test@example.com', 1, 0)
context = <sqlalchemy.dialects.sqlite.base.SQLiteExecutionContext object at 0x000002221DE835B0>

    def do_execute(self, cursor, statement, parameters, context=None):
>       cursor.execute(statement, parameters)
E       sqlite3.OperationalError: no such table: users

..\..\..\sdlc_sandbox\venv\Lib\site-packages\sqlalchemy\engine\default.py:952: OperationalError

The above exception was the direct cause of the following exception:

client = <starlette.testclient.TestClient object at 0x000002221F7CF020>

    def test_get_payment_receipt(client: TestClient):
        # AC 6: Customer receives a confirmation screen with a unique payment reference number and can download a receipt.
>       headers = get_auth_headers(client)
                  ^^^^^^^^^^^^^^^^^^^^^^^^

server\tests\test_mortgage.py:123: 
_ _ _ _ _ _ _ _ _ _ _ _ _ _ _ _ _ _ _ _ _ _ _ _ _ _ _ _ _ _ _ _ _ _ _ _ _ _ _ _
server\tests\test_mortgage.py:8: in get_auth_headers
    response = client.post(
..\..\..\sdlc_sandbox\venv\Lib\site-packages\starlette\testclient.py:555: in post
    return super().post(
..\..\..\sdlc_sandbox\venv\Lib\site-packages\httpx\_client.py:1144: in post
    return self.request(
..\..\..\sdlc_sandbox\venv\Lib\site-packages\starlette\testclient.py:454: in request
    return super().request(
..\..\..\sdlc_sandbox\venv\Lib\site-packages\httpx\_client.py:825: in request
    return self.send(request, auth=auth, follow_redirects=follow_redirects)
           ^^^^^^^^^^^^^^^^^^^^^^^^^^^^^^^^^^^^^^^^^^^^^^^^^^^^^^^^^^^^^^^^
..\..\..\sdlc_sandbox\venv\Lib\site-packages\httpx\_client.py:914: in send
    response = self._send_handling_auth(
..\..\..\sdlc_sandbox\venv\Lib\site-packages\httpx\_client.py:942: in _send_handling_auth
    response = self._send_handling_redirects(
..\..\..\sdlc_sandbox\venv\Lib\site-packages\httpx\_client.py:979: in _send_handling_redirects
    response = self._send_single_request(request)
               ^^^^^^^^^^^^^^^^^^^^^^^^^^^^^^^^^^
..\..\..\sdlc_sandbox\venv\Lib\site-packages\httpx\_client.py:1014: in _send_single_request
    response = transport.handle_request(request)
               ^^^^^^^^^^^^^^^^^^^^^^^^^^^^^^^^^
..\..\..\sdlc_sandbox\venv\Lib\site-packages\starlette\testclient.py:356: in handle_request
    raise exc
..\..\..\sdlc_sandbox\venv\Lib\site-packages\starlette\testclient.py:353: in handle_request
    portal.call(self.app, scope, receive, send)
..\..\..\sdlc_sandbox\venv\Lib\site-packages\anyio\from_thread.py:338: in call
    return cast(T_Retval, self.start_task_soon(func, *args).result())
                          ^^^^^^^^^^^^^^^^^^^^^^^^^^^^^^^^^^^^^^^^^^
..\..\..\..\..\Roaming\uv\python\cpython-3.13.9-windows-x86_64-none\Lib\concurrent\futures\_base.py:456: in result
    return self.__get_result()
           ^^^^^^^^^^^^^^^^^^^
..\..\..\..\..\Roaming\uv\python\cpython-3.13.9-windows-x86_64-none\Lib\concurrent\futures\_base.py:401: in __get_result
    raise self._exception
..\..\..\sdlc_sandbox\venv\Lib\site-packages\anyio\from_thread.py:263: in _call_func
    retval = await retval_or_awaitable
             ^^^^^^^^^^^^^^^^^^^^^^^^^
..\..\..\sdlc_sandbox\venv\Lib\site-packages\fastapi\applications.py:1163: in __call__
    await super().__call__(scope, receive, send)
..\..\..\sdlc_sandbox\venv\Lib\site-packages\starlette\applications.py:90: in __call__
    await self.middleware_stack(scope, receive, send)
..\..\..\sdlc_sandbox\venv\Lib\site-packages\starlette\middleware\errors.py:186: in __call__
    raise exc
..\..\..\sdlc_sandbox\venv\Lib\site-packages\starlette\middleware\errors.py:164: in __call__
    await self.app(scope, receive, _send)
..\..\..\sdlc_sandbox\venv\Lib\site-packages\starlette\middleware\cors.py:88: in __call__
    await self.app(scope, receive, send)
..\..\..\sdlc_sandbox\venv\Lib\site-packages\starlette\middleware\exceptions.py:63: in __call__
    await wrap_app_handling_exceptions(self.app, conn)(scope, receive, send)
..\..\..\sdlc_sandbox\venv\Lib\site-packages\starlette\_exception_handler.py:53: in wrapped_app
    raise exc
..\..\..\sdlc_sandbox\venv\Lib\site-packages\starlette\_exception_handler.py:42: in wrapped_app
    await app(scope, receive, sender)
..\..\..\sdlc_sandbox\venv\Lib\site-packages\fastapi\middleware\asyncexitstack.py:18: in __call__
    await self.app(scope, receive, send)
..\..\..\sdlc_sandbox\venv\Lib\site-packages\starlette\routing.py:660: in __call__
    await self.middleware_stack(scope, receive, send)
..\..\..\sdlc_sandbox\venv\Lib\site-packages\fastapi\routing.py:2689: in app
    await route.handle(scope, receive, send)
..\..\..\sdlc_sandbox\venv\Lib\site-packages\fastapi\routing.py:1770: in handle
    await self.original_router.handle(scope, receive, send)
..\..\..\sdlc_sandbox\venv\Lib\site-packages\fastapi\routing.py:2744: in handle
    await included_router._handle_selected(scope, receive, send)
..\..\..\sdlc_sandbox\venv\Lib\site-packages\fastapi\routing.py:1790: in _handle_selected
    await original_route.handle(scope, receive, send)
..\..\..\sdlc_sandbox\venv\Lib\site-packages\fastapi\routing.py:1270: in handle
    await app(scope, receive, send)
..\..\..\sdlc_sandbox\venv\Lib\site-packages\fastapi\routing.py:156: in app
    await wrap_app_handling_exceptions(app, request)(scope, receive, send)
..\..\..\sdlc_sandbox\venv\Lib\site-packages\starlette\_exception_handler.py:53: in wrapped_app
    raise exc
..\..\..\sdlc_sandbox\venv\Lib\site-packages\starlette\_exception_handler.py:42: in wrapped_app
    await app(scope, receive, sender)
..\..\..\sdlc_sandbox\venv\Lib\site-packages\fastapi\routing.py:142: in app
    response = await f(request)
               ^^^^^^^^^^^^^^^^
..\..\..\sdlc_sandbox\venv\Lib\site-packages\fastapi\routing.py:698: in app
    raw_response = await run_endpoint_function(
..\..\..\sdlc_sandbox\venv\Lib\site-packages\fastapi\routing.py:352: in run_endpoint_function
    return await run_in_threadpool(dependant.call, **values)
           ^^^^^^^^^^^^^^^^^^^^^^^^^^^^^^^^^^^^^^^^^^^^^^^^^
..\..\..\sdlc_sandbox\venv\Lib\site-packages\starlette\concurrency.py:34: in run_in_threadpool
    return await anyio.to_thread.run_sync(func)
           ^^^^^^^^^^^^^^^^^^^^^^^^^^^^^^^^^^^^
..\..\..\sdlc_sandbox\venv\Lib\site-packages\anyio\to_thread.py:65: in run_sync
    return await get_async_backend().run_sync_in_worker_thread(
..\..\..\sdlc_sandbox\venv\Lib\site-packages\anyio\_backends\_asyncio.py:2641: in run_sync_in_worker_thread
    return await future
           ^^^^^^^^^^^^
..\..\..\sdlc_sandbox\venv\Lib\site-packages\anyio\_backends\_asyncio.py:1033: in run
    result = context.run(func, *args)
             ^^^^^^^^^^^^^^^^^^^^^^^^
server\routers\auth.py:68: in dummy_login
    db_user = db.query(User).filter(User.email == username).first()
              ^^^^^^^^^^^^^^^^^^^^^^^^^^^^^^^^^^^^^^^^^^^^^^^^^^^^^
..\..\..\sdlc_sandbox\venv\Lib\site-packages\sqlalchemy\orm\query.py:2766: in first
    return self.limit(1)._iter().first()  # type: ignore
           ^^^^^^^^^^^^^^^^^^^^^
..\..\..\sdlc_sandbox\venv\Lib\site-packages\sqlalchemy\orm\query.py:2864: in _iter
    result: Union[ScalarResult[_T], Result[_T]] = self.session.execute(
..\..\..\sdlc_sandbox\venv\Lib\site-packages\sqlalchemy\orm\session.py:2373: in execute
    return self._execute_internal(
..\..\..\sdlc_sandbox\venv\Lib\site-packages\sqlalchemy\orm\session.py:2271: in _execute_internal
    result: Result[Any] = compile_state_cls.orm_execute_statement(
..\..\..\sdlc_sandbox\venv\Lib\site-packages\sqlalchemy\orm\context.py:306: in orm_execute_statement
    result = conn.execute(
..\..\..\sdlc_sandbox\venv\Lib\site-packages\sqlalchemy\engine\base.py:1421: in execute
    return meth(
..\..\..\sdlc_sandbox\venv\Lib\site-packages\sqlalchemy\sql\elements.py:526: in _execute_on_connection
    return connection._execute_clauseelement(
..\..\..\sdlc_sandbox\venv\Lib\site-packages\sqlalchemy\engine\base.py:1643: in _execute_clauseelement
    ret = self._execute_context(
..\..\..\sdlc_sandbox\venv\Lib\site-packages\sqlalchemy\engine\base.py:1848: in _execute_context
    return self._exec_single_context(
..\..\..\sdlc_sandbox\venv\Lib\site-packages\sqlalchemy\engine\base.py:1988: in _exec_single_context
    self._handle_dbapi_exception(
..\..\..\sdlc_sandbox\venv\Lib\site-packages\sqlalchemy\engine\base.py:2365: in _handle_dbapi_exception
    raise sqlalchemy_exception.with_traceback(exc_info[2]) from e
..\..\..\sdlc_sandbox\venv\Lib\site-packages\sqlalchemy\engine\base.py:1969: in _exec_single_context
    self.dialect.do_execute(
_ _ _ _ _ _ _ _ _ _ _ _ _ _ _ _ _ _ _ _ _ _ _ _ _ _ _ _ _ _ _ _ _ _ _ _ _ _ _ _

self = <sqlalchemy.dialects.sqlite.pysqlite.SQLiteDialect_pysqlite object at 0x000002221D3F4550>
cursor = <sqlite3.Cursor object at 0x000002221EC3BC40>
statement = 'SELECT users.id AS users_id, users.email AS users_email, users.hashed_password AS users_hashed_password, users.role A...fied AS users_email_verified, users.disabled AS users_disabled \nFROM users \nWHERE users.email = ?\n LIMIT ? OFFSET ?'
parameters = ('test@example.com', 1, 0)
context = <sqlalchemy.dialects.sqlite.base.SQLiteExecutionContext object at 0x000002221DE835B0>

    def do_execute(self, cursor, statement, parameters, context=None):
>       cursor.execute(statement, parameters)
E       sqlalchemy.exc.OperationalError: (sqlite3.OperationalError) no such table: users
E       [SQL: SELECT users.id AS users_id, users.email AS users_email, users.hashed_password AS users_hashed_password, users.role AS users_role, users.is_active AS users_is_active, users.is_verified AS users_is_verified, users.email_verified AS users_email_verified, users.disabled AS users_disabled 
E       FROM users 
E       WHERE users.email = ?
E        LIMIT ? OFFSET ?]
E       [parameters: ('test@example.com', 1, 0)]
E       (Background on this error at: https://sqlalche.me/e/20/e3q8)

..\..\..\sdlc_sandbox\venv\Lib\site-packages\sqlalchemy\engine\default.py:952: OperationalError
_________________________ test_get_scheduled_payments _________________________

self = <sqlalchemy.engine.base.Connection object at 0x000002221F346690>
dialect = <sqlalchemy.dialects.sqlite.pysqlite.SQLiteDialect_pysqlite object at 0x000002221D3F4550>
context = <sqlalchemy.dialects.sqlite.base.SQLiteExecutionContext object at 0x000002221DE69B70>
statement = <sqlalchemy.dialects.sqlite.base.SQLiteCompiler object at 0x000002221D4D2FD0>
parameters = [('test@example.com', 1, 0)]

    def _exec_single_context(
        self,
        dialect: Dialect,
        context: ExecutionContext,
        statement: Union[str, Compiled],
        parameters: Optional[_AnyMultiExecuteParams],
    ) -> CursorResult[Any]:
        """continue the _execute_context() method for a single DBAPI
        cursor.execute() or cursor.executemany() call.
    
        """
        if dialect.bind_typing is BindTyping.SETINPUTSIZES:
            generic_setinputsizes = context._prepare_set_input_sizes()
    
            if generic_setinputsizes:
                try:
                    dialect.do_set_input_sizes(
                        context.cursor, generic_setinputsizes, context
                    )
                except BaseException as e:
                    self._handle_dbapi_exception(
                        e, str(statement), parameters, None, context
                    )
    
        cursor, str_statement, parameters = (
            context.cursor,
            context.statement,
            context.parameters,
        )
    
        effective_parameters: Optional[_AnyExecuteParams]
    
        if not context.executemany:
            effective_parameters = parameters[0]
        else:
            effective_parameters = parameters
    
        if self._has_events or self.engine._has_events:
            for fn in self.dispatch.before_cursor_execute:
                str_statement, effective_parameters = fn(
                    self,
                    cursor,
                    str_statement,
                    effective_parameters,
                    context,
                    context.executemany,
                )
    
        if self._echo:
            self._log_info(str_statement)
    
            stats = context._get_cache_stats()
    
            if not self.engine.hide_parameters:
                self._log_info(
                    "[%s] %r",
                    stats,
                    sql_util._repr_params(
                        effective_parameters,
                        batches=10,
                        ismulti=context.executemany,
                    ),
                )
            else:
                self._log_info(
                    "[%s] [SQL parameters hidden due to hide_parameters=True]",
                    stats,
                )
    
        evt_handled: bool = False
        try:
            if context.execute_style is ExecuteStyle.EXECUTEMANY:
                effective_parameters = cast(
                    "_CoreMultiExecuteParams", effective_parameters
                )
                if self.dialect._has_events:
                    for fn in self.dialect.dispatch.do_executemany:
                        if fn(
                            cursor,
                            str_statement,
                            effective_parameters,
                            context,
                        ):
                            evt_handled = True
                            break
                if not evt_handled:
                    self.dialect.do_executemany(
                        cursor,
                        str_statement,
                        effective_parameters,
                        context,
                    )
            elif not effective_parameters and context.no_parameters:
                if self.dialect._has_events:
                    for fn in self.dialect.dispatch.do_execute_no_params:
                        if fn(cursor, str_statement, context):
                            evt_handled = True
                            break
                if not evt_handled:
                    self.dialect.do_execute_no_params(
                        cursor, str_statement, context
                    )
            else:
                effective_parameters = cast(
                    "_CoreSingleExecuteParams", effective_parameters
                )
                if self.dialect._has_events:
                    for fn in self.dialect.dispatch.do_execute:
                        if fn(
                            cursor,
                            str_statement,
                            effective_parameters,
                            context,
                        ):
                            evt_handled = True
                            break
                if not evt_handled:
>                   self.dialect.do_execute(
                        cursor, str_statement, effective_parameters, context
                    )

..\..\..\sdlc_sandbox\venv\Lib\site-packages\sqlalchemy\engine\base.py:1969: 
_ _ _ _ _ _ _ _ _ _ _ _ _ _ _ _ _ _ _ _ _ _ _ _ _ _ _ _ _ _ _ _ _ _ _ _ _ _ _ _

self = <sqlalchemy.dialects.sqlite.pysqlite.SQLiteDialect_pysqlite object at 0x000002221D3F4550>
cursor = <sqlite3.Cursor object at 0x000002221E39C2C0>
statement = 'SELECT users.id AS users_id, users.email AS users_email, users.hashed_password AS users_hashed_password, users.role A...fied AS users_email_verified, users.disabled AS users_disabled \nFROM users \nWHERE users.email = ?\n LIMIT ? OFFSET ?'
parameters = ('test@example.com', 1, 0)
context = <sqlalchemy.dialects.sqlite.base.SQLiteExecutionContext object at 0x000002221DE69B70>

    def do_execute(self, cursor, statement, parameters, context=None):
>       cursor.execute(statement, parameters)
E       sqlite3.OperationalError: no such table: users

..\..\..\sdlc_sandbox\venv\Lib\site-packages\sqlalchemy\engine\default.py:952: OperationalError

The above exception was the direct cause of the following exception:

client = <starlette.testclient.TestClient object at 0x000002221DE756A0>

    def test_get_scheduled_payments(client: TestClient):
        # AC 7: The payment appears in the Scheduled Payments view with correct status.
>       headers = get_auth_headers(client)
                  ^^^^^^^^^^^^^^^^^^^^^^^^

server\tests\test_mortgage.py:154: 
_ _ _ _ _ _ _ _ _ _ _ _ _ _ _ _ _ _ _ _ _ _ _ _ _ _ _ _ _ _ _ _ _ _ _ _ _ _ _ _
server\tests\test_mortgage.py:8: in get_auth_headers
    response = client.post(
..\..\..\sdlc_sandbox\venv\Lib\site-packages\starlette\testclient.py:555: in post
    return super().post(
..\..\..\sdlc_sandbox\venv\Lib\site-packages\httpx\_client.py:1144: in post
    return self.request(
..\..\..\sdlc_sandbox\venv\Lib\site-packages\starlette\testclient.py:454: in request
    return super().request(
..\..\..\sdlc_sandbox\venv\Lib\site-packages\httpx\_client.py:825: in request
    return self.send(request, auth=auth, follow_redirects=follow_redirects)
           ^^^^^^^^^^^^^^^^^^^^^^^^^^^^^^^^^^^^^^^^^^^^^^^^^^^^^^^^^^^^^^^^
..\..\..\sdlc_sandbox\venv\Lib\site-packages\httpx\_client.py:914: in send
    response = self._send_handling_auth(
..\..\..\sdlc_sandbox\venv\Lib\site-packages\httpx\_client.py:942: in _send_handling_auth
    response = self._send_handling_redirects(
..\..\..\sdlc_sandbox\venv\Lib\site-packages\httpx\_client.py:979: in _send_handling_redirects
    response = self._send_single_request(request)
               ^^^^^^^^^^^^^^^^^^^^^^^^^^^^^^^^^^
..\..\..\sdlc_sandbox\venv\Lib\site-packages\httpx\_client.py:1014: in _send_single_request
    response = transport.handle_request(request)
               ^^^^^^^^^^^^^^^^^^^^^^^^^^^^^^^^^
..\..\..\sdlc_sandbox\venv\Lib\site-packages\starlette\testclient.py:356: in handle_request
    raise exc
..\..\..\sdlc_sandbox\venv\Lib\site-packages\starlette\testclient.py:353: in handle_request
    portal.call(self.app, scope, receive, send)
..\..\..\sdlc_sandbox\venv\Lib\site-packages\anyio\from_thread.py:338: in call
    return cast(T_Retval, self.start_task_soon(func, *args).result())
                          ^^^^^^^^^^^^^^^^^^^^^^^^^^^^^^^^^^^^^^^^^^
..\..\..\..\..\Roaming\uv\python\cpython-3.13.9-windows-x86_64-none\Lib\concurrent\futures\_base.py:456: in result
    return self.__get_result()
           ^^^^^^^^^^^^^^^^^^^
..\..\..\..\..\Roaming\uv\python\cpython-3.13.9-windows-x86_64-none\Lib\concurrent\futures\_base.py:401: in __get_result
    raise self._exception
..\..\..\sdlc_sandbox\venv\Lib\site-packages\anyio\from_thread.py:263: in _call_func
    retval = await retval_or_awaitable
             ^^^^^^^^^^^^^^^^^^^^^^^^^
..\..\..\sdlc_sandbox\venv\Lib\site-packages\fastapi\applications.py:1163: in __call__
    await super().__call__(scope, receive, send)
..\..\..\sdlc_sandbox\venv\Lib\site-packages\starlette\applications.py:90: in __call__
    await self.middleware_stack(scope, receive, send)
..\..\..\sdlc_sandbox\venv\Lib\site-packages\starlette\middleware\errors.py:186: in __call__
    raise exc
..\..\..\sdlc_sandbox\venv\Lib\site-packages\starlette\middleware\errors.py:164: in __call__
    await self.app(scope, receive, _send)
..\..\..\sdlc_sandbox\venv\Lib\site-packages\starlette\middleware\cors.py:88: in __call__
    await self.app(scope, receive, send)
..\..\..\sdlc_sandbox\venv\Lib\site-packages\starlette\middleware\exceptions.py:63: in __call__
    await wrap_app_handling_exceptions(self.app, conn)(scope, receive, send)
..\..\..\sdlc_sandbox\venv\Lib\site-packages\starlette\_exception_handler.py:53: in wrapped_app
    raise exc
..\..\..\sdlc_sandbox\venv\Lib\site-packages\starlette\_exception_handler.py:42: in wrapped_app
    await app(scope, receive, sender)
..\..\..\sdlc_sandbox\venv\Lib\site-packages\fastapi\middleware\asyncexitstack.py:18: in __call__
    await self.app(scope, receive, send)
..\..\..\sdlc_sandbox\venv\Lib\site-packages\starlette\routing.py:660: in __call__
    await self.middleware_stack(scope, receive, send)
..\..\..\sdlc_sandbox\venv\Lib\site-packages\fastapi\routing.py:2689: in app
    await route.handle(scope, receive, send)
..\..\..\sdlc_sandbox\venv\Lib\site-packages\fastapi\routing.py:1770: in handle
    await self.original_router.handle(scope, receive, send)
..\..\..\sdlc_sandbox\venv\Lib\site-packages\fastapi\routing.py:2744: in handle
    await included_router._handle_selected(scope, receive, send)
..\..\..\sdlc_sandbox\venv\Lib\site-packages\fastapi\routing.py:1790: in _handle_selected
    await original_route.handle(scope, receive, send)
..\..\..\sdlc_sandbox\venv\Lib\site-packages\fastapi\routing.py:1270: in handle
    await app(scope, receive, send)
..\..\..\sdlc_sandbox\venv\Lib\site-packages\fastapi\routing.py:156: in app
    await wrap_app_handling_exceptions(app, request)(scope, receive, send)
..\..\..\sdlc_sandbox\venv\Lib\site-packages\starlette\_exception_handler.py:53: in wrapped_app
    raise exc
..\..\..\sdlc_sandbox\venv\Lib\site-packages\starlette\_exception_handler.py:42: in wrapped_app
    await app(scope, receive, sender)
..\..\..\sdlc_sandbox\venv\Lib\site-packages\fastapi\routing.py:142: in app
    response = await f(request)
               ^^^^^^^^^^^^^^^^
..\..\..\sdlc_sandbox\venv\Lib\site-packages\fastapi\routing.py:698: in app
    raw_response = await run_endpoint_function(
..\..\..\sdlc_sandbox\venv\Lib\site-packages\fastapi\routing.py:352: in run_endpoint_function
    return await run_in_threadpool(dependant.call, **values)
           ^^^^^^^^^^^^^^^^^^^^^^^^^^^^^^^^^^^^^^^^^^^^^^^^^
..\..\..\sdlc_sandbox\venv\Lib\site-packages\starlette\concurrency.py:34: in run_in_threadpool
    return await anyio.to_thread.run_sync(func)
           ^^^^^^^^^^^^^^^^^^^^^^^^^^^^^^^^^^^^
..\..\..\sdlc_sandbox\venv\Lib\site-packages\anyio\to_thread.py:65: in run_sync
    return await get_async_backend().run_sync_in_worker_thread(
..\..\..\sdlc_sandbox\venv\Lib\site-packages\anyio\_backends\_asyncio.py:2641: in run_sync_in_worker_thread
    return await future
           ^^^^^^^^^^^^
..\..\..\sdlc_sandbox\venv\Lib\site-packages\anyio\_backends\_asyncio.py:1033: in run
    result = context.run(func, *args)
             ^^^^^^^^^^^^^^^^^^^^^^^^
server\routers\auth.py:68: in dummy_login
    db_user = db.query(User).filter(User.email == username).first()
              ^^^^^^^^^^^^^^^^^^^^^^^^^^^^^^^^^^^^^^^^^^^^^^^^^^^^^
..\..\..\sdlc_sandbox\venv\Lib\site-packages\sqlalchemy\orm\query.py:2766: in first
    return self.limit(1)._iter().first()  # type: ignore
           ^^^^^^^^^^^^^^^^^^^^^
..\..\..\sdlc_sandbox\venv\Lib\site-packages\sqlalchemy\orm\query.py:2864: in _iter
    result: Union[ScalarResult[_T], Result[_T]] = self.session.execute(
..\..\..\sdlc_sandbox\venv\Lib\site-packages\sqlalchemy\orm\session.py:2373: in execute
    return self._execute_internal(
..\..\..\sdlc_sandbox\venv\Lib\site-packages\sqlalchemy\orm\session.py:2271: in _execute_internal
    result: Result[Any] = compile_state_cls.orm_execute_statement(
..\..\..\sdlc_sandbox\venv\Lib\site-packages\sqlalchemy\orm\context.py:306: in orm_execute_statement
    result = conn.execute(
..\..\..\sdlc_sandbox\venv\Lib\site-packages\sqlalchemy\engine\base.py:1421: in execute
    return meth(
..\..\..\sdlc_sandbox\venv\Lib\site-packages\sqlalchemy\sql\elements.py:526: in _execute_on_connection
    return connection._execute_clauseelement(
..\..\..\sdlc_sandbox\venv\Lib\site-packages\sqlalchemy\engine\base.py:1643: in _execute_clauseelement
    ret = self._execute_context(
..\..\..\sdlc_sandbox\venv\Lib\site-packages\sqlalchemy\engine\base.py:1848: in _execute_context
    return self._exec_single_context(
..\..\..\sdlc_sandbox\venv\Lib\site-packages\sqlalchemy\engine\base.py:1988: in _exec_single_context
    self._handle_dbapi_exception(
..\..\..\sdlc_sandbox\venv\Lib\site-packages\sqlalchemy\engine\base.py:2365: in _handle_dbapi_exception
    raise sqlalchemy_exception.with_traceback(exc_info[2]) from e
..\..\..\sdlc_sandbox\venv\Lib\site-packages\sqlalchemy\engine\base.py:1969: in _exec_single_context
    self.dialect.do_execute(
_ _ _ _ _ _ _ _ _ _ _ _ _ _ _ _ _ _ _ _ _ _ _ _ _ _ _ _ _ _ _ _ _ _ _ _ _ _ _ _

self = <sqlalchemy.dialects.sqlite.pysqlite.SQLiteDialect_pysqlite object at 0x000002221D3F4550>
cursor = <sqlite3.Cursor object at 0x000002221E39C2C0>
statement = 'SELECT users.id AS users_id, users.email AS users_email, users.hashed_password AS users_hashed_password, users.role A...fied AS users_email_verified, users.disabled AS users_disabled \nFROM users \nWHERE users.email = ?\n LIMIT ? OFFSET ?'
parameters = ('test@example.com', 1, 0)
context = <sqlalchemy.dialects.sqlite.base.SQLiteExecutionContext object at 0x000002221DE69B70>

    def do_execute(self, cursor, statement, parameters, context=None):
>       cursor.execute(statement, parameters)
E       sqlalchemy.exc.OperationalError: (sqlite3.OperationalError) no such table: users
E       [SQL: SELECT users.id AS users_id, users.email AS users_email, users.hashed_password AS users_hashed_password, users.role AS users_role, users.is_active AS users_is_active, users.is_verified AS users_is_verified, users.email_verified AS users_email_verified, users.disabled AS users_disabled 
E       FROM users 
E       WHERE users.email = ?
E        LIMIT ? OFFSET ?]
E       [parameters: ('test@example.com', 1, 0)]
E       (Background on this error at: https://sqlalche.me/e/20/e3q8)

..\..\..\sdlc_sandbox\venv\Lib\site-packages\sqlalchemy\engine\default.py:952: OperationalError
___________________ test_submit_payment_insufficient_funds ____________________

self = <sqlalchemy.engine.base.Connection object at 0x000002221D4E3AD0>
dialect = <sqlalchemy.dialects.sqlite.pysqlite.SQLiteDialect_pysqlite object at 0x000002221D3F4550>
context = <sqlalchemy.dialects.sqlite.base.SQLiteExecutionContext object at 0x000002221DE81630>
statement = <sqlalchemy.dialects.sqlite.base.SQLiteCompiler object at 0x000002221D4D2FD0>
parameters = [('test@example.com', 1, 0)]

    def _exec_single_context(
        self,
        dialect: Dialect,
        context: ExecutionContext,
        statement: Union[str, Compiled],
        parameters: Optional[_AnyMultiExecuteParams],
    ) -> CursorResult[Any]:
        """continue the _execute_context() method for a single DBAPI
        cursor.execute() or cursor.executemany() call.
    
        """
        if dialect.bind_typing is BindTyping.SETINPUTSIZES:
            generic_setinputsizes = context._prepare_set_input_sizes()
    
            if generic_setinputsizes:
                try:
                    dialect.do_set_input_sizes(
                        context.cursor, generic_setinputsizes, context
                    )
                except BaseException as e:
                    self._handle_dbapi_exception(
                        e, str(statement), parameters, None, context
                    )
    
        cursor, str_statement, parameters = (
            context.cursor,
            context.statement,
            context.parameters,
        )
    
        effective_parameters: Optional[_AnyExecuteParams]
    
        if not context.executemany:
            effective_parameters = parameters[0]
        else:
            effective_parameters = parameters
    
        if self._has_events or self.engine._has_events:
            for fn in self.dispatch.before_cursor_execute:
                str_statement, effective_parameters = fn(
                    self,
                    cursor,
                    str_statement,
                    effective_parameters,
                    context,
                    context.executemany,
                )
    
        if self._echo:
            self._log_info(str_statement)
    
            stats = context._get_cache_stats()
    
            if not self.engine.hide_parameters:
                self._log_info(
                    "[%s] %r",
                    stats,
                    sql_util._repr_params(
                        effective_parameters,
                        batches=10,
                        ismulti=context.executemany,
                    ),
                )
            else:
                self._log_info(
                    "[%s] [SQL parameters hidden due to hide_parameters=True]",
                    stats,
                )
    
        evt_handled: bool = False
        try:
            if context.execute_style is ExecuteStyle.EXECUTEMANY:
                effective_parameters = cast(
                    "_CoreMultiExecuteParams", effective_parameters
                )
                if self.dialect._has_events:
                    for fn in self.dialect.dispatch.do_executemany:
                        if fn(
                            cursor,
                            str_statement,
                            effective_parameters,
                            context,
                        ):
                            evt_handled = True
                            break
                if not evt_handled:
                    self.dialect.do_executemany(
                        cursor,
                        str_statement,
                        effective_parameters,
                        context,
                    )
            elif not effective_parameters and context.no_parameters:
                if self.dialect._has_events:
                    for fn in self.dialect.dispatch.do_execute_no_params:
                        if fn(cursor, str_statement, context):
                            evt_handled = True
                            break
                if not evt_handled:
                    self.dialect.do_execute_no_params(
                        cursor, str_statement, context
                    )
            else:
                effective_parameters = cast(
                    "_CoreSingleExecuteParams", effective_parameters
                )
                if self.dialect._has_events:
                    for fn in self.dialect.dispatch.do_execute:
                        if fn(
                            cursor,
                            str_statement,
                            effective_parameters,
                            context,
                        ):
                            evt_handled = True
                            break
                if not evt_handled:
>                   self.dialect.do_execute(
                        cursor, str_statement, effective_parameters, context
                    )

..\..\..\sdlc_sandbox\venv\Lib\site-packages\sqlalchemy\engine\base.py:1969: 
_ _ _ _ _ _ _ _ _ _ _ _ _ _ _ _ _ _ _ _ _ _ _ _ _ _ _ _ _ _ _ _ _ _ _ _ _ _ _ _

self = <sqlalchemy.dialects.sqlite.pysqlite.SQLiteDialect_pysqlite object at 0x000002221D3F4550>
cursor = <sqlite3.Cursor object at 0x000002221EE36FC0>
statement = 'SELECT users.id AS users_id, users.email AS users_email, users.hashed_password AS users_hashed_password, users.role A...fied AS users_email_verified, users.disabled AS users_disabled \nFROM users \nWHERE users.email = ?\n LIMIT ? OFFSET ?'
parameters = ('test@example.com', 1, 0)
context = <sqlalchemy.dialects.sqlite.base.SQLiteExecutionContext object at 0x000002221DE81630>

    def do_execute(self, cursor, statement, parameters, context=None):
>       cursor.execute(statement, parameters)
E       sqlite3.OperationalError: no such table: users

..\..\..\sdlc_sandbox\venv\Lib\site-packages\sqlalchemy\engine\default.py:952: OperationalError

The above exception was the direct cause of the following exception:

client = <starlette.testclient.TestClient object at 0x000002221F7CD590>

    def test_submit_payment_insufficient_funds(client: TestClient):
        # AC 8: Edge case: insufficient funds
>       headers = get_auth_headers(client)
                  ^^^^^^^^^^^^^^^^^^^^^^^^

server\tests\test_mortgage.py:185: 
_ _ _ _ _ _ _ _ _ _ _ _ _ _ _ _ _ _ _ _ _ _ _ _ _ _ _ _ _ _ _ _ _ _ _ _ _ _ _ _
server\tests\test_mortgage.py:8: in get_auth_headers
    response = client.post(
..\..\..\sdlc_sandbox\venv\Lib\site-packages\starlette\testclient.py:555: in post
    return super().post(
..\..\..\sdlc_sandbox\venv\Lib\site-packages\httpx\_client.py:1144: in post
    return self.request(
..\..\..\sdlc_sandbox\venv\Lib\site-packages\starlette\testclient.py:454: in request
    return super().request(
..\..\..\sdlc_sandbox\venv\Lib\site-packages\httpx\_client.py:825: in request
    return self.send(request, auth=auth, follow_redirects=follow_redirects)
           ^^^^^^^^^^^^^^^^^^^^^^^^^^^^^^^^^^^^^^^^^^^^^^^^^^^^^^^^^^^^^^^^
..\..\..\sdlc_sandbox\venv\Lib\site-packages\httpx\_client.py:914: in send
    response = self._send_handling_auth(
..\..\..\sdlc_sandbox\venv\Lib\site-packages\httpx\_client.py:942: in _send_handling_auth
    response = self._send_handling_redirects(
..\..\..\sdlc_sandbox\venv\Lib\site-packages\httpx\_client.py:979: in _send_handling_redirects
    response = self._send_single_request(request)
               ^^^^^^^^^^^^^^^^^^^^^^^^^^^^^^^^^^
..\..\..\sdlc_sandbox\venv\Lib\site-packages\httpx\_client.py:1014: in _send_single_request
    response = transport.handle_request(request)
               ^^^^^^^^^^^^^^^^^^^^^^^^^^^^^^^^^
..\..\..\sdlc_sandbox\venv\Lib\site-packages\starlette\testclient.py:356: in handle_request
    raise exc
..\..\..\sdlc_sandbox\venv\Lib\site-packages\starlette\testclient.py:353: in handle_request
    portal.call(self.app, scope, receive, send)
..\..\..\sdlc_sandbox\venv\Lib\site-packages\anyio\from_thread.py:338: in call
    return cast(T_Retval, self.start_task_soon(func, *args).result())
                          ^^^^^^^^^^^^^^^^^^^^^^^^^^^^^^^^^^^^^^^^^^
..\..\..\..\..\Roaming\uv\python\cpython-3.13.9-windows-x86_64-none\Lib\concurrent\futures\_base.py:456: in result
    return self.__get_result()
           ^^^^^^^^^^^^^^^^^^^
..\..\..\..\..\Roaming\uv\python\cpython-3.13.9-windows-x86_64-none\Lib\concurrent\futures\_base.py:401: in __get_result
    raise self._exception
..\..\..\sdlc_sandbox\venv\Lib\site-packages\anyio\from_thread.py:263: in _call_func
    retval = await retval_or_awaitable
             ^^^^^^^^^^^^^^^^^^^^^^^^^
..\..\..\sdlc_sandbox\venv\Lib\site-packages\fastapi\applications.py:1163: in __call__
    await super().__call__(scope, receive, send)
..\..\..\sdlc_sandbox\venv\Lib\site-packages\starlette\applications.py:90: in __call__
    await self.middleware_stack(scope, receive, send)
..\..\..\sdlc_sandbox\venv\Lib\site-packages\starlette\middleware\errors.py:186: in __call__
    raise exc
..\..\..\sdlc_sandbox\venv\Lib\site-packages\starlette\middleware\errors.py:164: in __call__
    await self.app(scope, receive, _send)
..\..\..\sdlc_sandbox\venv\Lib\site-packages\starlette\middleware\cors.py:88: in __call__
    await self.app(scope, receive, send)
..\..\..\sdlc_sandbox\venv\Lib\site-packages\starlette\middleware\exceptions.py:63: in __call__
    await wrap_app_handling_exceptions(self.app, conn)(scope, receive, send)
..\..\..\sdlc_sandbox\venv\Lib\site-packages\starlette\_exception_handler.py:53: in wrapped_app
    raise exc
..\..\..\sdlc_sandbox\venv\Lib\site-packages\starlette\_exception_handler.py:42: in wrapped_app
    await app(scope, receive, sender)
..\..\..\sdlc_sandbox\venv\Lib\site-packages\fastapi\middleware\asyncexitstack.py:18: in __call__
    await self.app(scope, receive, send)
..\..\..\sdlc_sandbox\venv\Lib\site-packages\starlette\routing.py:660: in __call__
    await self.middleware_stack(scope, receive, send)
..\..\..\sdlc_sandbox\venv\Lib\site-packages\fastapi\routing.py:2689: in app
    await route.handle(scope, receive, send)
..\..\..\sdlc_sandbox\venv\Lib\site-packages\fastapi\routing.py:1770: in handle
    await self.original_router.handle(scope, receive, send)
..\..\..\sdlc_sandbox\venv\Lib\site-packages\fastapi\routing.py:2744: in handle
    await included_router._handle_selected(scope, receive, send)
..\..\..\sdlc_sandbox\venv\Lib\site-packages\fastapi\routing.py:1790: in _handle_selected
    await original_route.handle(scope, receive, send)
..\..\..\sdlc_sandbox\venv\Lib\site-packages\fastapi\routing.py:1270: in handle
    await app(scope, receive, send)
..\..\..\sdlc_sandbox\venv\Lib\site-packages\fastapi\routing.py:156: in app
    await wrap_app_handling_exceptions(app, request)(scope, receive, send)
..\..\..\sdlc_sandbox\venv\Lib\site-packages\starlette\_exception_handler.py:53: in wrapped_app
    raise exc
..\..\..\sdlc_sandbox\venv\Lib\site-packages\starlette\_exception_handler.py:42: in wrapped_app
    await app(scope, receive, sender)
..\..\..\sdlc_sandbox\venv\Lib\site-packages\fastapi\routing.py:142: in app
    response = await f(request)
               ^^^^^^^^^^^^^^^^
..\..\..\sdlc_sandbox\venv\Lib\site-packages\fastapi\routing.py:698: in app
    raw_response = await run_endpoint_function(
..\..\..\sdlc_sandbox\venv\Lib\site-packages\fastapi\routing.py:352: in run_endpoint_function
    return await run_in_threadpool(dependant.call, **values)
           ^^^^^^^^^^^^^^^^^^^^^^^^^^^^^^^^^^^^^^^^^^^^^^^^^
..\..\..\sdlc_sandbox\venv\Lib\site-packages\starlette\concurrency.py:34: in run_in_threadpool
    return await anyio.to_thread.run_sync(func)
           ^^^^^^^^^^^^^^^^^^^^^^^^^^^^^^^^^^^^
..\..\..\sdlc_sandbox\venv\Lib\site-packages\anyio\to_thread.py:65: in run_sync
    return await get_async_backend().run_sync_in_worker_thread(
..\..\..\sdlc_sandbox\venv\Lib\site-packages\anyio\_backends\_asyncio.py:2641: in run_sync_in_worker_thread
    return await future
           ^^^^^^^^^^^^
..\..\..\sdlc_sandbox\venv\Lib\site-packages\anyio\_backends\_asyncio.py:1033: in run
    result = context.run(func, *args)
             ^^^^^^^^^^^^^^^^^^^^^^^^
server\routers\auth.py:68: in dummy_login
    db_user = db.query(User).filter(User.email == username).first()
              ^^^^^^^^^^^^^^^^^^^^^^^^^^^^^^^^^^^^^^^^^^^^^^^^^^^^^
..\..\..\sdlc_sandbox\venv\Lib\site-packages\sqlalchemy\orm\query.py:2766: in first
    return self.limit(1)._iter().first()  # type: ignore
           ^^^^^^^^^^^^^^^^^^^^^
..\..\..\sdlc_sandbox\venv\Lib\site-packages\sqlalchemy\orm\query.py:2864: in _iter
    result: Union[ScalarResult[_T], Result[_T]] = self.session.execute(
..\..\..\sdlc_sandbox\venv\Lib\site-packages\sqlalchemy\orm\session.py:2373: in execute
    return self._execute_internal(
..\..\..\sdlc_sandbox\venv\Lib\site-packages\sqlalchemy\orm\session.py:2271: in _execute_internal
    result: Result[Any] = compile_state_cls.orm_execute_statement(
..\..\..\sdlc_sandbox\venv\Lib\site-packages\sqlalchemy\orm\context.py:306: in orm_execute_statement
    result = conn.execute(
..\..\..\sdlc_sandbox\venv\Lib\site-packages\sqlalchemy\engine\base.py:1421: in execute
    return meth(
..\..\..\sdlc_sandbox\venv\Lib\site-packages\sqlalchemy\sql\elements.py:526: in _execute_on_connection
    return connection._execute_clauseelement(
..\..\..\sdlc_sandbox\venv\Lib\site-packages\sqlalchemy\engine\base.py:1643: in _execute_clauseelement
    ret = self._execute_context(
..\..\..\sdlc_sandbox\venv\Lib\site-packages\sqlalchemy\engine\base.py:1848: in _execute_context
    return self._exec_single_context(
..\..\..\sdlc_sandbox\venv\Lib\site-packages\sqlalchemy\engine\base.py:1988: in _exec_single_context
    self._handle_dbapi_exception(
..\..\..\sdlc_sandbox\venv\Lib\site-packages\sqlalchemy\engine\base.py:2365: in _handle_dbapi_exception
    raise sqlalchemy_exception.with_traceback(exc_info[2]) from e
..\..\..\sdlc_sandbox\venv\Lib\site-packages\sqlalchemy\engine\base.py:1969: in _exec_single_context
    self.dialect.do_execute(
_ _ _ _ _ _ _ _ _ _ _ _ _ _ _ _ _ _ _ _ _ _ _ _ _ _ _ _ _ _ _ _ _ _ _ _ _ _ _ _

self = <sqlalchemy.dialects.sqlite.pysqlite.SQLiteDialect_pysqlite object at 0x000002221D3F4550>
cursor = <sqlite3.Cursor object at 0x000002221EE36FC0>
statement = 'SELECT users.id AS users_id, users.email AS users_email, users.hashed_password AS users_hashed_password, users.role A...fied AS users_email_verified, users.disabled AS users_disabled \nFROM users \nWHERE users.email = ?\n LIMIT ? OFFSET ?'
parameters = ('test@example.com', 1, 0)
context = <sqlalchemy.dialects.sqlite.base.SQLiteExecutionContext object at 0x000002221DE81630>

    def do_execute(self, cursor, statement, parameters, context=None):
>       cursor.execute(statement, parameters)
E       sqlalchemy.exc.OperationalError: (sqlite3.OperationalError) no such table: users
E       [SQL: SELECT users.id AS users_id, users.email AS users_email, users.hashed_password AS users_hashed_password, users.role AS users_role, users.is_active AS users_is_active, users.is_verified AS users_is_verified, users.email_verified AS users_email_verified, users.disabled AS users_disabled 
E       FROM users 
E       WHERE users.email = ?
E        LIMIT ? OFFSET ?]
E       [parameters: ('test@example.com', 1, 0)]
E       (Background on this error at: https://sqlalche.me/e/20/e3q8)

..\..\..\sdlc_sandbox\venv\Lib\site-packages\sqlalchemy\engine\default.py:952: OperationalError
_____________________ test_submit_payment_fiserv_timeout ______________________

self = <sqlalchemy.engine.base.Connection object at 0x000002221D3A5C10>
dialect = <sqlalchemy.dialects.sqlite.pysqlite.SQLiteDialect_pysqlite object at 0x000002221D3F4550>
context = <sqlalchemy.dialects.sqlite.base.SQLiteExecutionContext object at 0x000002221DE98C90>
statement = <sqlalchemy.dialects.sqlite.base.SQLiteCompiler object at 0x000002221D4D2FD0>
parameters = [('test@example.com', 1, 0)]

    def _exec_single_context(
        self,
        dialect: Dialect,
        context: ExecutionContext,
        statement: Union[str, Compiled],
        parameters: Optional[_AnyMultiExecuteParams],
    ) -> CursorResult[Any]:
        """continue the _execute_context() method for a single DBAPI
        cursor.execute() or cursor.executemany() call.
    
        """
        if dialect.bind_typing is BindTyping.SETINPUTSIZES:
            generic_setinputsizes = context._prepare_set_input_sizes()
    
            if generic_setinputsizes:
                try:
                    dialect.do_set_input_sizes(
                        context.cursor, generic_setinputsizes, context
                    )
                except BaseException as e:
                    self._handle_dbapi_exception(
                        e, str(statement), parameters, None, context
                    )
    
        cursor, str_statement, parameters = (
            context.cursor,
            context.statement,
            context.parameters,
        )
    
        effective_parameters: Optional[_AnyExecuteParams]
    
        if not context.executemany:
            effective_parameters = parameters[0]
        else:
            effective_parameters = parameters
    
        if self._has_events or self.engine._has_events:
            for fn in self.dispatch.before_cursor_execute:
                str_statement, effective_parameters = fn(
                    self,
                    cursor,
                    str_statement,
                    effective_parameters,
                    context,
                    context.executemany,
                )
    
        if self._echo:
            self._log_info(str_statement)
    
            stats = context._get_cache_stats()
    
            if not self.engine.hide_parameters:
                self._log_info(
                    "[%s] %r",
                    stats,
                    sql_util._repr_params(
                        effective_parameters,
                        batches=10,
                        ismulti=context.executemany,
                    ),
                )
            else:
                self._log_info(
                    "[%s] [SQL parameters hidden due to hide_parameters=True]",
                    stats,
                )
    
        evt_handled: bool = False
        try:
            if context.execute_style is ExecuteStyle.EXECUTEMANY:
                effective_parameters = cast(
                    "_CoreMultiExecuteParams", effective_parameters
                )
                if self.dialect._has_events:
                    for fn in self.dialect.dispatch.do_executemany:
                        if fn(
                            cursor,
                            str_statement,
                            effective_parameters,
                            context,
                        ):
                            evt_handled = True
                            break
                if not evt_handled:
                    self.dialect.do_executemany(
                        cursor,
                        str_statement,
                        effective_parameters,
                        context,
                    )
            elif not effective_parameters and context.no_parameters:
                if self.dialect._has_events:
                    for fn in self.dialect.dispatch.do_execute_no_params:
                        if fn(cursor, str_statement, context):
                            evt_handled = True
                            break
                if not evt_handled:
                    self.dialect.do_execute_no_params(
                        cursor, str_statement, context
                    )
            else:
                effective_parameters = cast(
                    "_CoreSingleExecuteParams", effective_parameters
                )
                if self.dialect._has_events:
                    for fn in self.dialect.dispatch.do_execute:
                        if fn(
                            cursor,
                            str_statement,
                            effective_parameters,
                            context,
                        ):
                            evt_handled = True
                            break
                if not evt_handled:
>                   self.dialect.do_execute(
                        cursor, str_statement, effective_parameters, context
                    )

..\..\..\sdlc_sandbox\venv\Lib\site-packages\sqlalchemy\engine\base.py:1969: 
_ _ _ _ _ _ _ _ _ _ _ _ _ _ _ _ _ _ _ _ _ _ _ _ _ _ _ _ _ _ _ _ _ _ _ _ _ _ _ _

self = <sqlalchemy.dialects.sqlite.pysqlite.SQLiteDialect_pysqlite object at 0x000002221D3F4550>
cursor = <sqlite3.Cursor object at 0x000002221EB316C0>
statement = 'SELECT users.id AS users_id, users.email AS users_email, users.hashed_password AS users_hashed_password, users.role A...fied AS users_email_verified, users.disabled AS users_disabled \nFROM users \nWHERE users.email = ?\n LIMIT ? OFFSET ?'
parameters = ('test@example.com', 1, 0)
context = <sqlalchemy.dialects.sqlite.base.SQLiteExecutionContext object at 0x000002221DE98C90>

    def do_execute(self, cursor, statement, parameters, context=None):
>       cursor.execute(statement, parameters)
E       sqlite3.OperationalError: no such table: users

..\..\..\sdlc_sandbox\venv\Lib\site-packages\sqlalchemy\engine\default.py:952: OperationalError

The above exception was the direct cause of the following exception:

client = <starlette.testclient.TestClient object at 0x000002221F7CF130>

    def test_submit_payment_fiserv_timeout(client: TestClient):
        # AC 8: Edge case: Fiserv timeout
>       headers = get_auth_headers(client)
                  ^^^^^^^^^^^^^^^^^^^^^^^^

server\tests\test_mortgage.py:204: 
_ _ _ _ _ _ _ _ _ _ _ _ _ _ _ _ _ _ _ _ _ _ _ _ _ _ _ _ _ _ _ _ _ _ _ _ _ _ _ _
server\tests\test_mortgage.py:8: in get_auth_headers
    response = client.post(
..\..\..\sdlc_sandbox\venv\Lib\site-packages\starlette\testclient.py:555: in post
    return super().post(
..\..\..\sdlc_sandbox\venv\Lib\site-packages\httpx\_client.py:1144: in post
    return self.request(
..\..\..\sdlc_sandbox\venv\Lib\site-packages\starlette\testclient.py:454: in request
    return super().request(
..\..\..\sdlc_sandbox\venv\Lib\site-packages\httpx\_client.py:825: in request
    return self.send(request, auth=auth, follow_redirects=follow_redirects)
           ^^^^^^^^^^^^^^^^^^^^^^^^^^^^^^^^^^^^^^^^^^^^^^^^^^^^^^^^^^^^^^^^
..\..\..\sdlc_sandbox\venv\Lib\site-packages\httpx\_client.py:914: in send
    response = self._send_handling_auth(
..\..\..\sdlc_sandbox\venv\Lib\site-packages\httpx\_client.py:942: in _send_handling_auth
    response = self._send_handling_redirects(
..\..\..\sdlc_sandbox\venv\Lib\site-packages\httpx\_client.py:979: in _send_handling_redirects
    response = self._send_single_request(request)
               ^^^^^^^^^^^^^^^^^^^^^^^^^^^^^^^^^^
..\..\..\sdlc_sandbox\venv\Lib\site-packages\httpx\_client.py:1014: in _send_single_request
    response = transport.handle_request(request)
               ^^^^^^^^^^^^^^^^^^^^^^^^^^^^^^^^^
..\..\..\sdlc_sandbox\venv\Lib\site-packages\starlette\testclient.py:356: in handle_request
    raise exc
..\..\..\sdlc_sandbox\venv\Lib\site-packages\starlette\testclient.py:353: in handle_request
    portal.call(self.app, scope, receive, send)
..\..\..\sdlc_sandbox\venv\Lib\site-packages\anyio\from_thread.py:338: in call
    return cast(T_Retval, self.start_task_soon(func, *args).result())
                          ^^^^^^^^^^^^^^^^^^^^^^^^^^^^^^^^^^^^^^^^^^
..\..\..\..\..\Roaming\uv\python\cpython-3.13.9-windows-x86_64-none\Lib\concurrent\futures\_base.py:456: in result
    return self.__get_result()
           ^^^^^^^^^^^^^^^^^^^
..\..\..\..\..\Roaming\uv\python\cpython-3.13.9-windows-x86_64-none\Lib\concurrent\futures\_base.py:401: in __get_result
    raise self._exception
..\..\..\sdlc_sandbox\venv\Lib\site-packages\anyio\from_thread.py:263: in _call_func
    retval = await retval_or_awaitable
             ^^^^^^^^^^^^^^^^^^^^^^^^^
..\..\..\sdlc_sandbox\venv\Lib\site-packages\fastapi\applications.py:1163: in __call__
    await super().__call__(scope, receive, send)
..\..\..\sdlc_sandbox\venv\Lib\site-packages\starlette\applications.py:90: in __call__
    await self.middleware_stack(scope, receive, send)
..\..\..\sdlc_sandbox\venv\Lib\site-packages\starlette\middleware\errors.py:186: in __call__
    raise exc
..\..\..\sdlc_sandbox\venv\Lib\site-packages\starlette\middleware\errors.py:164: in __call__
    await self.app(scope, receive, _send)
..\..\..\sdlc_sandbox\venv\Lib\site-packages\starlette\middleware\cors.py:88: in __call__
    await self.app(scope, receive, send)
..\..\..\sdlc_sandbox\venv\Lib\site-packages\starlette\middleware\exceptions.py:63: in __call__
    await wrap_app_handling_exceptions(self.app, conn)(scope, receive, send)
..\..\..\sdlc_sandbox\venv\Lib\site-packages\starlette\_exception_handler.py:53: in wrapped_app
    raise exc
..\..\..\sdlc_sandbox\venv\Lib\site-packages\starlette\_exception_handler.py:42: in wrapped_app
    await app(scope, receive, sender)
..\..\..\sdlc_sandbox\venv\Lib\site-packages\fastapi\middleware\asyncexitstack.py:18: in __call__
    await self.app(scope, receive, send)
..\..\..\sdlc_sandbox\venv\Lib\site-packages\starlette\routing.py:660: in __call__
    await self.middleware_stack(scope, receive, send)
..\..\..\sdlc_sandbox\venv\Lib\site-packages\fastapi\routing.py:2689: in app
    await route.handle(scope, receive, send)
..\..\..\sdlc_sandbox\venv\Lib\site-packages\fastapi\routing.py:1770: in handle
    await self.original_router.handle(scope, receive, send)
..\..\..\sdlc_sandbox\venv\Lib\site-packages\fastapi\routing.py:2744: in handle
    await included_router._handle_selected(scope, receive, send)
..\..\..\sdlc_sandbox\venv\Lib\site-packages\fastapi\routing.py:1790: in _handle_selected
    await original_route.handle(scope, receive, send)
..\..\..\sdlc_sandbox\venv\Lib\site-packages\fastapi\routing.py:1270: in handle
    await app(scope, receive, send)
..\..\..\sdlc_sandbox\venv\Lib\site-packages\fastapi\routing.py:156: in app
    await wrap_app_handling_exceptions(app, request)(scope, receive, send)
..\..\..\sdlc_sandbox\venv\Lib\site-packages\starlette\_exception_handler.py:53: in wrapped_app
    raise exc
..\..\..\sdlc_sandbox\venv\Lib\site-packages\starlette\_exception_handler.py:42: in wrapped_app
    await app(scope, receive, sender)
..\..\..\sdlc_sandbox\venv\Lib\site-packages\fastapi\routing.py:142: in app
    response = await f(request)
               ^^^^^^^^^^^^^^^^
..\..\..\sdlc_sandbox\venv\Lib\site-packages\fastapi\routing.py:698: in app
    raw_response = await run_endpoint_function(
..\..\..\sdlc_sandbox\venv\Lib\site-packages\fastapi\routing.py:352: in run_endpoint_function
    return await run_in_threadpool(dependant.call, **values)
           ^^^^^^^^^^^^^^^^^^^^^^^^^^^^^^^^^^^^^^^^^^^^^^^^^
..\..\..\sdlc_sandbox\venv\Lib\site-packages\starlette\concurrency.py:34: in run_in_threadpool
    return await anyio.to_thread.run_sync(func)
           ^^^^^^^^^^^^^^^^^^^^^^^^^^^^^^^^^^^^
..\..\..\sdlc_sandbox\venv\Lib\site-packages\anyio\to_thread.py:65: in run_sync
    return await get_async_backend().run_sync_in_worker_thread(
..\..\..\sdlc_sandbox\venv\Lib\site-packages\anyio\_backends\_asyncio.py:2641: in run_sync_in_worker_thread
    return await future
           ^^^^^^^^^^^^
..\..\..\sdlc_sandbox\venv\Lib\site-packages\anyio\_backends\_asyncio.py:1033: in run
    result = context.run(func, *args)
             ^^^^^^^^^^^^^^^^^^^^^^^^
server\routers\auth.py:68: in dummy_login
    db_user = db.query(User).filter(User.email == username).first()
              ^^^^^^^^^^^^^^^^^^^^^^^^^^^^^^^^^^^^^^^^^^^^^^^^^^^^^
..\..\..\sdlc_sandbox\venv\Lib\site-packages\sqlalchemy\orm\query.py:2766: in first
    return self.limit(1)._iter().first()  # type: ignore
           ^^^^^^^^^^^^^^^^^^^^^
..\..\..\sdlc_sandbox\venv\Lib\site-packages\sqlalchemy\orm\query.py:2864: in _iter
    result: Union[ScalarResult[_T], Result[_T]] = self.session.execute(
..\..\..\sdlc_sandbox\venv\Lib\site-packages\sqlalchemy\orm\session.py:2373: in execute
    return self._execute_internal(
..\..\..\sdlc_sandbox\venv\Lib\site-packages\sqlalchemy\orm\session.py:2271: in _execute_internal
    result: Result[Any] = compile_state_cls.orm_execute_statement(
..\..\..\sdlc_sandbox\venv\Lib\site-packages\sqlalchemy\orm\context.py:306: in orm_execute_statement
    result = conn.execute(
..\..\..\sdlc_sandbox\venv\Lib\site-packages\sqlalchemy\engine\base.py:1421: in execute
    return meth(
..\..\..\sdlc_sandbox\venv\Lib\site-packages\sqlalchemy\sql\elements.py:526: in _execute_on_connection
    return connection._execute_clauseelement(
..\..\..\sdlc_sandbox\venv\Lib\site-packages\sqlalchemy\engine\base.py:1643: in _execute_clauseelement
    ret = self._execute_context(
..\..\..\sdlc_sandbox\venv\Lib\site-packages\sqlalchemy\engine\base.py:1848: in _execute_context
    return self._exec_single_context(
..\..\..\sdlc_sandbox\venv\Lib\site-packages\sqlalchemy\engine\base.py:1988: in _exec_single_context
    self._handle_dbapi_exception(
..\..\..\sdlc_sandbox\venv\Lib\site-packages\sqlalchemy\engine\base.py:2365: in _handle_dbapi_exception
    raise sqlalchemy_exception.with_traceback(exc_info[2]) from e
..\..\..\sdlc_sandbox\venv\Lib\site-packages\sqlalchemy\engine\base.py:1969: in _exec_single_context
    self.dialect.do_execute(
_ _ _ _ _ _ _ _ _ _ _ _ _ _ _ _ _ _ _ _ _ _ _ _ _ _ _ _ _ _ _ _ _ _ _ _ _ _ _ _

self = <sqlalchemy.dialects.sqlite.pysqlite.SQLiteDialect_pysqlite object at 0x000002221D3F4550>
cursor = <sqlite3.Cursor object at 0x000002221EB316C0>
statement = 'SELECT users.id AS users_id, users.email AS users_email, users.hashed_password AS users_hashed_password, users.role A...fied AS users_email_verified, users.disabled AS users_disabled \nFROM users \nWHERE users.email = ?\n LIMIT ? OFFSET ?'
parameters = ('test@example.com', 1, 0)
context = <sqlalchemy.dialects.sqlite.base.SQLiteExecutionContext object at 0x000002221DE98C90>

    def do_execute(self, cursor, statement, parameters, context=None):
>       cursor.execute(statement, parameters)
E       sqlalchemy.exc.OperationalError: (sqlite3.OperationalError) no such table: users
E       [SQL: SELECT users.id AS users_id, users.email AS users_email, users.hashed_password AS users_hashed_password, users.role AS users_role, users.is_active AS users_is_active, users.is_verified AS users_is_verified, users.email_verified AS users_email_verified, users.disabled AS users_disabled 
E       FROM users 
E       WHERE users.email = ?
E        LIMIT ? OFFSET ?]
E       [parameters: ('test@example.com', 1, 0)]
E       (Background on this error at: https://sqlalche.me/e/20/e3q8)

..\..\..\sdlc_sandbox\venv\Lib\site-packages\sqlalchemy\engine\default.py:952: OperationalError
____________________ test_submit_payment_cenlar_rejection _____________________

self = <sqlalchemy.engine.base.Connection object at 0x000002221D72F290>
dialect = <sqlalchemy.dialects.sqlite.pysqlite.SQLiteDialect_pysqlite object at 0x000002221D3F4550>
context = <sqlalchemy.dialects.sqlite.base.SQLiteExecutionContext object at 0x000002221DE60670>
statement = <sqlalchemy.dialects.sqlite.base.SQLiteCompiler object at 0x000002221D4D2FD0>
parameters = [('test@example.com', 1, 0)]

    def _exec_single_context(
        self,
        dialect: Dialect,
        context: ExecutionContext,
        statement: Union[str, Compiled],
        parameters: Optional[_AnyMultiExecuteParams],
    ) -> CursorResult[Any]:
        """continue the _execute_context() method for a single DBAPI
        cursor.execute() or cursor.executemany() call.
    
        """
        if dialect.bind_typing is BindTyping.SETINPUTSIZES:
            generic_setinputsizes = context._prepare_set_input_sizes()
    
            if generic_setinputsizes:
                try:
                    dialect.do_set_input_sizes(
                        context.cursor, generic_setinputsizes, context
                    )
                except BaseException as e:
                    self._handle_dbapi_exception(
                        e, str(statement), parameters, None, context
                    )
    
        cursor, str_statement, parameters = (
            context.cursor,
            context.statement,
            context.parameters,
        )
    
        effective_parameters: Optional[_AnyExecuteParams]
    
        if not context.executemany:
            effective_parameters = parameters[0]
        else:
            effective_parameters = parameters
    
        if self._has_events or self.engine._has_events:
            for fn in self.dispatch.before_cursor_execute:
                str_statement, effective_parameters = fn(
                    self,
                    cursor,
                    str_statement,
                    effective_parameters,
                    context,
                    context.executemany,
                )
    
        if self._echo:
            self._log_info(str_statement)
    
            stats = context._get_cache_stats()
    
            if not self.engine.hide_parameters:
                self._log_info(
                    "[%s] %r",
                    stats,
                    sql_util._repr_params(
                        effective_parameters,
                        batches=10,
                        ismulti=context.executemany,
                    ),
                )
            else:
                self._log_info(
                    "[%s] [SQL parameters hidden due to hide_parameters=True]",
                    stats,
                )
    
        evt_handled: bool = False
        try:
            if context.execute_style is ExecuteStyle.EXECUTEMANY:
                effective_parameters = cast(
                    "_CoreMultiExecuteParams", effective_parameters
                )
                if self.dialect._has_events:
                    for fn in self.dialect.dispatch.do_executemany:
                        if fn(
                            cursor,
                            str_statement,
                            effective_parameters,
                            context,
                        ):
                            evt_handled = True
                            break
                if not evt_handled:
                    self.dialect.do_executemany(
                        cursor,
                        str_statement,
                        effective_parameters,
                        context,
                    )
            elif not effective_parameters and context.no_parameters:
                if self.dialect._has_events:
                    for fn in self.dialect.dispatch.do_execute_no_params:
                        if fn(cursor, str_statement, context):
                            evt_handled = True
                            break
                if not evt_handled:
                    self.dialect.do_execute_no_params(
                        cursor, str_statement, context
                    )
            else:
                effective_parameters = cast(
                    "_CoreSingleExecuteParams", effective_parameters
                )
                if self.dialect._has_events:
                    for fn in self.dialect.dispatch.do_execute:
                        if fn(
                            cursor,
                            str_statement,
                            effective_parameters,
                            context,
                        ):
                            evt_handled = True
                            break
                if not evt_handled:
>                   self.dialect.do_execute(
                        cursor, str_statement, effective_parameters, context
                    )

..\..\..\sdlc_sandbox\venv\Lib\site-packages\sqlalchemy\engine\base.py:1969: 
_ _ _ _ _ _ _ _ _ _ _ _ _ _ _ _ _ _ _ _ _ _ _ _ _ _ _ _ _ _ _ _ _ _ _ _ _ _ _ _

self = <sqlalchemy.dialects.sqlite.pysqlite.SQLiteDialect_pysqlite object at 0x000002221D3F4550>
cursor = <sqlite3.Cursor object at 0x000002221E831D40>
statement = 'SELECT users.id AS users_id, users.email AS users_email, users.hashed_password AS users_hashed_password, users.role A...fied AS users_email_verified, users.disabled AS users_disabled \nFROM users \nWHERE users.email = ?\n LIMIT ? OFFSET ?'
parameters = ('test@example.com', 1, 0)
context = <sqlalchemy.dialects.sqlite.base.SQLiteExecutionContext object at 0x000002221DE60670>

    def do_execute(self, cursor, statement, parameters, context=None):
>       cursor.execute(statement, parameters)
E       sqlite3.OperationalError: no such table: users

..\..\..\sdlc_sandbox\venv\Lib\site-packages\sqlalchemy\engine\default.py:952: OperationalError

The above exception was the direct cause of the following exception:

client = <starlette.testclient.TestClient object at 0x000002221F7CFDF0>

    def test_submit_payment_cenlar_rejection(client: TestClient):
        # AC 8: Edge case: Cenlar rejection
>       headers = get_auth_headers(client)
                  ^^^^^^^^^^^^^^^^^^^^^^^^

server\tests\test_mortgage.py:223: 
_ _ _ _ _ _ _ _ _ _ _ _ _ _ _ _ _ _ _ _ _ _ _ _ _ _ _ _ _ _ _ _ _ _ _ _ _ _ _ _
server\tests\test_mortgage.py:8: in get_auth_headers
    response = client.post(
..\..\..\sdlc_sandbox\venv\Lib\site-packages\starlette\testclient.py:555: in post
    return super().post(
..\..\..\sdlc_sandbox\venv\Lib\site-packages\httpx\_client.py:1144: in post
    return self.request(
..\..\..\sdlc_sandbox\venv\Lib\site-packages\starlette\testclient.py:454: in request
    return super().request(
..\..\..\sdlc_sandbox\venv\Lib\site-packages\httpx\_client.py:825: in request
    return self.send(request, auth=auth, follow_redirects=follow_redirects)
           ^^^^^^^^^^^^^^^^^^^^^^^^^^^^^^^^^^^^^^^^^^^^^^^^^^^^^^^^^^^^^^^^
..\..\..\sdlc_sandbox\venv\Lib\site-packages\httpx\_client.py:914: in send
    response = self._send_handling_auth(
..\..\..\sdlc_sandbox\venv\Lib\site-packages\httpx\_client.py:942: in _send_handling_auth
    response = self._send_handling_redirects(
..\..\..\sdlc_sandbox\venv\Lib\site-packages\httpx\_client.py:979: in _send_handling_redirects
    response = self._send_single_request(request)
               ^^^^^^^^^^^^^^^^^^^^^^^^^^^^^^^^^^
..\..\..\sdlc_sandbox\venv\Lib\site-packages\httpx\_client.py:1014: in _send_single_request
    response = transport.handle_request(request)
               ^^^^^^^^^^^^^^^^^^^^^^^^^^^^^^^^^
..\..\..\sdlc_sandbox\venv\Lib\site-packages\starlette\testclient.py:356: in handle_request
    raise exc
..\..\..\sdlc_sandbox\venv\Lib\site-packages\starlette\testclient.py:353: in handle_request
    portal.call(self.app, scope, receive, send)
..\..\..\sdlc_sandbox\venv\Lib\site-packages\anyio\from_thread.py:338: in call
    return cast(T_Retval, self.start_task_soon(func, *args).result())
                          ^^^^^^^^^^^^^^^^^^^^^^^^^^^^^^^^^^^^^^^^^^
..\..\..\..\..\Roaming\uv\python\cpython-3.13.9-windows-x86_64-none\Lib\concurrent\futures\_base.py:456: in result
    return self.__get_result()
           ^^^^^^^^^^^^^^^^^^^
..\..\..\..\..\Roaming\uv\python\cpython-3.13.9-windows-x86_64-none\Lib\concurrent\futures\_base.py:401: in __get_result
    raise self._exception
..\..\..\sdlc_sandbox\venv\Lib\site-packages\anyio\from_thread.py:263: in _call_func
    retval = await retval_or_awaitable
             ^^^^^^^^^^^^^^^^^^^^^^^^^
..\..\..\sdlc_sandbox\venv\Lib\site-packages\fastapi\applications.py:1163: in __call__
    await super().__call__(scope, receive, send)
..\..\..\sdlc_sandbox\venv\Lib\site-packages\starlette\applications.py:90: in __call__
    await self.middleware_stack(scope, receive, send)
..\..\..\sdlc_sandbox\venv\Lib\site-packages\starlette\middleware\errors.py:186: in __call__
    raise exc
..\..\..\sdlc_sandbox\venv\Lib\site-packages\starlette\middleware\errors.py:164: in __call__
    await self.app(scope, receive, _send)
..\..\..\sdlc_sandbox\venv\Lib\site-packages\starlette\middleware\cors.py:88: in __call__
    await self.app(scope, receive, send)
..\..\..\sdlc_sandbox\venv\Lib\site-packages\starlette\middleware\exceptions.py:63: in __call__
    await wrap_app_handling_exceptions(self.app, conn)(scope, receive, send)
..\..\..\sdlc_sandbox\venv\Lib\site-packages\starlette\_exception_handler.py:53: in wrapped_app
    raise exc
..\..\..\sdlc_sandbox\venv\Lib\site-packages\starlette\_exception_handler.py:42: in wrapped_app
    await app(scope, receive, sender)
..\..\..\sdlc_sandbox\venv\Lib\site-packages\fastapi\middleware\asyncexitstack.py:18: in __call__
    await self.app(scope, receive, send)
..\..\..\sdlc_sandbox\venv\Lib\site-packages\starlette\routing.py:660: in __call__
    await self.middleware_stack(scope, receive, send)
..\..\..\sdlc_sandbox\venv\Lib\site-packages\fastapi\routing.py:2689: in app
    await route.handle(scope, receive, send)
..\..\..\sdlc_sandbox\venv\Lib\site-packages\fastapi\routing.py:1770: in handle
    await self.original_router.handle(scope, receive, send)
..\..\..\sdlc_sandbox\venv\Lib\site-packages\fastapi\routing.py:2744: in handle
    await included_router._handle_selected(scope, receive, send)
..\..\..\sdlc_sandbox\venv\Lib\site-packages\fastapi\routing.py:1790: in _handle_selected
    await original_route.handle(scope, receive, send)
..\..\..\sdlc_sandbox\venv\Lib\site-packages\fastapi\routing.py:1270: in handle
    await app(scope, receive, send)
..\..\..\sdlc_sandbox\venv\Lib\site-packages\fastapi\routing.py:156: in app
    await wrap_app_handling_exceptions(app, request)(scope, receive, send)
..\..\..\sdlc_sandbox\venv\Lib\site-packages\starlette\_exception_handler.py:53: in wrapped_app
    raise exc
..\..\..\sdlc_sandbox\venv\Lib\site-packages\starlette\_exception_handler.py:42: in wrapped_app
    await app(scope, receive, sender)
..\..\..\sdlc_sandbox\venv\Lib\site-packages\fastapi\routing.py:142: in app
    response = await f(request)
               ^^^^^^^^^^^^^^^^
..\..\..\sdlc_sandbox\venv\Lib\site-packages\fastapi\routing.py:698: in app
    raw_response = await run_endpoint_function(
..\..\..\sdlc_sandbox\venv\Lib\site-packages\fastapi\routing.py:352: in run_endpoint_function
    return await run_in_threadpool(dependant.call, **values)
           ^^^^^^^^^^^^^^^^^^^^^^^^^^^^^^^^^^^^^^^^^^^^^^^^^
..\..\..\sdlc_sandbox\venv\Lib\site-packages\starlette\concurrency.py:34: in run_in_threadpool
    return await anyio.to_thread.run_sync(func)
           ^^^^^^^^^^^^^^^^^^^^^^^^^^^^^^^^^^^^
..\..\..\sdlc_sandbox\venv\Lib\site-packages\anyio\to_thread.py:65: in run_sync
    return await get_async_backend().run_sync_in_worker_thread(
..\..\..\sdlc_sandbox\venv\Lib\site-packages\anyio\_backends\_asyncio.py:2641: in run_sync_in_worker_thread
    return await future
           ^^^^^^^^^^^^
..\..\..\sdlc_sandbox\venv\Lib\site-packages\anyio\_backends\_asyncio.py:1033: in run
    result = context.run(func, *args)
             ^^^^^^^^^^^^^^^^^^^^^^^^
server\routers\auth.py:68: in dummy_login
    db_user = db.query(User).filter(User.email == username).first()
              ^^^^^^^^^^^^^^^^^^^^^^^^^^^^^^^^^^^^^^^^^^^^^^^^^^^^^
..\..\..\sdlc_sandbox\venv\Lib\site-packages\sqlalchemy\orm\query.py:2766: in first
    return self.limit(1)._iter().first()  # type: ignore
           ^^^^^^^^^^^^^^^^^^^^^
..\..\..\sdlc_sandbox\venv\Lib\site-packages\sqlalchemy\orm\query.py:2864: in _iter
    result: Union[ScalarResult[_T], Result[_T]] = self.session.execute(
..\..\..\sdlc_sandbox\venv\Lib\site-packages\sqlalchemy\orm\session.py:2373: in execute
    return self._execute_internal(
..\..\..\sdlc_sandbox\venv\Lib\site-packages\sqlalchemy\orm\session.py:2271: in _execute_internal
    result: Result[Any] = compile_state_cls.orm_execute_statement(
..\..\..\sdlc_sandbox\venv\Lib\site-packages\sqlalchemy\orm\context.py:306: in orm_execute_statement
    result = conn.execute(
..\..\..\sdlc_sandbox\venv\Lib\site-packages\sqlalchemy\engine\base.py:1421: in execute
    return meth(
..\..\..\sdlc_sandbox\venv\Lib\site-packages\sqlalchemy\sql\elements.py:526: in _execute_on_connection
    return connection._execute_clauseelement(
..\..\..\sdlc_sandbox\venv\Lib\site-packages\sqlalchemy\engine\base.py:1643: in _execute_clauseelement
    ret = self._execute_context(
..\..\..\sdlc_sandbox\venv\Lib\site-packages\sqlalchemy\engine\base.py:1848: in _execute_context
    return self._exec_single_context(
..\..\..\sdlc_sandbox\venv\Lib\site-packages\sqlalchemy\engine\base.py:1988: in _exec_single_context
    self._handle_dbapi_exception(
..\..\..\sdlc_sandbox\venv\Lib\site-packages\sqlalchemy\engine\base.py:2365: in _handle_dbapi_exception
    raise sqlalchemy_exception.with_traceback(exc_info[2]) from e
..\..\..\sdlc_sandbox\venv\Lib\site-packages\sqlalchemy\engine\base.py:1969: in _exec_single_context
    self.dialect.do_execute(
_ _ _ _ _ _ _ _ _ _ _ _ _ _ _ _ _ _ _ _ _ _ _ _ _ _ _ _ _ _ _ _ _ _ _ _ _ _ _ _

self = <sqlalchemy.dialects.sqlite.pysqlite.SQLiteDialect_pysqlite object at 0x000002221D3F4550>
cursor = <sqlite3.Cursor object at 0x000002221E831D40>
statement = 'SELECT users.id AS users_id, users.email AS users_email, users.hashed_password AS users_hashed_password, users.role A...fied AS users_email_verified, users.disabled AS users_disabled \nFROM users \nWHERE users.email = ?\n LIMIT ? OFFSET ?'
parameters = ('test@example.com', 1, 0)
context = <sqlalchemy.dialects.sqlite.base.SQLiteExecutionContext object at 0x000002221DE60670>

    def do_execute(self, cursor, statement, parameters, context=None):
>       cursor.execute(statement, parameters)
E       sqlalchemy.exc.OperationalError: (sqlite3.OperationalError) no such table: users
E       [SQL: SELECT users.id AS users_id, users.email AS users_email, users.hashed_password AS users_hashed_password, users.role AS users_role, users.is_active AS users_is_active, users.is_verified AS users_is_verified, users.email_verified AS users_email_verified, users.disabled AS users_disabled 
E       FROM users 
E       WHERE users.email = ?
E        LIMIT ? OFFSET ?]
E       [parameters: ('test@example.com', 1, 0)]
E       (Background on this error at: https://sqlalche.me/e/20/e3q8)

..\..\..\sdlc_sandbox\venv\Lib\site-packages\sqlalchemy\engine\default.py:952: OperationalError
____________________ test_submit_payment_duplicate_warning ____________________

self = <sqlalchemy.engine.base.Connection object at 0x000002221D72C110>
dialect = <sqlalchemy.dialects.sqlite.pysqlite.SQLiteDialect_pysqlite object at 0x000002221D3F4550>
context = <sqlalchemy.dialects.sqlite.base.SQLiteExecutionContext object at 0x000002221D493070>
statement = <sqlalchemy.dialects.sqlite.base.SQLiteCompiler object at 0x000002221D4D2FD0>
parameters = [('test@example.com', 1, 0)]

    def _exec_single_context(
        self,
        dialect: Dialect,
        context: ExecutionContext,
        statement: Union[str, Compiled],
        parameters: Optional[_AnyMultiExecuteParams],
    ) -> CursorResult[Any]:
        """continue the _execute_context() method for a single DBAPI
        cursor.execute() or cursor.executemany() call.
    
        """
        if dialect.bind_typing is BindTyping.SETINPUTSIZES:
            generic_setinputsizes = context._prepare_set_input_sizes()
    
            if generic_setinputsizes:
                try:
                    dialect.do_set_input_sizes(
                        context.cursor, generic_setinputsizes, context
                    )
                except BaseException as e:
                    self._handle_dbapi_exception(
                        e, str(statement), parameters, None, context
                    )
    
        cursor, str_statement, parameters = (
            context.cursor,
            context.statement,
            context.parameters,
        )
    
        effective_parameters: Optional[_AnyExecuteParams]
    
        if not context.executemany:
            effective_parameters = parameters[0]
        else:
            effective_parameters = parameters
    
        if self._has_events or self.engine._has_events:
            for fn in self.dispatch.before_cursor_execute:
                str_statement, effective_parameters = fn(
                    self,
                    cursor,
                    str_statement,
                    effective_parameters,
                    context,
                    context.executemany,
                )
    
        if self._echo:
            self._log_info(str_statement)
    
            stats = context._get_cache_stats()
    
            if not self.engine.hide_parameters:
                self._log_info(
                    "[%s] %r",
                    stats,
                    sql_util._repr_params(
                        effective_parameters,
                        batches=10,
                        ismulti=context.executemany,
                    ),
                )
            else:
                self._log_info(
                    "[%s] [SQL parameters hidden due to hide_parameters=True]",
                    stats,
                )
    
        evt_handled: bool = False
        try:
            if context.execute_style is ExecuteStyle.EXECUTEMANY:
                effective_parameters = cast(
                    "_CoreMultiExecuteParams", effective_parameters
                )
                if self.dialect._has_events:
                    for fn in self.dialect.dispatch.do_executemany:
                        if fn(
                            cursor,
                            str_statement,
                            effective_parameters,
                            context,
                        ):
                            evt_handled = True
                            break
                if not evt_handled:
                    self.dialect.do_executemany(
                        cursor,
                        str_statement,
                        effective_parameters,
                        context,
                    )
            elif not effective_parameters and context.no_parameters:
                if self.dialect._has_events:
                    for fn in self.dialect.dispatch.do_execute_no_params:
                        if fn(cursor, str_statement, context):
                            evt_handled = True
                            break
                if not evt_handled:
                    self.dialect.do_execute_no_params(
                        cursor, str_statement, context
                    )
            else:
                effective_parameters = cast(
                    "_CoreSingleExecuteParams", effective_parameters
                )
                if self.dialect._has_events:
                    for fn in self.dialect.dispatch.do_execute:
                        if fn(
                            cursor,
                            str_statement,
                            effective_parameters,
                            context,
                        ):
                            evt_handled = True
                            break
                if not evt_handled:
>                   self.dialect.do_execute(
                        cursor, str_statement, effective_parameters, context
                    )

..\..\..\sdlc_sandbox\venv\Lib\site-packages\sqlalchemy\engine\base.py:1969: 
_ _ _ _ _ _ _ _ _ _ _ _ _ _ _ _ _ _ _ _ _ _ _ _ _ _ _ _ _ _ _ _ _ _ _ _ _ _ _ _

self = <sqlalchemy.dialects.sqlite.pysqlite.SQLiteDialect_pysqlite object at 0x000002221D3F4550>
cursor = <sqlite3.Cursor object at 0x000002221D99BA40>
statement = 'SELECT users.id AS users_id, users.email AS users_email, users.hashed_password AS users_hashed_password, users.role A...fied AS users_email_verified, users.disabled AS users_disabled \nFROM users \nWHERE users.email = ?\n LIMIT ? OFFSET ?'
parameters = ('test@example.com', 1, 0)
context = <sqlalchemy.dialects.sqlite.base.SQLiteExecutionContext object at 0x000002221D493070>

    def do_execute(self, cursor, statement, parameters, context=None):
>       cursor.execute(statement, parameters)
E       sqlite3.OperationalError: no such table: users

..\..\..\sdlc_sandbox\venv\Lib\site-packages\sqlalchemy\engine\default.py:952: OperationalError

The above exception was the direct cause of the following exception:

client = <starlette.testclient.TestClient object at 0x000002221F7CD150>

    def test_submit_payment_duplicate_warning(client: TestClient):
        # AC 8: Edge case: duplicate payment warning
>       headers = get_auth_headers(client)
                  ^^^^^^^^^^^^^^^^^^^^^^^^

server\tests\test_mortgage.py:242: 
_ _ _ _ _ _ _ _ _ _ _ _ _ _ _ _ _ _ _ _ _ _ _ _ _ _ _ _ _ _ _ _ _ _ _ _ _ _ _ _
server\tests\test_mortgage.py:8: in get_auth_headers
    response = client.post(
..\..\..\sdlc_sandbox\venv\Lib\site-packages\starlette\testclient.py:555: in post
    return super().post(
..\..\..\sdlc_sandbox\venv\Lib\site-packages\httpx\_client.py:1144: in post
    return self.request(
..\..\..\sdlc_sandbox\venv\Lib\site-packages\starlette\testclient.py:454: in request
    return super().request(
..\..\..\sdlc_sandbox\venv\Lib\site-packages\httpx\_client.py:825: in request
    return self.send(request, auth=auth, follow_redirects=follow_redirects)
           ^^^^^^^^^^^^^^^^^^^^^^^^^^^^^^^^^^^^^^^^^^^^^^^^^^^^^^^^^^^^^^^^
..\..\..\sdlc_sandbox\venv\Lib\site-packages\httpx\_client.py:914: in send
    response = self._send_handling_auth(
..\..\..\sdlc_sandbox\venv\Lib\site-packages\httpx\_client.py:942: in _send_handling_auth
    response = self._send_handling_redirects(
..\..\..\sdlc_sandbox\venv\Lib\site-packages\httpx\_client.py:979: in _send_handling_redirects
    response = self._send_single_request(request)
               ^^^^^^^^^^^^^^^^^^^^^^^^^^^^^^^^^^
..\..\..\sdlc_sandbox\venv\Lib\site-packages\httpx\_client.py:1014: in _send_single_request
    response = transport.handle_request(request)
               ^^^^^^^^^^^^^^^^^^^^^^^^^^^^^^^^^
..\..\..\sdlc_sandbox\venv\Lib\site-packages\starlette\testclient.py:356: in handle_request
    raise exc
..\..\..\sdlc_sandbox\venv\Lib\site-packages\starlette\testclient.py:353: in handle_request
    portal.call(self.app, scope, receive, send)
..\..\..\sdlc_sandbox\venv\Lib\site-packages\anyio\from_thread.py:338: in call
    return cast(T_Retval, self.start_task_soon(func, *args).result())
                          ^^^^^^^^^^^^^^^^^^^^^^^^^^^^^^^^^^^^^^^^^^
..\..\..\..\..\Roaming\uv\python\cpython-3.13.9-windows-x86_64-none\Lib\concurrent\futures\_base.py:456: in result
    return self.__get_result()
           ^^^^^^^^^^^^^^^^^^^
..\..\..\..\..\Roaming\uv\python\cpython-3.13.9-windows-x86_64-none\Lib\concurrent\futures\_base.py:401: in __get_result
    raise self._exception
..\..\..\sdlc_sandbox\venv\Lib\site-packages\anyio\from_thread.py:263: in _call_func
    retval = await retval_or_awaitable
             ^^^^^^^^^^^^^^^^^^^^^^^^^
..\..\..\sdlc_sandbox\venv\Lib\site-packages\fastapi\applications.py:1163: in __call__
    await super().__call__(scope, receive, send)
..\..\..\sdlc_sandbox\venv\Lib\site-packages\starlette\applications.py:90: in __call__
    await self.middleware_stack(scope, receive, send)
..\..\..\sdlc_sandbox\venv\Lib\site-packages\starlette\middleware\errors.py:186: in __call__
    raise exc
..\..\..\sdlc_sandbox\venv\Lib\site-packages\starlette\middleware\errors.py:164: in __call__
    await self.app(scope, receive, _send)
..\..\..\sdlc_sandbox\venv\Lib\site-packages\starlette\middleware\cors.py:88: in __call__
    await self.app(scope, receive, send)
..\..\..\sdlc_sandbox\venv\Lib\site-packages\starlette\middleware\exceptions.py:63: in __call__
    await wrap_app_handling_exceptions(self.app, conn)(scope, receive, send)
..\..\..\sdlc_sandbox\venv\Lib\site-packages\starlette\_exception_handler.py:53: in wrapped_app
    raise exc
..\..\..\sdlc_sandbox\venv\Lib\site-packages\starlette\_exception_handler.py:42: in wrapped_app
    await app(scope, receive, sender)
..\..\..\sdlc_sandbox\venv\Lib\site-packages\fastapi\middleware\asyncexitstack.py:18: in __call__
    await self.app(scope, receive, send)
..\..\..\sdlc_sandbox\venv\Lib\site-packages\starlette\routing.py:660: in __call__
    await self.middleware_stack(scope, receive, send)
..\..\..\sdlc_sandbox\venv\Lib\site-packages\fastapi\routing.py:2689: in app
    await route.handle(scope, receive, send)
..\..\..\sdlc_sandbox\venv\Lib\site-packages\fastapi\routing.py:1770: in handle
    await self.original_router.handle(scope, receive, send)
..\..\..\sdlc_sandbox\venv\Lib\site-packages\fastapi\routing.py:2744: in handle
    await included_router._handle_selected(scope, receive, send)
..\..\..\sdlc_sandbox\venv\Lib\site-packages\fastapi\routing.py:1790: in _handle_selected
    await original_route.handle(scope, receive, send)
..\..\..\sdlc_sandbox\venv\Lib\site-packages\fastapi\routing.py:1270: in handle
    await app(scope, receive, send)
..\..\..\sdlc_sandbox\venv\Lib\site-packages\fastapi\routing.py:156: in app
    await wrap_app_handling_exceptions(app, request)(scope, receive, send)
..\..\..\sdlc_sandbox\venv\Lib\site-packages\starlette\_exception_handler.py:53: in wrapped_app
    raise exc
..\..\..\sdlc_sandbox\venv\Lib\site-packages\starlette\_exception_handler.py:42: in wrapped_app
    await app(scope, receive, sender)
..\..\..\sdlc_sandbox\venv\Lib\site-packages\fastapi\routing.py:142: in app
    response = await f(request)
               ^^^^^^^^^^^^^^^^
..\..\..\sdlc_sandbox\venv\Lib\site-packages\fastapi\routing.py:698: in app
    raw_response = await run_endpoint_function(
..\..\..\sdlc_sandbox\venv\Lib\site-packages\fastapi\routing.py:352: in run_endpoint_function
    return await run_in_threadpool(dependant.call, **values)
           ^^^^^^^^^^^^^^^^^^^^^^^^^^^^^^^^^^^^^^^^^^^^^^^^^
..\..\..\sdlc_sandbox\venv\Lib\site-packages\starlette\concurrency.py:34: in run_in_threadpool
    return await anyio.to_thread.run_sync(func)
           ^^^^^^^^^^^^^^^^^^^^^^^^^^^^^^^^^^^^
..\..\..\sdlc_sandbox\venv\Lib\site-packages\anyio\to_thread.py:65: in run_sync
    return await get_async_backend().run_sync_in_worker_thread(
..\..\..\sdlc_sandbox\venv\Lib\site-packages\anyio\_backends\_asyncio.py:2641: in run_sync_in_worker_thread
    return await future
           ^^^^^^^^^^^^
..\..\..\sdlc_sandbox\venv\Lib\site-packages\anyio\_backends\_asyncio.py:1033: in run
    result = context.run(func, *args)
             ^^^^^^^^^^^^^^^^^^^^^^^^
server\routers\auth.py:68: in dummy_login
    db_user = db.query(User).filter(User.email == username).first()
              ^^^^^^^^^^^^^^^^^^^^^^^^^^^^^^^^^^^^^^^^^^^^^^^^^^^^^
..\..\..\sdlc_sandbox\venv\Lib\site-packages\sqlalchemy\orm\query.py:2766: in first
    return self.limit(1)._iter().first()  # type: ignore
           ^^^^^^^^^^^^^^^^^^^^^
..\..\..\sdlc_sandbox\venv\Lib\site-packages\sqlalchemy\orm\query.py:2864: in _iter
    result: Union[ScalarResult[_T], Result[_T]] = self.session.execute(
..\..\..\sdlc_sandbox\venv\Lib\site-packages\sqlalchemy\orm\session.py:2373: in execute
    return self._execute_internal(
..\..\..\sdlc_sandbox\venv\Lib\site-packages\sqlalchemy\orm\session.py:2271: in _execute_internal
    result: Result[Any] = compile_state_cls.orm_execute_statement(
..\..\..\sdlc_sandbox\venv\Lib\site-packages\sqlalchemy\orm\context.py:306: in orm_execute_statement
    result = conn.execute(
..\..\..\sdlc_sandbox\venv\Lib\site-packages\sqlalchemy\engine\base.py:1421: in execute
    return meth(
..\..\..\sdlc_sandbox\venv\Lib\site-packages\sqlalchemy\sql\elements.py:526: in _execute_on_connection
    return connection._execute_clauseelement(
..\..\..\sdlc_sandbox\venv\Lib\site-packages\sqlalchemy\engine\base.py:1643: in _execute_clauseelement
    ret = self._execute_context(
..\..\..\sdlc_sandbox\venv\Lib\site-packages\sqlalchemy\engine\base.py:1848: in _execute_context
    return self._exec_single_context(
..\..\..\sdlc_sandbox\venv\Lib\site-packages\sqlalchemy\engine\base.py:1988: in _exec_single_context
    self._handle_dbapi_exception(
..\..\..\sdlc_sandbox\venv\Lib\site-packages\sqlalchemy\engine\base.py:2365: in _handle_dbapi_exception
    raise sqlalchemy_exception.with_traceback(exc_info[2]) from e
..\..\..\sdlc_sandbox\venv\Lib\site-packages\sqlalchemy\engine\base.py:1969: in _exec_single_context
    self.dialect.do_execute(
_ _ _ _ _ _ _ _ _ _ _ _ _ _ _ _ _ _ _ _ _ _ _ _ _ _ _ _ _ _ _ _ _ _ _ _ _ _ _ _

self = <sqlalchemy.dialects.sqlite.pysqlite.SQLiteDialect_pysqlite object at 0x000002221D3F4550>
cursor = <sqlite3.Cursor object at 0x000002221D99BA40>
statement = 'SELECT users.id AS users_id, users.email AS users_email, users.hashed_password AS users_hashed_password, users.role A...fied AS users_email_verified, users.disabled AS users_disabled \nFROM users \nWHERE users.email = ?\n LIMIT ? OFFSET ?'
parameters = ('test@example.com', 1, 0)
context = <sqlalchemy.dialects.sqlite.base.SQLiteExecutionContext object at 0x000002221D493070>

    def do_execute(self, cursor, statement, parameters, context=None):
>       cursor.execute(statement, parameters)
E       sqlalchemy.exc.OperationalError: (sqlite3.OperationalError) no such table: users
E       [SQL: SELECT users.id AS users_id, users.email AS users_email, users.hashed_password AS users_hashed_password, users.role AS users_role, users.is_active AS users_is_active, users.is_verified AS users_is_verified, users.email_verified AS users_email_verified, users.disabled AS users_disabled 
E       FROM users 
E       WHERE users.email = ?
E        LIMIT ? OFFSET ?]
E       [parameters: ('test@example.com', 1, 0)]
E       (Background on this error at: https://sqlalche.me/e/20/e3q8)

..\..\..\sdlc_sandbox\venv\Lib\site-packages\sqlalchemy\engine\default.py:952: OperationalError
=========================== short test summary info ===========================
FAILED server/tests/test_auth.py::test_dummy_login_success_with_testuser - sqlalchemy.exc.OperationalError: (sqlite3.OperationalError) no such table: users
[SQL: SELECT users.id AS users_id, users.email AS users_email, users.hashed_password AS users_hashed_password, users.role AS users_role, users.is_active AS users_is_active, users.is_verified AS users_is_verified, users.email_verified AS users_email_verified, users.disabled AS users_disabled 
FROM users 
WHERE users.email = ?
 LIMIT ? OFFSET ?]
[parameters: ('test@example.com', 1, 0)]
(Background on this error at: https://sqlalche.me/e/20/e3q8)
FAILED server/tests/test_auth.py::test_dummy_login_success_with_seeded_user - sqlalchemy.exc.OperationalError: (sqlite3.OperationalError) no such table: users
[SQL: SELECT users.id AS users_id, users.email AS users_email, users.hashed_password AS users_hashed_password, users.role AS users_role, users.is_active AS users_is_active, users.is_verified AS users_is_verified, users.email_verified AS users_email_verified, users.disabled AS users_disabled 
FROM users 
WHERE users.email = ?
 LIMIT ? OFFSET ?]
[parameters: ('test@example.com', 1, 0)]
(Background on this error at: https://sqlalche.me/e/20/e3q8)
FAILED server/tests/test_auth.py::test_dummy_login_failure_invalid_credentials - sqlalchemy.exc.OperationalError: (sqlite3.OperationalError) no such table: users
[SQL: SELECT users.id AS users_id, users.email AS users_email, users.hashed_password AS users_hashed_password, users.role AS users_role, users.is_active AS users_is_active, users.is_verified AS users_is_verified, users.email_verified AS users_email_verified, users.disabled AS users_disabled 
FROM users 
WHERE users.email = ?
 LIMIT ? OFFSET ?]
[parameters: ('test@example.com', 1, 0)]
(Background on this error at: https://sqlalche.me/e/20/e3q8)
FAILED server/tests/test_mortgage.py::test_get_mortgage_details - sqlalchemy.exc.OperationalError: (sqlite3.OperationalError) no such table: users
[SQL: SELECT users.id AS users_id, users.email AS users_email, users.hashed_password AS users_hashed_password, users.role AS users_role, users.is_active AS users_is_active, users.is_verified AS users_is_verified, users.email_verified AS users_email_verified, users.disabled AS users_disabled 
FROM users 
WHERE users.email = ?
 LIMIT ? OFFSET ?]
[parameters: ('test@example.com', 1, 0)]
(Background on this error at: https://sqlalche.me/e/20/e3q8)
FAILED server/tests/test_mortgage.py::test_get_funding_accounts - sqlalchemy.exc.OperationalError: (sqlite3.OperationalError) no such table: users
[SQL: SELECT users.id AS users_id, users.email AS users_email, users.hashed_password AS users_hashed_password, users.role AS users_role, users.is_active AS users_is_active, users.is_verified AS users_is_verified, users.email_verified AS users_email_verified, users.disabled AS users_disabled 
FROM users 
WHERE users.email = ?
 LIMIT ? OFFSET ?]
[parameters: ('test@example.com', 1, 0)]
(Background on this error at: https://sqlalche.me/e/20/e3q8)
FAILED server/tests/test_mortgage.py::test_validate_account_balance_success - sqlalchemy.exc.OperationalError: (sqlite3.OperationalError) no such table: users
[SQL: SELECT users.id AS users_id, users.email AS users_email, users.hashed_password AS users_hashed_password, users.role AS users_role, users.is_active AS users_is_active, users.is_verified AS users_is_verified, users.email_verified AS users_email_verified, users.disabled AS users_disabled 
FROM users 
WHERE users.email = ?
 LIMIT ? OFFSET ?]
[parameters: ('test@example.com', 1, 0)]
(Background on this error at: https://sqlalche.me/e/20/e3q8)
FAILED server/tests/test_mortgage.py::test_validate_account_balance_insufficient - sqlalchemy.exc.OperationalError: (sqlite3.OperationalError) no such table: users
[SQL: SELECT users.id AS users_id, users.email AS users_email, users.hashed_password AS users_hashed_password, users.role AS users_role, users.is_active AS users_is_active, users.is_verified AS users_is_verified, users.email_verified AS users_email_verified, users.disabled AS users_disabled 
FROM users 
WHERE users.email = ?
 LIMIT ? OFFSET ?]
[parameters: ('test@example.com', 1, 0)]
(Background on this error at: https://sqlalche.me/e/20/e3q8)
FAILED server/tests/test_mortgage.py::test_submit_payment_success - sqlalchemy.exc.OperationalError: (sqlite3.OperationalError) no such table: users
[SQL: SELECT users.id AS users_id, users.email AS users_email, users.hashed_password AS users_hashed_password, users.role AS users_role, users.is_active AS users_is_active, users.is_verified AS users_is_verified, users.email_verified AS users_email_verified, users.disabled AS users_disabled 
FROM users 
WHERE users.email = ?
 LIMIT ? OFFSET ?]
[parameters: ('test@example.com', 1, 0)]
(Background on this error at: https://sqlalche.me/e/20/e3q8)
FAILED server/tests/test_mortgage.py::test_submit_payment_updates_balance - sqlalchemy.exc.OperationalError: (sqlite3.OperationalError) no such table: users
[SQL: SELECT users.id AS users_id, users.email AS users_email, users.hashed_password AS users_hashed_password, users.role AS users_role, users.is_active AS users_is_active, users.is_verified AS users_is_verified, users.email_verified AS users_email_verified, users.disabled AS users_disabled 
FROM users 
WHERE users.email = ?
 LIMIT ? OFFSET ?]
[parameters: ('test@example.com', 1, 0)]
(Background on this error at: https://sqlalche.me/e/20/e3q8)
FAILED server/tests/test_mortgage.py::test_get_payment_receipt - sqlalchemy.exc.OperationalError: (sqlite3.OperationalError) no such table: users
[SQL: SELECT users.id AS users_id, users.email AS users_email, users.hashed_password AS users_hashed_password, users.role AS users_role, users.is_active AS users_is_active, users.is_verified AS users_is_verified, users.email_verified AS users_email_verified, users.disabled AS users_disabled 
FROM users 
WHERE users.email = ?
 LIMIT ? OFFSET ?]
[parameters: ('test@example.com', 1, 0)]
(Background on this error at: https://sqlalche.me/e/20/e3q8)
FAILED server/tests/test_mortgage.py::test_get_scheduled_payments - sqlalchemy.exc.OperationalError: (sqlite3.OperationalError) no such table: users
[SQL: SELECT users.id AS users_id, users.email AS users_email, users.hashed_password AS users_hashed_password, users.role AS users_role, users.is_active AS users_is_active, users.is_verified AS users_is_verified, users.email_verified AS users_email_verified, users.disabled AS users_disabled 
FROM users 
WHERE users.email = ?
 LIMIT ? OFFSET ?]
[parameters: ('test@example.com', 1, 0)]
(Background on this error at: https://sqlalche.me/e/20/e3q8)
FAILED server/tests/test_mortgage.py::test_submit_payment_insufficient_funds - sqlalchemy.exc.OperationalError: (sqlite3.OperationalError) no such table: users
[SQL: SELECT users.id AS users_id, users.email AS users_email, users.hashed_password AS users_hashed_password, users.role AS users_role, users.is_active AS users_is_active, users.is_verified AS users_is_verified, users.email_verified AS users_email_verified, users.disabled AS users_disabled 
FROM users 
WHERE users.email = ?
 LIMIT ? OFFSET ?]
[parameters: ('test@example.com', 1, 0)]
(Background on this error at: https://sqlalche.me/e/20/e3q8)
FAILED server/tests/test_mortgage.py::test_submit_payment_fiserv_timeout - sqlalchemy.exc.OperationalError: (sqlite3.OperationalError) no such table: users
[SQL: SELECT users.id AS users_id, users.email AS users_email, users.hashed_password AS users_hashed_password, users.role AS users_role, users.is_active AS users_is_active, users.is_verified AS users_is_verified, users.email_verified AS users_email_verified, users.disabled AS users_disabled 
FROM users 
WHERE users.email = ?
 LIMIT ? OFFSET ?]
[parameters: ('test@example.com', 1, 0)]
(Background on this error at: https://sqlalche.me/e/20/e3q8)
FAILED server/tests/test_mortgage.py::test_submit_payment_cenlar_rejection - sqlalchemy.exc.OperationalError: (sqlite3.OperationalError) no such table: users
[SQL: SELECT users.id AS users_id, users.email AS users_email, users.hashed_password AS users_hashed_password, users.role AS users_role, users.is_active AS users_is_active, users.is_verified AS users_is_verified, users.email_verified AS users_email_verified, users.disabled AS users_disabled 
FROM users 
WHERE users.email = ?
 LIMIT ? OFFSET ?]
[parameters: ('test@example.com', 1, 0)]
(Background on this error at: https://sqlalche.me/e/20/e3q8)
FAILED server/tests/test_mortgage.py::test_submit_payment_duplicate_warning - sqlalchemy.exc.OperationalError: (sqlite3.OperationalError) no such table: users
[SQL: SELECT users.id AS users_id, users.email AS users_email, users.hashed_password AS users_hashed_password, users.role AS users_role, users.is_active AS users_is_active, users.is_verified AS users_is_verified, users.email_verified AS users_email_verified, users.disabled AS users_disabled 
FROM users 
WHERE users.email = ?
 LIMIT ? OFFSET ?]
[parameters: ('test@example.com', 1, 0)]
(Background on this error at: https://sqlalche.me/e/20/e3q8)
======================= 15 failed, 12 passed in 37.50s ========================
